2026-08-11 09:32:34,273 INFO EJECUCION call -> ATM real 773C (precio 773.39)
2026-08-11 09:32:34,463 INFO EJECUCION put -> ATM real 773P (precio 773.39)
2026-08-11 09:33:12,777 INFO WALLS spot=773.54 PW=773.00 CW=775.00 magneto est=772.00/din=773.00 peso=773.50 | GEX=+102.811Bn regime=LONG flip=775.02 | faltan OI=0 greeks=0 de 40 | frescura: gamma cambiaron=40/40 ult_tick=2026-08-11 13:33:12.728855+00:00
2026-08-11 09:33:12,777 INFO WALLS detalle por strike: 765C:OI=784.00,g=0.02,net=+0 | 765P:OI=11907.00,g=0.02,net=-19644 | 766C:OI=873.00,g=0.02,net=+0 | 766P:OI=5035.00,g=0.02,net=+15824 | 767C:OI=1633.00,g=0.03,net=+0 | 767P:OI=6107.00,g=0.03,net=-17690 | 768C:OI=978.00,g=0.04,net=+0 | 768P:OI=4474.00,g=0.04,net=+76995 | 769C:OI=1723.00,g=0.05,net=+0 | 769P:OI=5507.00,g=0.05,net=-37340 | 770C:OI=6182.00,g=0.07,net=-71040 | 770P:OI=12729.00,g=0.07,net=+233058 | 771C:OI=4384.00,g=0.09,net=+0 | 771P:OI=6252.00,g=0.09,net=-171120 | 772C:OI=4158.00,g=0.11,net=+181252 | 772P:OI=9389.00,g=0.11,net=-373660 | 773C:OI=12230.00,g=0.12,net=+493280 | 773P:OI=11080.00,g=0.12,net=-989040 | 774C:OI=7748.00,g=0.12,net=+849378 | 774P:OI=4050.00,g=0.12,net=+0 | 775C:OI=13318.00,g=0.11,net=+466884 | 775P:OI=1516.00,g=0.11,net=+388512 | 776C:OI=7556.00,g=0.09,net=+205920 | 776P:OI=816.00,g=0.09,net=+0 | 777C:OI=7461.00,g=0.07,net=-93072 | 777P:OI=1055.00,g=0.07,net=+0 | 778C:OI=6002.00,g=0.04,net=+27586 | 778P:OI=442.00,g=0.04,net=+0 | 779C:OI=4817.00,g=0.03,net=-15533 | 779P:OI=328.00,g=0.03,net=+0 | 780C:OI=8223.00,g=0.02,net=+12560 | 780P:OI=209.00,g=0.02,net=+0 | 781C:OI=3575.00,g=0.02,net=+1712 | 781P:OI=6.00,g=0.02,net=+0 | 782C:OI=3184.00,g=0.01,net=+3018 | 782P:OI=5.00,g=0.01,net=+0 | 783C:OI=2341.00,g=0.01,net=-520 | 783P:OI=15.00,g=0.01,net=+0 | 784C:OI=2248.00,g=0.01,net=+336 | 784P:OI=1.00,g=0.01,net=+0
2026-08-11 09:33:12,777 INFO WALLS GAP2: premium de los strikes de SENAL (773C, 774P) NO sumado aqui para evitar el doble conteo (lo lleva _on_ticks, por tick)
2026-08-11 09:33:14,862 INFO EJECUCION call -> ATM real 774C (precio 773.52)
2026-08-11 09:33:15,035 INFO EJECUCION put -> ATM real 774P (precio 773.52)
2026-08-11 09:33:35,226 INFO EJECUCION call -> ATM real 773C (precio 773.50)
2026-08-11 09:33:35,391 INFO EJECUCION put -> ATM real 773P (precio 773.50)
2026-08-11 09:33:38,431 INFO ALERTA WARN: posible GIRO a UP (09:33:38)
2026-08-11 09:33:38,433 INFO ALERTA FLIP: CAMBIO -> UP  (09:33:38)
2026-08-11 09:33:38,455 INFO GIRO -> UP (net_call=109502 net_put=69087 thr=26788)
2026-08-11 09:34:14,955 INFO ALERTA WARN: posible GIRO a DOWN (09:34:14)
2026-08-11 09:34:34,892 INFO ALERTA FLIP: CAMBIO -> DOWN  (09:34:34)
2026-08-11 09:34:34,918 INFO GIRO -> DOWN (net_call=77070 net_put=139933 thr=32550)
2026-08-11 09:35:00,085 INFO ORDEN BUY PUT x1 LIMIT MID @ 1.10 (comprometido=1)
2026-08-11 09:35:00,085 INFO TRADE BUY PUT x1 LIMIT MID @ 1.10
2026-08-11 09:35:02,105 INFO ORDEN estado - -> PendingSubmit (id=2134 filled=0.0 remaining=0.0)
2026-08-11 09:35:04,128 INFO CANCEL solicitado (id=2134) - no se recoloca hasta 10s
2026-08-11 09:35:05,140 INFO ALERTA WARN: posible GIRO a UP (09:35:05)
2026-08-11 09:35:06,132 INFO ORDEN estado PendingSubmit -> PendingCancel (id=2134 filled=0.0 remaining=0.0)
2026-08-11 09:35:06,132 INFO CANCEL solicitado (id=2134) - no se recoloca hasta 10s
2026-08-11 09:35:07,138 INFO IBKR code=10148 reqId=2134 OrderId 2134 that needs to be cancelled cannot be cancelled, state: PendingCancel.
2026-08-11 09:35:08,154 INFO ORDEN estado PendingCancel -> Cancelled (id=2134 filled=0.0 remaining=0.0)
2026-08-11 09:35:10,185 INFO ORDEN BUY PUT BLOQUEADA: solo han pasado 4.0s desde el cancel (minimo 10s). IBKR puede llenar una orden que ya reporto como cancelada.
2026-08-11 09:35:10,185 INFO TRADE esperando 6s a que IBKR confirme la cancelacion anterior
2026-08-11 09:35:12,058 INFO EXEC REAL BOT SPY   260811P00773000 x1 @ 1.10 (orderId=2134)
2026-08-11 09:35:12,217 INFO SYNC posicion REAL de IBKR=PUT x1 | la app creia FLAT x0 -> corregido
2026-08-11 09:35:12,217 INFO Entrada recuperada de IBKR (avgCost=111.04) -> 1.1104
2026-08-11 09:35:12,217 INFO TRADE ARMADO - en PUT 1, esperando giro a UP
2026-08-11 09:35:15,654 INFO ALERTA FLIP: CAMBIO -> UP  (09:35:15)
2026-08-11 09:35:15,669 INFO GIRO -> UP (net_call=155377 net_put=114776 thr=40523)
2026-08-11 09:35:16,289 INFO ORDEN SELL PUT x1 LIMIT MID @ 1.12 (comprometido=2)
2026-08-11 09:35:16,289 INFO TRADE SELL PUT x1 LIMIT MID @ 1.12
2026-08-11 09:35:17,519 INFO EXEC REAL SLD SPY   260811P00773000 x1 @ 1.12 (orderId=2135)
2026-08-11 09:35:18,321 INFO ORDEN estado - -> Filled (id=2135 filled=1.0 remaining=0.0)
2026-08-11 09:35:18,321 INFO FILL SELL PUT @ 1.12 -> pos=FLAT | PROFIT +0.96 (+0.9%)
2026-08-11 09:35:18,321 INFO TRADE SELL PUT LLENADO @ 1.12  Profit +0.96 (+0.9%)
2026-08-11 09:35:20,346 INFO TRADE 1 contrato(s) comprometido(s) (max 1) - NO se compra mas
2026-08-11 09:35:26,383 INFO Cupo de compra liberado (FLAT, sin ordenes vivas, 26s desde la ultima compra)
2026-08-11 09:35:26,383 INFO ORDEN BUY CALL x1 LIMIT MID @ 1.37 (comprometido=1)
2026-08-11 09:35:26,383 INFO TRADE BUY CALL x1 LIMIT MID @ 1.37
2026-08-11 09:35:28,407 INFO ORDEN estado Filled -> Submitted (id=2137 filled=0.0 remaining=1.0)
2026-08-11 09:35:30,418 INFO CANCEL solicitado (id=2137) - no se recoloca hasta 10s
2026-08-11 09:35:31,425 INFO IBKR code=202 reqId=2137 Order Canceled - reason:
2026-08-11 09:35:32,422 INFO ORDEN estado Submitted -> Cancelled (id=2137 filled=0.0 remaining=1.0)
2026-08-11 09:35:34,444 INFO ORDEN BUY CALL BLOQUEADA: solo han pasado 4.0s desde el cancel (minimo 10s). IBKR puede llenar una orden que ya reporto como cancelada.
2026-08-11 09:35:34,444 INFO TRADE esperando 6s a que IBKR confirme la cancelacion anterior
2026-08-11 09:35:36,454 INFO ORDEN BUY CALL BLOQUEADA: solo han pasado 6.0s desde el cancel (minimo 10s). IBKR puede llenar una orden que ya reporto como cancelada.
2026-08-11 09:35:36,454 INFO TRADE esperando 4s a que IBKR confirme la cancelacion anterior
2026-08-11 09:35:38,493 INFO ORDEN BUY CALL BLOQUEADA: solo han pasado 8.1s desde el cancel (minimo 10s). IBKR puede llenar una orden que ya reporto como cancelada.
2026-08-11 09:35:38,493 INFO TRADE esperando 2s a que IBKR confirme la cancelacion anterior
2026-08-11 09:35:40,502 INFO TRADE 1 contrato(s) comprometido(s) (max 1) - NO se compra mas
2026-08-11 09:35:52,554 INFO Cupo de compra liberado (FLAT, sin ordenes vivas, 26s desde la ultima compra)
2026-08-11 09:35:52,554 INFO ORDEN BUY CALL x1 LIMIT MID @ 1.34 (comprometido=1)
2026-08-11 09:35:52,554 INFO TRADE BUY CALL x1 LIMIT MID @ 1.34
2026-08-11 09:35:53,566 INFO EXEC REAL BOT SPY   260811C00773000 x1 @ 1.34 (orderId=2138)
2026-08-11 09:35:54,585 INFO ORDEN estado - -> Filled (id=2138 filled=1.0 remaining=0.0)
2026-08-11 09:35:54,585 INFO FILL BUY CALL @ 1.34 -> pos=CALL
2026-08-11 09:35:54,601 INFO POS #1 entrada 773C | SPY=773.05 mid=1.34 (bid=1.33 ask=1.34 spread=0.01) | entrada=1.34 pnl=0.00$ (0.00%) | delta=0.50 gamma=0.12 theta=-1.28 vega=0.08 iv=0.15 | 0s en posicion
2026-08-11 09:35:54,601 INFO TRADE #1 ABIERTO CALL 773C @ 1.34 | greeks delta=0.50 gamma=0.12 theta=-1.28 iv=0.15
2026-08-11 09:35:54,601 INFO TRADE #1 CONTEXTO | min_sesion=5 | TA None score=- rsi=- atr=-% bb_ancho=-% | dist: vwap=- peso=-0.45 flip=-1.97 CW=-1.95 PW=0.05 | GEX=+102.8Bn LONG | diff=77225.00 thr=49230.15 mom=71810.00
2026-08-11 09:35:54,601 INFO TRADE BUY CALL LLENADO @ 1.34
2026-08-11 09:35:56,614 INFO TRADE ARMADO - en CALL 1, esperando giro a DOWN
2026-08-11 09:36:14,769 INFO WALLS spot=773.15 PW=773.00 CW=773.00 magneto est=772.00/din=773.00 peso=773.37 | GEX=+81.091Bn regime=LONG flip=775.32 | faltan OI=0 greeks=0 de 40 | frescura: gamma cambiaron=40/40 ult_tick=2026-08-11 13:36:14.753764+00:00
2026-08-11 09:36:14,769 INFO WALLS detalle por strike: 765C:OI=784.00,g=0.02,net=+2556 | 765P:OI=11907.00,g=0.02,net=-33378 | 766C:OI=873.00,g=0.02,net=-47972 | 766P:OI=5035.00,g=0.02,net=+2477 | 767C:OI=1633.00,g=0.03,net=+658 | 767P:OI=6107.00,g=0.03,net=-4742 | 768C:OI=978.00,g=0.04,net=+0 | 768P:OI=4474.00,g=0.04,net=+116367 | 769C:OI=1723.00,g=0.06,net=-41807 | 769P:OI=5507.00,g=0.06,net=+16360 | 770C:OI=6182.00,g=0.08,net=-117457 | 770P:OI=12729.00,g=0.08,net=+398781 | 771C:OI=4384.00,g=0.10,net=+65520 | 771P:OI=6252.00,g=0.10,net=-375610 | 772C:OI=4158.00,g=0.12,net=+66230 | 772P:OI=9389.00,g=0.12,net=-937082 | 773C:OI=12230.00,g=0.13,net=-365494 | 773P:OI=11080.00,g=0.13,net=-989040 | 774C:OI=7748.00,g=0.12,net=+1838118 | 774P:OI=4050.00,g=0.12,net=+652902 | 775C:OI=13318.00,g=0.11,net=+821579 | 775P:OI=1516.00,g=0.11,net=+572962 | 776C:OI=7556.00,g=0.09,net=+107340 | 776P:OI=816.00,g=0.09,net=+256136 | 777C:OI=7461.00,g=0.06,net=-40602 | 777P:OI=1055.00,g=0.06,net=+0 | 778C:OI=6002.00,g=0.04,net=+42786 | 778P:OI=442.00,g=0.04,net=+0 | 779C:OI=4817.00,g=0.03,net=-27857 | 779P:OI=328.00,g=0.03,net=+8414 | 780C:OI=8223.00,g=0.02,net=+10648 | 780P:OI=209.00,g=0.02,net=+7689 | 781C:OI=3575.00,g=0.01,net=+2380 | 781P:OI=6.00,g=0.01,net=-18552 | 782C:OI=3184.00,g=0.01,net=+3348 | 782P:OI=5.00,g=0.01,net=+0 | 783C:OI=2341.00,g=0.01,net=-1768 | 783P:OI=15.00,g=0.01,net=+0 | 784C:OI=2248.00,g=0.01,net=+282 | 784P:OI=1.00,g=0.01,net=+0
2026-08-11 09:36:14,769 INFO WALLS GAP2: premium de los strikes de SENAL (773C, 774P) NO sumado aqui para evitar el doble conteo (lo lleva _on_ticks, por tick)
2026-08-11 09:36:55,133 INFO POS #1 minuto  773C | SPY=773.25 mid=1.38 (bid=1.38 ask=1.39 spread=0.01) | entrada=1.34 pnl=4.00$ (2.99%) | delta=0.54 gamma=0.13 theta=-1.12 vega=0.08 iv=0.15 | 61s en posicion
2026-08-11 09:37:55,649 INFO POS #1 minuto  773C | SPY=773.35 mid=1.46 (bid=1.45 ask=1.46 spread=0.01) | entrada=1.34 pnl=12.00$ (8.96%) | delta=0.55 gamma=0.12 theta=-1.13 vega=0.08 iv=0.15 | 121s en posicion
2026-08-11 09:38:34,002 INFO SENAL call re-centrada -> 772C (precio 772.90)
2026-08-11 09:38:34,273 INFO SENAL put re-centrada -> 773P (precio 772.90)
2026-08-11 09:38:36,377 INFO LINEA BASE re-centrada en 772.90: +6 nuevos, -6 soltados (siguiendo 24 contratos de 3 expiraciones)
2026-08-11 09:38:38,381 INFO Market data suscrito para el contrato en cartera SPY   260811C00773000
2026-08-11 09:38:56,549 INFO SENAL call re-centrada -> 773C (precio 773.10)
2026-08-11 09:38:56,724 INFO SENAL put re-centrada -> 774P (precio 773.10)
2026-08-11 09:38:57,827 INFO LINEA BASE re-centrada en 773.10: +6 nuevos, -6 soltados (siguiendo 24 contratos de 3 expiraciones)
2026-08-11 09:38:57,827 INFO POS #1 minuto  773C | SPY=773.10 mid=1.32 (bid=1.31 ask=1.32 spread=0.01) | entrada=1.34 pnl=-2.00$ (-1.49%) | delta=0.51 gamma=0.13 theta=-1.24 vega=0.08 iv=0.15 | 183s en posicion
2026-08-11 09:39:15,906 INFO WALLS spot=773.01 PW=773.00 CW=773.00 magneto est=772.00/din=773.00 peso=773.21 | GEX=+67.068Bn regime=LONG flip=775.65 | faltan OI=0 greeks=0 de 40 | frescura: gamma cambiaron=40/40 ult_tick=2026-08-11 13:39:15.874521+00:00
2026-08-11 09:39:15,906 INFO WALLS detalle por strike: 765C:OI=784.00,g=0.02,net=+18079 | 765P:OI=11907.00,g=0.02,net=-21922 | 766C:OI=873.00,g=0.02,net=-29434 | 766P:OI=5035.00,g=0.02,net=-9268 | 767C:OI=1633.00,g=0.03,net=+41020 | 767P:OI=6107.00,g=0.03,net=-41831 | 768C:OI=978.00,g=0.05,net=+14040 | 768P:OI=4474.00,g=0.05,net=+83364 | 769C:OI=1723.00,g=0.06,net=+7783 | 769P:OI=5507.00,g=0.06,net=-49061 | 770C:OI=6182.00,g=0.08,net=-170722 | 770P:OI=12729.00,g=0.08,net=+822885 | 771C:OI=4384.00,g=0.10,net=-26229 | 771P:OI=6252.00,g=0.10,net=-153936 | 772C:OI=4158.00,g=0.12,net=+66230 | 772P:OI=9389.00,g=0.12,net=-269192 | 773C:OI=12230.00,g=0.13,net=-1259828 | 773P:OI=11080.00,g=0.13,net=-2407911 | 774C:OI=7748.00,g=0.12,net=+2913876 | 774P:OI=4050.00,g=0.12,net=+1296369 | 775C:OI=13318.00,g=0.10,net=+1138560 | 775P:OI=1516.00,g=0.10,net=+572962 | 776C:OI=7556.00,g=0.08,net=+208812 | 776P:OI=816.00,g=0.08,net=+481244 | 777C:OI=7461.00,g=0.06,net=-6442 | 777P:OI=1055.00,g=0.06,net=+0 | 778C:OI=6002.00,g=0.04,net=+25173 | 778P:OI=442.00,g=0.04,net=+30444 | 779C:OI=4817.00,g=0.03,net=-32735 | 779P:OI=328.00,g=0.03,net=+2414 | 780C:OI=8223.00,g=0.02,net=+9096 | 780P:OI=209.00,g=0.02,net=+7689 | 781C:OI=3575.00,g=0.01,net=+697 | 781P:OI=6.00,g=0.01,net=-19316 | 782C:OI=3184.00,g=0.01,net=+3274 | 782P:OI=5.00,g=0.01,net=-13425 | 783C:OI=2341.00,g=0.01,net=-1900 | 783P:OI=15.00,g=0.01,net=-3964 | 784C:OI=2248.00,g=0.01,net=+1334 | 784P:OI=1.00,g=0.01,net=+0
2026-08-11 09:39:15,906 INFO WALLS GAP2: premium de los strikes de SENAL (773C, 774P) NO sumado aqui para evitar el doble conteo (lo lleva _on_ticks, por tick)
2026-08-11 09:39:38,140 INFO SENAL call re-centrada -> 772C (precio 772.98)
2026-08-11 09:39:38,300 INFO SENAL put re-centrada -> 773P (precio 772.98)
2026-08-11 09:39:39,446 INFO LINEA BASE re-centrada en 772.98: +6 nuevos, -6 soltados (siguiendo 24 contratos de 3 expiraciones)
2026-08-11 09:39:41,459 INFO Market data suscrito para el contrato en cartera SPY   260811C00773000
2026-08-11 09:39:59,678 INFO SENAL call re-centrada -> 773C (precio 773.11)
2026-08-11 09:39:59,821 INFO SENAL put re-centrada -> 774P (precio 773.11)
2026-08-11 09:40:00,970 INFO LINEA BASE re-centrada en 773.11: +6 nuevos, -6 soltados (siguiendo 24 contratos de 3 expiraciones)
2026-08-11 09:40:00,970 INFO POS #1 minuto  773C | SPY=773.11 mid=1.36 (bid=1.35 ask=1.36 spread=0.01) | entrada=1.34 pnl=2.00$ (1.49%) | delta=0.52 gamma=0.12 theta=-1.26 vega=0.08 iv=0.15 | 246s en posicion
2026-08-11 09:41:01,460 INFO POS #1 minuto  773C | SPY=773.43 mid=1.44 (bid=1.44 ask=1.45 spread=0.01) | entrada=1.34 pnl=10.00$ (7.46%) | delta=0.55 gamma=0.12 theta=-1.12 vega=0.08 iv=0.15 | 307s en posicion
2026-08-11 09:42:02,027 INFO POS #1 minuto  773C | SPY=773.60 mid=1.58 (bid=1.57 ask=1.58 spread=0.01) | entrada=1.34 pnl=24.00$ (17.91%) | delta=0.59 gamma=0.13 theta=-0.97 vega=0.08 iv=0.15 | 368s en posicion
2026-08-11 09:42:15,847 INFO ALERTA WARN: posible GIRO a DOWN (09:42:15)
2026-08-11 09:42:16,116 INFO WALLS spot=773.70 PW=773.00 CW=775.00 magneto est=772.00/din=773.00 peso=773.13 | GEX=+125.334Bn regime=LONG flip=774.84 | faltan OI=0 greeks=0 de 40 | frescura: gamma cambiaron=40/40 ult_tick=2026-08-11 13:42:16.036052+00:00
2026-08-11 09:42:16,116 INFO WALLS detalle por strike: 765C:OI=784.00,g=0.02,net=+18079 | 765P:OI=11907.00,g=0.02,net=-27238 | 766C:OI=873.00,g=0.02,net=-42473 | 766P:OI=5035.00,g=0.02,net=-18466 | 767C:OI=1633.00,g=0.03,net=+18844 | 767P:OI=6107.00,g=0.03,net=-63548 | 768C:OI=978.00,g=0.04,net=-5001 | 768P:OI=4474.00,g=0.04,net=+99796 | 769C:OI=1723.00,g=0.05,net=+7783 | 769P:OI=5507.00,g=0.05,net=+5191 | 770C:OI=6182.00,g=0.06,net=-247946 | 770P:OI=12729.00,g=0.06,net=+429485 | 771C:OI=4384.00,g=0.09,net=-177887 | 771P:OI=6252.00,g=0.09,net=-305442 | 772C:OI=4158.00,g=0.11,net=-595929 | 772P:OI=9389.00,g=0.11,net=-715038 | 773C:OI=12230.00,g=0.13,net=+24097 | 773P:OI=11080.00,g=0.13,net=-1542297 | 774C:OI=7748.00,g=0.13,net=+1645013 | 774P:OI=4050.00,g=0.13,net=+1658794 | 775C:OI=13318.00,g=0.12,net=+1528838 | 775P:OI=1516.00,g=0.12,net=+655522 | 776C:OI=7556.00,g=0.10,net=+79320 | 776P:OI=816.00,g=0.10,net=+520104 | 777C:OI=7461.00,g=0.07,net=-45214 | 777P:OI=1055.00,g=0.07,net=+32292 | 778C:OI=6002.00,g=0.05,net=+6343 | 778P:OI=442.00,g=0.05,net=+47392 | 779C:OI=4817.00,g=0.03,net=-29326 | 779P:OI=328.00,g=0.03,net=+1348 | 780C:OI=8223.00,g=0.02,net=+10796 | 780P:OI=209.00,g=0.02,net=+10393 | 781C:OI=3575.00,g=0.02,net=+1393 | 781P:OI=6.00,g=0.02,net=-13364 | 782C:OI=3184.00,g=0.01,net=+3234 | 782P:OI=5.00,g=0.01,net=-3877 | 783C:OI=2341.00,g=0.01,net=-1891 | 783P:OI=15.00,g=0.01,net=-156 | 784C:OI=2248.00,g=0.01,net=+4176 | 784P:OI=1.00,g=0.01,net=+0
2026-08-11 09:42:16,116 INFO WALLS GAP2: premium de los strikes de SENAL (773C, 774P) NO sumado aqui para evitar el doble conteo (lo lleva _on_ticks, por tick)
2026-08-11 09:43:02,471 INFO POS #1 minuto  773C | SPY=773.57 mid=1.52 (bid=1.52 ask=1.53 spread=0.01) | entrada=1.34 pnl=18.00$ (13.43%) | delta=0.57 gamma=0.13 theta=-0.96 vega=0.08 iv=0.14 | 428s en posicion
2026-08-11 09:44:02,890 INFO POS #1 minuto  773C | SPY=773.38 mid=1.38 (bid=1.38 ask=1.39 spread=0.01) | entrada=1.34 pnl=4.00$ (2.99%) | delta=0.55 gamma=0.13 theta=-1.04 vega=0.08 iv=0.14 | 488s en posicion
2026-08-11 09:45:03,419 INFO POS #1 minuto  773C | SPY=773.32 mid=1.35 (bid=1.34 ask=1.35 spread=0.01) | entrada=1.34 pnl=1.00$ (0.75%) | delta=0.55 gamma=0.13 theta=-1.02 vega=0.08 iv=0.14 | 549s en posicion
2026-08-11 09:45:17,573 INFO WALLS spot=773.33 PW=773.00 CW=773.00 magneto est=772.00/din=773.00 peso=773.11 | GEX=+97.338Bn regime=LONG flip=774.98 | faltan OI=0 greeks=0 de 40 | frescura: gamma cambiaron=40/40 ult_tick=2026-08-11 13:45:17.506119+00:00
2026-08-11 09:45:17,573 INFO WALLS detalle por strike: 765C:OI=784.00,g=0.02,net=+81529 | 765P:OI=11907.00,g=0.02,net=-25534 | 766C:OI=873.00,g=0.02,net=-40172 | 766P:OI=5035.00,g=0.02,net=-13986 | 767C:OI=1633.00,g=0.03,net=+18844 | 767P:OI=6107.00,g=0.03,net=-55358 | 768C:OI=978.00,g=0.04,net=+1071 | 768P:OI=4474.00,g=0.04,net=+113376 | 769C:OI=1723.00,g=0.05,net=-19397 | 769P:OI=5507.00,g=0.05,net=+36411 | 770C:OI=6182.00,g=0.07,net=-303638 | 770P:OI=12729.00,g=0.07,net=+235765 | 771C:OI=4384.00,g=0.10,net=-299252 | 771P:OI=6252.00,g=0.10,net=-188798 | 772C:OI=4158.00,g=0.12,net=-268305 | 772P:OI=9389.00,g=0.12,net=-1195782 | 773C:OI=12230.00,g=0.13,net=+696985 | 773P:OI=11080.00,g=0.13,net=-2341497 | 774C:OI=7748.00,g=0.13,net=+2447651 | 774P:OI=4050.00,g=0.14,net=+2089255 | 775C:OI=13318.00,g=0.12,net=+1226870 | 775P:OI=1516.00,g=0.12,net=+790351 | 776C:OI=7556.00,g=0.09,net=-16672 | 776P:OI=816.00,g=0.09,net=+569328 | 777C:OI=7461.00,g=0.06,net=-21424 | 777P:OI=1055.00,g=0.06,net=+55716 | 778C:OI=6002.00,g=0.04,net=+28699 | 778P:OI=442.00,g=0.04,net=+21184 | 779C:OI=4817.00,g=0.03,net=-24160 | 779P:OI=328.00,g=0.03,net=+7662 | 780C:OI=8223.00,g=0.02,net=+14068 | 780P:OI=209.00,g=0.02,net=+1139 | 781C:OI=3575.00,g=0.01,net=+5467 | 781P:OI=6.00,g=0.01,net=-13364 | 782C:OI=3184.00,g=0.01,net=+3144 | 782P:OI=5.00,g=0.01,net=-4733 | 783C:OI=2341.00,g=0.01,net=-1937 | 783P:OI=15.00,g=0.01,net=-156 | 784C:OI=2248.00,g=0.01,net=+4037 | 784P:OI=1.00,g=0.01,net=+0
2026-08-11 09:45:17,573 INFO WALLS GAP2: premium de los strikes de SENAL (773C, 774P) NO sumado aqui para evitar el doble conteo (lo lleva _on_ticks, por tick)
