2026-08-09 22:02:27,646 ERROR EXCEPCION NO CAPTURADA
Traceback (most recent call last):
  File "C:\Users\17862\open-premium-ibkr\spy_walls_coldrun.py", line 146, in <module>
    check(app.today_vol.get(key_780c, 0) > 0, f"today_vol[780C] acumulo Δvol -> {app.today_vol.get(key_780c)}")
  File "C:\Users\17862\open-premium-ibkr\spy_walls_coldrun.py", line 21, in check
    print(("  OK  " if cond else "FAIL  ") + msg)
  File "C:\Users\17862\AppData\Local\Programs\Python\Python311\Lib\encodings\cp1252.py", line 19, in encode
    return codecs.charmap_encode(input,self.errors,encoding_table)[0]
           ^^^^^^^^^^^^^^^^^^^^^^^^^^^^^^^^^^^^^^^^^^^^^^^^^^^^^^^
UnicodeEncodeError: 'charmap' codec can't encode character '\u0394' in position 30: character maps to <undefined>
2026-08-09 22:03:00,270 ERROR EXCEPCION NO CAPTURADA
Traceback (most recent call last):
  File "C:\Users\17862\open-premium-ibkr\spy_walls_coldrun.py", line 146, in <module>
    check(app.today_vol.get(key_780c, 0) > 0, f"today_vol[780C] acumulo Δvol -> {app.today_vol.get(key_780c)}")
  File "C:\Users\17862\open-premium-ibkr\spy_walls_coldrun.py", line 21, in check
    print(("  OK  " if cond else "FAIL  ") + msg)
  File "C:\Users\17862\AppData\Local\Programs\Python\Python311\Lib\encodings\cp1252.py", line 19, in encode
    return codecs.charmap_encode(input,self.errors,encoding_table)[0]
           ^^^^^^^^^^^^^^^^^^^^^^^^^^^^^^^^^^^^^^^^^^^^^^^^^^^^^^^
UnicodeEncodeError: 'charmap' codec can't encode character '\u0394' in position 30: character maps to <undefined>
