════════════════════════════════════════════════════════════
🔔 2026-08-20 09:31:03 | ARRANQUE | ARRANQUE del sistema vivo — 2026-08-20 (0DTE 20260820)
════════════════════════════════════════════════════════════
2026-08-20 09:31:03 | DATA   | IBKR conectando a 127.0.0.1:4002 clientId=17
════════════════════════════════════════════════════════════
🔔 2026-08-20 09:31:03 | IBKR | IBKR conectado (paper 4002)
════════════════════════════════════════════════════════════
════════════════════════════════════════════════════════════
🔔 2026-08-20 09:31:03 | ARRANQUE | Autocalibra: saldo=600 nivel=6 ancho=2 tope=110 unidades=1
════════════════════════════════════════════════════════════
════════════════════════════════════════════════════════════
🔔 2026-08-20 09:31:03 | ARRANQUE | BACKFILL de arranque (SPY premarket + ETF + día anterior)
════════════════════════════════════════════════════════════
2026-08-20 09:31:03 | DATA   | backfill SPY 2 D 1 min useRTH=False
2026-08-20 09:31:05 | DATA   | backfill SPY: 1052 barras persistidas (fecha 2026-08-20)
2026-08-20 09:31:06 | DATA   | backfill DIA: 2 barras
2026-08-20 09:31:07 | DATA   | backfill TLT: 2 barras
2026-08-20 09:31:07 | DATA   | día anterior (2026-08-19, cierres RTH): cierre=769.18 máx=772.23 mín=768.29
2026-08-20 09:31:07 | DATA   | día anterior (cierres RTH): max=772.23 min=768.29 cierre=769.18
════════════════════════════════════════════════════════════
🔔 2026-08-20 09:31:07 | ARRANQUE | Sistema EN MARCHA — esperando barras (todo activo)
════════════════════════════════════════════════════════════
2026-08-20 09:31:07 | DATA   | backfill SPY 120 S 1 min useRTH=False
2026-08-20 09:31:12 | DATA   | cadena 20260820: 82 contratos (ITM+OTM C/P) capturados y cancelados (spot 765.93)
2026-08-20 09:31:12 | DATA   | cadena persistida 2026-08-20 09:31: 82 filas (fuente=live)
2026-08-20 09:31:12 | SENAL  | señal 09:30 C (ayer_rev) -> solo_captura
2026-08-20 09:32:02 | DATA   | backfill SPY 120 S 1 min useRTH=False
2026-08-20 09:32:07 | DATA   | cadena 20260820: 82 contratos (ITM+OTM C/P) capturados y cancelados (spot 766.58)
2026-08-20 09:32:07 | DATA   | cadena persistida 2026-08-20 09:32: 82 filas (fuente=live)
════════════════════════════════════════════════════════════
🔔 2026-08-20 09:32:07 | ARRANQUE | RECALIBRA 09:32: saldo=591 nivel 6->5 tope 110->90 unidades 1->1 (ancho FIJO 2)
════════════════════════════════════════════════════════════
2026-08-20 09:33:02 | DATA   | backfill SPY 120 S 1 min useRTH=False
2026-08-20 09:33:07 | DATA   | cadena 20260820: 82 contratos (ITM+OTM C/P) capturados y cancelados (spot 766.59)
2026-08-20 09:33:07 | DATA   | cadena persistida 2026-08-20 09:33: 82 filas (fuente=live)
2026-08-20 09:34:02 | DATA   | backfill SPY 120 S 1 min useRTH=False
2026-08-20 09:34:06 | DATA   | cadena 20260820: 82 contratos (ITM+OTM C/P) capturados y cancelados (spot 766.85)
2026-08-20 09:34:06 | DATA   | cadena persistida 2026-08-20 09:34: 82 filas (fuente=live)
2026-08-20 09:34:06 | SENAL  | señal 09:33 C (gap_fade) -> solo_captura
2026-08-20 09:35:01 | DATA   | backfill SPY 120 S 1 min useRTH=False
2026-08-20 09:35:06 | DATA   | cadena 20260820: 82 contratos (ITM+OTM C/P) capturados y cancelados (spot 767.05)
2026-08-20 09:35:06 | DATA   | cadena persistida 2026-08-20 09:35: 82 filas (fuente=live)
2026-08-20 09:36:01 | DATA   | backfill SPY 120 S 1 min useRTH=False
2026-08-20 09:36:06 | DATA   | cadena 20260820: 82 contratos (ITM+OTM C/P) capturados y cancelados (spot 767.55)
2026-08-20 09:36:06 | DATA   | cadena persistida 2026-08-20 09:36: 82 filas (fuente=live)
2026-08-20 09:36:06 | SENAL  | señal 09:35 P (v1) -> solo_captura
2026-08-20 09:37:01 | DATA   | backfill SPY 120 S 1 min useRTH=False
2026-08-20 09:37:05 | DATA   | cadena 20260820: 82 contratos (ITM+OTM C/P) capturados y cancelados (spot 767.51)
2026-08-20 09:37:05 | DATA   | cadena persistida 2026-08-20 09:37: 82 filas (fuente=live)
2026-08-20 09:38:00 | DATA   | backfill SPY 120 S 1 min useRTH=False
2026-08-20 09:38:05 | DATA   | cadena 20260820: 82 contratos (ITM+OTM C/P) capturados y cancelados (spot 767.22)
2026-08-20 09:38:05 | DATA   | cadena persistida 2026-08-20 09:38: 82 filas (fuente=live)
2026-08-20 09:39:00 | DATA   | backfill SPY 120 S 1 min useRTH=False
2026-08-20 09:39:05 | DATA   | cadena 20260820: 82 contratos (ITM+OTM C/P) capturados y cancelados (spot 766.99)
2026-08-20 09:39:05 | DATA   | cadena persistida 2026-08-20 09:39: 82 filas (fuente=live)
2026-08-20 09:40:00 | DATA   | backfill SPY 120 S 1 min useRTH=False
2026-08-20 09:40:04 | DATA   | cadena 20260820: 82 contratos (ITM+OTM C/P) capturados y cancelados (spot 767.30)
2026-08-20 09:40:04 | DATA   | cadena persistida 2026-08-20 09:40: 82 filas (fuente=live)
2026-08-20 09:41:04 | DATA   | backfill SPY 120 S 1 min useRTH=False
2026-08-20 09:41:09 | DATA   | cadena 20260820: 82 contratos (ITM+OTM C/P) capturados y cancelados (spot 766.90)
2026-08-20 09:41:09 | DATA   | cadena persistida 2026-08-20 09:41: 82 filas (fuente=live)
2026-08-20 09:42:04 | DATA   | backfill SPY 120 S 1 min useRTH=False
2026-08-20 09:42:08 | DATA   | cadena 20260820: 82 contratos (ITM+OTM C/P) capturados y cancelados (spot 767.22)
2026-08-20 09:42:08 | DATA   | cadena persistida 2026-08-20 09:42: 82 filas (fuente=live)
════════════════════════════════════════════════════════════
🔔 2026-08-20 09:42:08 | RIESGO | SYNC 09:42: IBKR tiene 2 pata(s) 0DTE y el sistema se creía PLANO — adoptando
════════════════════════════════════════════════════════════
════════════════════════════════════════════════════════════
🔔 2026-08-20 09:42:08 | RIESGO | ⚠️ 2 pata(s) 0DTE abiertas en IBKR SIN operación abierta en la BD — no se reconstruye; revisar y cerrar a mano
════════════════════════════════════════════════════════════
2026-08-20 09:43:03 | DATA   | backfill SPY 120 S 1 min useRTH=False
2026-08-20 09:43:08 | DATA   | cadena 20260820: 82 contratos (ITM+OTM C/P) capturados y cancelados (spot 767.57)
2026-08-20 09:43:08 | DATA   | cadena persistida 2026-08-20 09:43: 82 filas (fuente=live)
════════════════════════════════════════════════════════════
🔔 2026-08-20 09:43:08 | RIESGO | SYNC 09:43: IBKR tiene 2 pata(s) 0DTE y el sistema se creía PLANO — adoptando
════════════════════════════════════════════════════════════
════════════════════════════════════════════════════════════
🔔 2026-08-20 09:43:08 | RIESGO | ⚠️ 2 pata(s) 0DTE abiertas en IBKR SIN operación abierta en la BD — no se reconstruye; revisar y cerrar a mano
════════════════════════════════════════════════════════════
2026-08-20 09:44:03 | DATA   | backfill SPY 120 S 1 min useRTH=False
2026-08-20 09:44:08 | DATA   | cadena 20260820: 82 contratos (ITM+OTM C/P) capturados y cancelados (spot 767.68)
2026-08-20 09:44:08 | DATA   | cadena persistida 2026-08-20 09:44: 82 filas (fuente=live)
2026-08-20 09:45:03 | DATA   | backfill SPY 120 S 1 min useRTH=False
2026-08-20 09:45:07 | DATA   | cadena 20260820: 82 contratos (ITM+OTM C/P) capturados y cancelados (spot 767.37)
2026-08-20 09:45:07 | DATA   | cadena persistida 2026-08-20 09:45: 82 filas (fuente=live)
2026-08-20 09:46:03 | DATA   | backfill SPY 120 S 1 min useRTH=False
2026-08-20 09:46:07 | DATA   | cadena 20260820: 82 contratos (ITM+OTM C/P) capturados y cancelados (spot 767.18)
2026-08-20 09:46:07 | DATA   | cadena persistida 2026-08-20 09:46: 82 filas (fuente=live)
════════════════════════════════════════════════════════════
🔔 2026-08-20 09:46:07 | RIESGO | SYNC 09:46: IBKR tiene 2 pata(s) 0DTE y el sistema se creía PLANO — adoptando
════════════════════════════════════════════════════════════
════════════════════════════════════════════════════════════
🔔 2026-08-20 09:46:07 | RIESGO | ⚠️ 2 pata(s) 0DTE abiertas en IBKR SIN operación abierta en la BD — no se reconstruye; revisar y cerrar a mano
════════════════════════════════════════════════════════════
2026-08-20 09:47:02 | DATA   | backfill SPY 120 S 1 min useRTH=False
2026-08-20 09:47:07 | DATA   | cadena 20260820: 82 contratos (ITM+OTM C/P) capturados y cancelados (spot 767.27)
2026-08-20 09:47:07 | DATA   | cadena persistida 2026-08-20 09:47: 82 filas (fuente=live)
════════════════════════════════════════════════════════════
🔔 2026-08-20 09:47:07 | RIESGO | SYNC 09:47: IBKR tiene 2 pata(s) 0DTE y el sistema se creía PLANO — adoptando
════════════════════════════════════════════════════════════
════════════════════════════════════════════════════════════
🔔 2026-08-20 09:47:07 | RIESGO | ⚠️ 2 pata(s) 0DTE abiertas en IBKR SIN operación abierta en la BD — no se reconstruye; revisar y cerrar a mano
════════════════════════════════════════════════════════════
2026-08-20 09:48:02 | DATA   | backfill SPY 120 S 1 min useRTH=False
2026-08-20 09:48:07 | DATA   | cadena 20260820: 82 contratos (ITM+OTM C/P) capturados y cancelados (spot 767.02)
2026-08-20 09:48:07 | DATA   | cadena persistida 2026-08-20 09:48: 82 filas (fuente=live)
2026-08-20 09:49:02 | DATA   | backfill SPY 120 S 1 min useRTH=False
2026-08-20 09:49:06 | DATA   | cadena 20260820: 82 contratos (ITM+OTM C/P) capturados y cancelados (spot 766.81)
2026-08-20 09:49:06 | DATA   | cadena persistida 2026-08-20 09:49: 82 filas (fuente=live)
2026-08-20 09:50:01 | DATA   | backfill SPY 120 S 1 min useRTH=False
2026-08-20 09:50:06 | DATA   | cadena 20260820: 82 contratos (ITM+OTM C/P) capturados y cancelados (spot 767.15)
2026-08-20 09:50:06 | DATA   | cadena persistida 2026-08-20 09:50: 82 filas (fuente=live)
2026-08-20 09:51:01 | DATA   | backfill SPY 120 S 1 min useRTH=False
2026-08-20 09:51:06 | DATA   | cadena 20260820: 82 contratos (ITM+OTM C/P) capturados y cancelados (spot 767.13)
2026-08-20 09:51:06 | DATA   | cadena persistida 2026-08-20 09:51: 82 filas (fuente=live)
2026-08-20 09:52:01 | DATA   | backfill SPY 120 S 1 min useRTH=False
2026-08-20 09:52:05 | DATA   | cadena 20260820: 82 contratos (ITM+OTM C/P) capturados y cancelados (spot 766.73)
2026-08-20 09:52:05 | DATA   | cadena persistida 2026-08-20 09:52: 82 filas (fuente=live)
════════════════════════════════════════════════════════════
🔔 2026-08-20 09:52:05 | RIESGO | SYNC 09:52: IBKR tiene 2 pata(s) 0DTE y el sistema se creía PLANO — adoptando
════════════════════════════════════════════════════════════
════════════════════════════════════════════════════════════
🔔 2026-08-20 09:52:05 | RIESGO | ⚠️ 2 pata(s) 0DTE abiertas en IBKR SIN operación abierta en la BD — no se reconstruye; revisar y cerrar a mano
════════════════════════════════════════════════════════════
2026-08-20 09:53:00 | DATA   | backfill SPY 120 S 1 min useRTH=False
2026-08-20 09:53:05 | DATA   | cadena 20260820: 82 contratos (ITM+OTM C/P) capturados y cancelados (spot 766.57)
2026-08-20 09:53:05 | DATA   | cadena persistida 2026-08-20 09:53: 82 filas (fuente=live)
════════════════════════════════════════════════════════════
🔔 2026-08-20 09:53:05 | RIESGO | SYNC 09:53: IBKR tiene 2 pata(s) 0DTE y el sistema se creía PLANO — adoptando
════════════════════════════════════════════════════════════
════════════════════════════════════════════════════════════
🔔 2026-08-20 09:53:05 | RIESGO | ⚠️ 2 pata(s) 0DTE abiertas en IBKR SIN operación abierta en la BD — no se reconstruye; revisar y cerrar a mano
════════════════════════════════════════════════════════════
2026-08-20 09:54:00 | DATA   | backfill SPY 120 S 1 min useRTH=False
2026-08-20 09:54:04 | DATA   | cadena 20260820: 82 contratos (ITM+OTM C/P) capturados y cancelados (spot 766.50)
2026-08-20 09:54:04 | DATA   | cadena persistida 2026-08-20 09:54: 82 filas (fuente=live)
════════════════════════════════════════════════════════════
🔔 2026-08-20 09:54:04 | RIESGO | SYNC 09:54: IBKR tiene 4 pata(s) 0DTE y el sistema se creía PLANO — adoptando
════════════════════════════════════════════════════════════
════════════════════════════════════════════════════════════
🔔 2026-08-20 09:54:04 | RIESGO | ⚠️ 4 pata(s) 0DTE abiertas en IBKR SIN operación abierta en la BD — no se reconstruye; revisar y cerrar a mano
════════════════════════════════════════════════════════════
2026-08-20 09:55:04 | DATA   | backfill SPY 120 S 1 min useRTH=False
2026-08-20 09:55:09 | DATA   | cadena 20260820: 82 contratos (ITM+OTM C/P) capturados y cancelados (spot 766.96)
2026-08-20 09:55:09 | DATA   | cadena persistida 2026-08-20 09:55: 82 filas (fuente=live)
════════════════════════════════════════════════════════════
🔔 2026-08-20 09:55:09 | RIESGO | SYNC 09:55: IBKR tiene 3 pata(s) 0DTE y el sistema se creía PLANO — adoptando
════════════════════════════════════════════════════════════
════════════════════════════════════════════════════════════
🔔 2026-08-20 09:55:09 | RIESGO | ⚠️ 3 pata(s) 0DTE abiertas en IBKR SIN operación abierta en la BD — no se reconstruye; revisar y cerrar a mano
════════════════════════════════════════════════════════════
2026-08-20 09:56:04 | DATA   | backfill SPY 120 S 1 min useRTH=False
2026-08-20 09:56:08 | DATA   | cadena 20260820: 82 contratos (ITM+OTM C/P) capturados y cancelados (spot 767.20)
2026-08-20 09:56:08 | DATA   | cadena persistida 2026-08-20 09:56: 82 filas (fuente=live)
════════════════════════════════════════════════════════════
🔔 2026-08-20 09:56:09 | RIESGO | SYNC 09:56: IBKR tiene 2 pata(s) 0DTE y el sistema se creía PLANO — adoptando
════════════════════════════════════════════════════════════
════════════════════════════════════════════════════════════
🔔 2026-08-20 09:56:09 | RIESGO | ⚠️ 2 pata(s) 0DTE abiertas en IBKR SIN operación abierta en la BD — no se reconstruye; revisar y cerrar a mano
════════════════════════════════════════════════════════════
2026-08-20 09:57:04 | DATA   | backfill SPY 120 S 1 min useRTH=False
2026-08-20 09:57:08 | DATA   | cadena 20260820: 82 contratos (ITM+OTM C/P) capturados y cancelados (spot 766.51)
2026-08-20 09:57:08 | DATA   | cadena persistida 2026-08-20 09:57: 82 filas (fuente=live)
2026-08-20 09:58:03 | DATA   | backfill SPY 120 S 1 min useRTH=False
2026-08-20 09:58:08 | DATA   | cadena 20260820: 82 contratos (ITM+OTM C/P) capturados y cancelados (spot 766.25)
2026-08-20 09:58:08 | DATA   | cadena persistida 2026-08-20 09:58: 82 filas (fuente=live)
════════════════════════════════════════════════════════════
🔔 2026-08-20 09:58:08 | RIESGO | SYNC 09:58: IBKR tiene 2 pata(s) 0DTE y el sistema se creía PLANO — adoptando
════════════════════════════════════════════════════════════
════════════════════════════════════════════════════════════
🔔 2026-08-20 09:58:08 | RIESGO | ⚠️ 2 pata(s) 0DTE abiertas en IBKR SIN operación abierta en la BD — no se reconstruye; revisar y cerrar a mano
════════════════════════════════════════════════════════════
2026-08-20 09:59:03 | DATA   | backfill SPY 120 S 1 min useRTH=False
2026-08-20 09:59:07 | DATA   | cadena 20260820: 82 contratos (ITM+OTM C/P) capturados y cancelados (spot 766.60)
2026-08-20 09:59:07 | DATA   | cadena persistida 2026-08-20 09:59: 82 filas (fuente=live)
════════════════════════════════════════════════════════════
🔔 2026-08-20 09:59:07 | RIESGO | SYNC 09:59: IBKR tiene 2 pata(s) 0DTE y el sistema se creía PLANO — adoptando
════════════════════════════════════════════════════════════
════════════════════════════════════════════════════════════
🔔 2026-08-20 09:59:07 | RIESGO | ⚠️ 2 pata(s) 0DTE abiertas en IBKR SIN operación abierta en la BD — no se reconstruye; revisar y cerrar a mano
════════════════════════════════════════════════════════════
2026-08-20 10:00:03 | DATA   | backfill SPY 120 S 1 min useRTH=False
2026-08-20 10:00:07 | DATA   | cadena 20260820: 82 contratos (ITM+OTM C/P) capturados y cancelados (spot 766.55)
2026-08-20 10:00:07 | DATA   | cadena persistida 2026-08-20 10:00: 82 filas (fuente=live)
2026-08-20 10:01:02 | DATA   | backfill SPY 120 S 1 min useRTH=False
2026-08-20 10:01:07 | DATA   | cadena 20260820: 82 contratos (ITM+OTM C/P) capturados y cancelados (spot 766.51)
2026-08-20 10:01:07 | DATA   | cadena persistida 2026-08-20 10:01: 82 filas (fuente=live)
════════════════════════════════════════════════════════════
🔔 2026-08-20 10:01:07 | RIESGO | SYNC 10:01: IBKR tiene 2 pata(s) 0DTE y el sistema se creía PLANO — adoptando
════════════════════════════════════════════════════════════
════════════════════════════════════════════════════════════
🔔 2026-08-20 10:01:07 | RIESGO | ⚠️ 2 pata(s) 0DTE abiertas en IBKR SIN operación abierta en la BD — no se reconstruye; revisar y cerrar a mano
════════════════════════════════════════════════════════════
2026-08-20 10:02:02 | DATA   | backfill SPY 120 S 1 min useRTH=False
2026-08-20 10:02:07 | DATA   | cadena 20260820: 82 contratos (ITM+OTM C/P) capturados y cancelados (spot 766.64)
2026-08-20 10:02:07 | DATA   | cadena persistida 2026-08-20 10:02: 82 filas (fuente=live)
2026-08-20 10:03:02 | DATA   | backfill SPY 120 S 1 min useRTH=False
2026-08-20 10:03:06 | DATA   | cadena 20260820: 82 contratos (ITM+OTM C/P) capturados y cancelados (spot 766.12)
2026-08-20 10:03:06 | DATA   | cadena persistida 2026-08-20 10:03: 82 filas (fuente=live)
2026-08-20 10:04:01 | DATA   | backfill SPY 120 S 1 min useRTH=False
2026-08-20 10:04:06 | DATA   | cadena 20260820: 82 contratos (ITM+OTM C/P) capturados y cancelados (spot 766.24)
2026-08-20 10:04:06 | DATA   | cadena persistida 2026-08-20 10:04: 82 filas (fuente=live)
2026-08-20 10:05:01 | DATA   | backfill SPY 120 S 1 min useRTH=False
2026-08-20 10:05:06 | DATA   | cadena 20260820: 82 contratos (ITM+OTM C/P) capturados y cancelados (spot 765.98)
2026-08-20 10:05:06 | DATA   | cadena persistida 2026-08-20 10:05: 82 filas (fuente=live)
2026-08-20 10:06:01 | DATA   | backfill SPY 120 S 1 min useRTH=False
2026-08-20 10:06:05 | DATA   | cadena 20260820: 82 contratos (ITM+OTM C/P) capturados y cancelados (spot 766.09)
2026-08-20 10:06:05 | DATA   | cadena persistida 2026-08-20 10:06: 82 filas (fuente=live)
2026-08-20 10:07:00 | DATA   | backfill SPY 120 S 1 min useRTH=False
2026-08-20 10:07:05 | DATA   | cadena 20260820: 82 contratos (ITM+OTM C/P) capturados y cancelados (spot 766.30)
2026-08-20 10:07:05 | DATA   | cadena persistida 2026-08-20 10:07: 82 filas (fuente=live)
2026-08-20 10:08:00 | DATA   | backfill SPY 120 S 1 min useRTH=False
2026-08-20 10:08:05 | DATA   | cadena 20260820: 82 contratos (ITM+OTM C/P) capturados y cancelados (spot 766.41)
2026-08-20 10:08:05 | DATA   | cadena persistida 2026-08-20 10:08: 82 filas (fuente=live)
2026-08-20 10:09:00 | DATA   | backfill SPY 120 S 1 min useRTH=False
2026-08-20 10:09:05 | DATA   | cadena 20260820: 82 contratos (ITM+OTM C/P) capturados y cancelados (spot 766.19)
2026-08-20 10:09:05 | DATA   | cadena persistida 2026-08-20 10:09: 82 filas (fuente=live)
2026-08-20 10:10:00 | DATA   | backfill SPY 120 S 1 min useRTH=False
2026-08-20 10:10:04 | DATA   | cadena 20260820: 82 contratos (ITM+OTM C/P) capturados y cancelados (spot 766.64)
2026-08-20 10:10:04 | DATA   | cadena persistida 2026-08-20 10:10: 82 filas (fuente=live)
2026-08-20 10:11:04 | DATA   | backfill SPY 120 S 1 min useRTH=False
2026-08-20 10:11:09 | DATA   | cadena 20260820: 82 contratos (ITM+OTM C/P) capturados y cancelados (spot 766.58)
2026-08-20 10:11:09 | DATA   | cadena persistida 2026-08-20 10:11: 82 filas (fuente=live)
2026-08-20 10:12:04 | DATA   | backfill SPY 120 S 1 min useRTH=False
2026-08-20 10:12:09 | DATA   | cadena 20260820: 82 contratos (ITM+OTM C/P) capturados y cancelados (spot 766.26)
2026-08-20 10:12:09 | DATA   | cadena persistida 2026-08-20 10:12: 82 filas (fuente=live)
2026-08-20 10:13:00 | DATA   | backfill SPY 120 S 1 min useRTH=False
2026-08-20 10:13:04 | DATA   | cadena 20260820: 82 contratos (ITM+OTM C/P) capturados y cancelados (spot 766.25)
2026-08-20 10:13:04 | DATA   | cadena persistida 2026-08-20 10:13: 82 filas (fuente=live)
2026-08-20 10:14:04 | DATA   | backfill SPY 120 S 1 min useRTH=False
2026-08-20 10:14:09 | DATA   | cadena 20260820: 82 contratos (ITM+OTM C/P) capturados y cancelados (spot 766.12)
2026-08-20 10:14:09 | DATA   | cadena persistida 2026-08-20 10:14: 82 filas (fuente=live)
════════════════════════════════════════════════════════════
🔔 2026-08-20 10:14:09 | RIESGO | SYNC 10:14: IBKR tiene 2 pata(s) 0DTE y el sistema se creía PLANO — adoptando
════════════════════════════════════════════════════════════
════════════════════════════════════════════════════════════
🔔 2026-08-20 10:14:09 | RIESGO | ⚠️ 2 pata(s) 0DTE abiertas en IBKR SIN operación abierta en la BD — no se reconstruye; revisar y cerrar a mano
════════════════════════════════════════════════════════════
2026-08-20 10:15:04 | DATA   | backfill SPY 120 S 1 min useRTH=False
2026-08-20 10:15:09 | DATA   | cadena 20260820: 82 contratos (ITM+OTM C/P) capturados y cancelados (spot 766.00)
2026-08-20 10:15:09 | DATA   | cadena persistida 2026-08-20 10:15: 82 filas (fuente=live)
2026-08-20 10:16:00 | DATA   | backfill SPY 120 S 1 min useRTH=False
2026-08-20 10:16:04 | DATA   | cadena 20260820: 82 contratos (ITM+OTM C/P) capturados y cancelados (spot 765.67)
2026-08-20 10:16:04 | DATA   | cadena persistida 2026-08-20 10:16: 82 filas (fuente=live)
2026-08-20 10:17:04 | DATA   | backfill SPY 120 S 1 min useRTH=False
2026-08-20 10:17:09 | DATA   | cadena 20260820: 82 contratos (ITM+OTM C/P) capturados y cancelados (spot 765.56)
2026-08-20 10:17:09 | DATA   | cadena persistida 2026-08-20 10:17: 82 filas (fuente=live)
2026-08-20 10:18:04 | DATA   | backfill SPY 120 S 1 min useRTH=False
2026-08-20 10:18:09 | DATA   | cadena 20260820: 82 contratos (ITM+OTM C/P) capturados y cancelados (spot 765.62)
2026-08-20 10:18:09 | DATA   | cadena persistida 2026-08-20 10:18: 82 filas (fuente=live)
════════════════════════════════════════════════════════════
🔔 2026-08-20 10:18:09 | RIESGO | SYNC 10:18: IBKR tiene 2 pata(s) 0DTE y el sistema se creía PLANO — adoptando
════════════════════════════════════════════════════════════
════════════════════════════════════════════════════════════
🔔 2026-08-20 10:18:09 | RIESGO | ⚠️ 2 pata(s) 0DTE abiertas en IBKR SIN operación abierta en la BD — no se reconstruye; revisar y cerrar a mano
════════════════════════════════════════════════════════════
2026-08-20 10:19:04 | DATA   | backfill SPY 120 S 1 min useRTH=False
2026-08-20 10:19:08 | DATA   | cadena 20260820: 82 contratos (ITM+OTM C/P) capturados y cancelados (spot 765.69)
2026-08-20 10:19:08 | DATA   | cadena persistida 2026-08-20 10:19: 82 filas (fuente=live)
════════════════════════════════════════════════════════════
🔔 2026-08-20 10:19:08 | RIESGO | SYNC 10:19: IBKR tiene 2 pata(s) 0DTE y el sistema se creía PLANO — adoptando
════════════════════════════════════════════════════════════
════════════════════════════════════════════════════════════
🔔 2026-08-20 10:19:08 | RIESGO | ⚠️ 2 pata(s) 0DTE abiertas en IBKR SIN operación abierta en la BD — no se reconstruye; revisar y cerrar a mano
════════════════════════════════════════════════════════════
2026-08-20 10:20:04 | DATA   | backfill SPY 120 S 1 min useRTH=False
2026-08-20 10:20:08 | DATA   | cadena 20260820: 82 contratos (ITM+OTM C/P) capturados y cancelados (spot 765.44)
2026-08-20 10:20:08 | DATA   | cadena persistida 2026-08-20 10:20: 82 filas (fuente=live)
════════════════════════════════════════════════════════════
🔔 2026-08-20 10:20:08 | RIESGO | SYNC 10:20: IBKR tiene 2 pata(s) 0DTE y el sistema se creía PLANO — adoptando
════════════════════════════════════════════════════════════
════════════════════════════════════════════════════════════
🔔 2026-08-20 10:20:08 | RIESGO | ⚠️ 2 pata(s) 0DTE abiertas en IBKR SIN operación abierta en la BD — no se reconstruye; revisar y cerrar a mano
════════════════════════════════════════════════════════════
2026-08-20 10:21:03 | DATA   | backfill SPY 120 S 1 min useRTH=False
2026-08-20 10:21:08 | DATA   | cadena 20260820: 82 contratos (ITM+OTM C/P) capturados y cancelados (spot 766.13)
2026-08-20 10:21:08 | DATA   | cadena persistida 2026-08-20 10:21: 82 filas (fuente=live)
════════════════════════════════════════════════════════════
🔔 2026-08-20 10:21:08 | RIESGO | SYNC 10:21: IBKR tiene 1 pata(s) 0DTE y el sistema se creía PLANO — adoptando
════════════════════════════════════════════════════════════
════════════════════════════════════════════════════════════
🔔 2026-08-20 10:21:08 | RIESGO | ⚠️ 1 pata(s) 0DTE abiertas en IBKR SIN operación abierta en la BD — no se reconstruye; revisar y cerrar a mano
════════════════════════════════════════════════════════════
2026-08-20 10:22:03 | DATA   | backfill SPY 120 S 1 min useRTH=False
2026-08-20 10:22:08 | DATA   | cadena 20260820: 82 contratos (ITM+OTM C/P) capturados y cancelados (spot 766.12)
2026-08-20 10:22:08 | DATA   | cadena persistida 2026-08-20 10:22: 82 filas (fuente=live)
2026-08-20 10:23:03 | DATA   | backfill SPY 120 S 1 min useRTH=False
2026-08-20 10:23:07 | DATA   | cadena 20260820: 82 contratos (ITM+OTM C/P) capturados y cancelados (spot 766.47)
2026-08-20 10:23:07 | DATA   | cadena persistida 2026-08-20 10:23: 82 filas (fuente=live)
2026-08-20 10:24:02 | DATA   | backfill SPY 120 S 1 min useRTH=False
2026-08-20 10:24:07 | DATA   | cadena 20260820: 82 contratos (ITM+OTM C/P) capturados y cancelados (spot 766.91)
2026-08-20 10:24:07 | DATA   | cadena persistida 2026-08-20 10:24: 82 filas (fuente=live)
2026-08-20 10:25:02 | DATA   | backfill SPY 120 S 1 min useRTH=False
2026-08-20 10:25:07 | DATA   | cadena 20260820: 82 contratos (ITM+OTM C/P) capturados y cancelados (spot 766.75)
2026-08-20 10:25:07 | DATA   | cadena persistida 2026-08-20 10:25: 82 filas (fuente=live)
2026-08-20 10:26:02 | DATA   | backfill SPY 120 S 1 min useRTH=False
2026-08-20 10:26:06 | DATA   | cadena 20260820: 82 contratos (ITM+OTM C/P) capturados y cancelados (spot 766.57)
2026-08-20 10:26:06 | DATA   | cadena persistida 2026-08-20 10:26: 82 filas (fuente=live)
2026-08-20 10:27:01 | DATA   | backfill SPY 120 S 1 min useRTH=False
2026-08-20 10:27:06 | DATA   | cadena 20260820: 82 contratos (ITM+OTM C/P) capturados y cancelados (spot 766.24)
2026-08-20 10:27:06 | DATA   | cadena persistida 2026-08-20 10:27: 82 filas (fuente=live)
2026-08-20 10:28:01 | DATA   | backfill SPY 120 S 1 min useRTH=False
2026-08-20 10:28:06 | DATA   | cadena 20260820: 82 contratos (ITM+OTM C/P) capturados y cancelados (spot 766.14)
2026-08-20 10:28:06 | DATA   | cadena persistida 2026-08-20 10:28: 82 filas (fuente=live)
2026-08-20 10:29:01 | DATA   | backfill SPY 120 S 1 min useRTH=False
2026-08-20 10:29:05 | DATA   | cadena 20260820: 82 contratos (ITM+OTM C/P) capturados y cancelados (spot 766.05)
2026-08-20 10:29:05 | DATA   | cadena persistida 2026-08-20 10:29: 82 filas (fuente=live)
2026-08-20 10:30:01 | DATA   | backfill SPY 120 S 1 min useRTH=False
2026-08-20 10:30:05 | DATA   | cadena 20260820: 82 contratos (ITM+OTM C/P) capturados y cancelados (spot 766.22)
2026-08-20 10:30:05 | DATA   | cadena persistida 2026-08-20 10:30: 82 filas (fuente=live)
2026-08-20 10:31:00 | DATA   | backfill SPY 120 S 1 min useRTH=False
2026-08-20 10:31:05 | DATA   | cadena 20260820: 82 contratos (ITM+OTM C/P) capturados y cancelados (spot 766.31)
2026-08-20 10:31:05 | DATA   | cadena persistida 2026-08-20 10:31: 82 filas (fuente=live)
2026-08-20 10:32:00 | DATA   | backfill SPY 120 S 1 min useRTH=False
2026-08-20 10:32:05 | DATA   | cadena 20260820: 82 contratos (ITM+OTM C/P) capturados y cancelados (spot 766.43)
2026-08-20 10:32:05 | DATA   | cadena persistida 2026-08-20 10:32: 82 filas (fuente=live)
════════════════════════════════════════════════════════════
🔔 2026-08-20 10:32:05 | RIESGO | SYNC 10:32: IBKR tiene 2 pata(s) 0DTE y el sistema se creía PLANO — adoptando
════════════════════════════════════════════════════════════
════════════════════════════════════════════════════════════
🔔 2026-08-20 10:32:05 | RIESGO | ⚠️ 2 pata(s) 0DTE abiertas en IBKR SIN operación abierta en la BD — no se reconstruye; revisar y cerrar a mano
════════════════════════════════════════════════════════════
2026-08-20 10:33:00 | DATA   | backfill SPY 120 S 1 min useRTH=False
2026-08-20 10:33:05 | DATA   | cadena 20260820: 82 contratos (ITM+OTM C/P) capturados y cancelados (spot 766.42)
2026-08-20 10:33:05 | DATA   | cadena persistida 2026-08-20 10:33: 82 filas (fuente=live)
════════════════════════════════════════════════════════════
🔔 2026-08-20 10:33:05 | RIESGO | SYNC 10:33: IBKR tiene 2 pata(s) 0DTE y el sistema se creía PLANO — adoptando
════════════════════════════════════════════════════════════
════════════════════════════════════════════════════════════
🔔 2026-08-20 10:33:05 | RIESGO | ⚠️ 2 pata(s) 0DTE abiertas en IBKR SIN operación abierta en la BD — no se reconstruye; revisar y cerrar a mano
════════════════════════════════════════════════════════════
2026-08-20 10:34:00 | DATA   | backfill SPY 120 S 1 min useRTH=False
2026-08-20 10:34:04 | DATA   | cadena 20260820: 82 contratos (ITM+OTM C/P) capturados y cancelados (spot 766.64)
2026-08-20 10:34:04 | DATA   | cadena persistida 2026-08-20 10:34: 82 filas (fuente=live)
2026-08-20 10:35:04 | DATA   | backfill SPY 120 S 1 min useRTH=False
2026-08-20 10:35:09 | DATA   | cadena 20260820: 82 contratos (ITM+OTM C/P) capturados y cancelados (spot 766.11)
2026-08-20 10:35:09 | DATA   | cadena persistida 2026-08-20 10:35: 82 filas (fuente=live)
════════════════════════════════════════════════════════════
🔔 2026-08-20 10:35:09 | RIESGO | SYNC 10:35: IBKR tiene 2 pata(s) 0DTE y el sistema se creía PLANO — adoptando
════════════════════════════════════════════════════════════
════════════════════════════════════════════════════════════
🔔 2026-08-20 10:35:09 | RIESGO | ⚠️ 2 pata(s) 0DTE abiertas en IBKR SIN operación abierta en la BD — no se reconstruye; revisar y cerrar a mano
════════════════════════════════════════════════════════════
2026-08-20 10:36:04 | DATA   | backfill SPY 120 S 1 min useRTH=False
2026-08-20 10:36:09 | DATA   | cadena 20260820: 82 contratos (ITM+OTM C/P) capturados y cancelados (spot 766.27)
2026-08-20 10:36:09 | DATA   | cadena persistida 2026-08-20 10:36: 82 filas (fuente=live)
════════════════════════════════════════════════════════════
🔔 2026-08-20 10:36:09 | RIESGO | SYNC 10:36: IBKR tiene 2 pata(s) 0DTE y el sistema se creía PLANO — adoptando
════════════════════════════════════════════════════════════
════════════════════════════════════════════════════════════
🔔 2026-08-20 10:36:09 | RIESGO | ⚠️ 2 pata(s) 0DTE abiertas en IBKR SIN operación abierta en la BD — no se reconstruye; revisar y cerrar a mano
════════════════════════════════════════════════════════════
2026-08-20 10:37:04 | DATA   | backfill SPY 120 S 1 min useRTH=False
2026-08-20 10:37:09 | DATA   | cadena 20260820: 82 contratos (ITM+OTM C/P) capturados y cancelados (spot 766.62)
2026-08-20 10:37:09 | DATA   | cadena persistida 2026-08-20 10:37: 82 filas (fuente=live)
2026-08-20 10:38:04 | DATA   | backfill SPY 120 S 1 min useRTH=False
2026-08-20 10:38:09 | DATA   | cadena 20260820: 82 contratos (ITM+OTM C/P) capturados y cancelados (spot 766.63)
2026-08-20 10:38:09 | DATA   | cadena persistida 2026-08-20 10:38: 82 filas (fuente=live)
2026-08-20 10:39:00 | DATA   | backfill SPY 120 S 1 min useRTH=False
2026-08-20 10:39:04 | DATA   | cadena 20260820: 82 contratos (ITM+OTM C/P) capturados y cancelados (spot 766.74)
2026-08-20 10:39:04 | DATA   | cadena persistida 2026-08-20 10:39: 82 filas (fuente=live)
2026-08-20 10:40:04 | DATA   | backfill SPY 120 S 1 min useRTH=False
2026-08-20 10:40:09 | DATA   | cadena 20260820: 82 contratos (ITM+OTM C/P) capturados y cancelados (spot 766.97)
2026-08-20 10:40:09 | DATA   | cadena persistida 2026-08-20 10:40: 82 filas (fuente=live)
2026-08-20 10:41:04 | DATA   | backfill SPY 120 S 1 min useRTH=False
2026-08-20 10:41:09 | DATA   | cadena 20260820: 82 contratos (ITM+OTM C/P) capturados y cancelados (spot 766.95)
2026-08-20 10:41:09 | DATA   | cadena persistida 2026-08-20 10:41: 82 filas (fuente=live)
2026-08-20 10:42:04 | DATA   | backfill SPY 120 S 1 min useRTH=False
2026-08-20 10:42:10 | DATA   | cadena 20260820: 82 contratos (ITM+OTM C/P) capturados y cancelados (spot 766.57)
2026-08-20 10:42:10 | DATA   | cadena persistida 2026-08-20 10:42: 82 filas (fuente=live)
2026-08-20 10:43:00 | DATA   | backfill SPY 120 S 1 min useRTH=False
2026-08-20 10:43:05 | DATA   | cadena 20260820: 82 contratos (ITM+OTM C/P) capturados y cancelados (spot 767.08)
2026-08-20 10:43:05 | DATA   | cadena persistida 2026-08-20 10:43: 82 filas (fuente=live)
════════════════════════════════════════════════════════════
🔔 2026-08-20 10:43:05 | RIESGO | SYNC 10:43: IBKR tiene 2 pata(s) 0DTE y el sistema se creía PLANO — adoptando
════════════════════════════════════════════════════════════
════════════════════════════════════════════════════════════
🔔 2026-08-20 10:43:05 | RIESGO | ⚠️ 2 pata(s) 0DTE abiertas en IBKR SIN operación abierta en la BD — no se reconstruye; revisar y cerrar a mano
════════════════════════════════════════════════════════════
2026-08-20 10:44:00 | DATA   | backfill SPY 120 S 1 min useRTH=False
2026-08-20 10:44:05 | DATA   | cadena 20260820: 82 contratos (ITM+OTM C/P) capturados y cancelados (spot 767.12)
2026-08-20 10:44:05 | DATA   | cadena persistida 2026-08-20 10:44: 82 filas (fuente=live)
════════════════════════════════════════════════════════════
🔔 2026-08-20 10:44:05 | RIESGO | SYNC 10:44: IBKR tiene 2 pata(s) 0DTE y el sistema se creía PLANO — adoptando
════════════════════════════════════════════════════════════
════════════════════════════════════════════════════════════
🔔 2026-08-20 10:44:05 | RIESGO | ⚠️ 2 pata(s) 0DTE abiertas en IBKR SIN operación abierta en la BD — no se reconstruye; revisar y cerrar a mano
════════════════════════════════════════════════════════════
2026-08-20 10:45:00 | DATA   | backfill SPY 120 S 1 min useRTH=False
2026-08-20 10:45:05 | DATA   | cadena 20260820: 82 contratos (ITM+OTM C/P) capturados y cancelados (spot 767.17)
2026-08-20 10:45:05 | DATA   | cadena persistida 2026-08-20 10:45: 82 filas (fuente=live)
════════════════════════════════════════════════════════════
🔔 2026-08-20 10:45:05 | RIESGO | SYNC 10:45: IBKR tiene 2 pata(s) 0DTE y el sistema se creía PLANO — adoptando
════════════════════════════════════════════════════════════
════════════════════════════════════════════════════════════
🔔 2026-08-20 10:45:05 | RIESGO | ⚠️ 2 pata(s) 0DTE abiertas en IBKR SIN operación abierta en la BD — no se reconstruye; revisar y cerrar a mano
════════════════════════════════════════════════════════════
2026-08-20 10:46:00 | DATA   | backfill SPY 120 S 1 min useRTH=False
2026-08-20 10:46:05 | DATA   | cadena 20260820: 82 contratos (ITM+OTM C/P) capturados y cancelados (spot 767.30)
2026-08-20 10:46:05 | DATA   | cadena persistida 2026-08-20 10:46: 82 filas (fuente=live)
2026-08-20 10:47:00 | DATA   | backfill SPY 120 S 1 min useRTH=False
