2026-08-20 12:32:35 | DATA   | IBKR conectando a 127.0.0.1:4002 clientId=34
════════════════════════════════════════════════════════════
🔔 2026-08-20 12:32:35 | IBKR | IBKR conectado (paper 4002)
════════════════════════════════════════════════════════════
BARRIDO EXHAUSTIVO | paciencia 20s | 60 combinaciones/pasada | saldo 392.07


═══ PASADA 1 — 12:32 ═══
2026-08-20 12:32:41 | DATA   | cadena 20260820: 98 contratos (ITM+OTM C/P) capturados y cancelados (spot 765.41)
2026-08-20 12:32:48 | DATA   | cadena 20260820: 98 contratos (ITM+OTM C/P) capturados y cancelados (spot 765.41)
  ⚠️ abiertas [(763.0, 'P', -1.0), (766.0, 'P', 1.0)] — cerrando
════════════════════════════════════════════════════════════
🔔 2026-08-20 12:32:48 | RIESGO | BAG no cerró (2 pata/s viva/s) — cierre por patas al MID
════════════════════════════════════════════════════════════
════════════════════════════════════════════════════════════
🔔 2026-08-20 12:32:51 | ORDEN | CIERRE MERCADO SPY P 763 x1
════════════════════════════════════════════════════════════
════════════════════════════════════════════════════════════
🔔 2026-08-20 12:32:59 | ORDEN | CIERRE MERCADO SPY P 766 x1
════════════════════════════════════════════════════════════
2026-08-20 12:33:14 | DATA   | cadena 20260820: 98 contratos (ITM+OTM C/P) capturados y cancelados (spot 765.49)
2026-08-20 12:33:21 | DATA   | cadena 20260820: 98 contratos (ITM+OTM C/P) capturados y cancelados (spot 765.49)
2026-08-20 12:33:29 | DATA   | cadena 20260820: 98 contratos (ITM+OTM C/P) capturados y cancelados (spot 765.49)
2026-08-20 12:33:36 | DATA   | cadena 20260820: 98 contratos (ITM+OTM C/P) capturados y cancelados (spot 765.49)
════════════════════════════════════════════════════════════
🔔 2026-08-20 12:33:42 | ORDEN | COMPRA VERTICAL SPY P L=760/S=756 x1 débito<=0.02
════════════════════════════════════════════════════════════
  12:33:36 P a4 mny -5 -> NO_LLENA    (mid 0.020, spr 100.0%)
════════════════════════════════════════════════════════════
🔔 2026-08-20 12:34:09 | ORDEN | COMPRA VERTICAL SPY P L=762/S=760 x1 débito<=0.05
════════════════════════════════════════════════════════════
  12:34:04 P a2 mny -3 -> NO_LLENA    (mid 0.050, spr 40.0%)
════════════════════════════════════════════════════════════
🔔 2026-08-20 12:34:33 | ORDEN | COMPRA VERTICAL SPY P L=762/S=759 x1 débito<=0.06
════════════════════════════════════════════════════════════
  12:34:30 P a3 mny -3 -> NO_LLENA    (mid 0.060, spr 33.3%)
════════════════════════════════════════════════════════════
🔔 2026-08-20 12:34:59 | ORDEN | COMPRA VERTICAL SPY P L=762/S=758 x1 débito<=0.06
════════════════════════════════════════════════════════════
2026-08-20 12:35:04 | DATA   | cadena 20260820: 14 contratos (ITM+OTM C/P) capturados y cancelados (spot 765.49)
════════════════════════════════════════════════════════════
🔔 2026-08-20 12:35:33 | RIESGO | BAG no cerró (3 pata/s viva/s) — cierre por patas al MID
════════════════════════════════════════════════════════════
════════════════════════════════════════════════════════════
🔔 2026-08-20 12:35:33 | ORDEN | CIERRE MERCADO SPY P 759 x1
════════════════════════════════════════════════════════════
════════════════════════════════════════════════════════════
🔔 2026-08-20 12:35:41 | ORDEN | CIERRE MERCADO SPY P 758 x1
════════════════════════════════════════════════════════════
════════════════════════════════════════════════════════════
🔔 2026-08-20 12:35:49 | ORDEN | CIERRE MERCADO SPY P 762 x2
════════════════════════════════════════════════════════════
  12:34:55 P a4 mny -3 -> C 0.060 en  1.0s (+0.0%) | V 0.040 en 48.5s FORZ | -2.0$
════════════════════════════════════════════════════════════
🔔 2026-08-20 12:36:00 | ORDEN | COMPRA VERTICAL SPY P L=763/S=761 x1 débito<=0.08
════════════════════════════════════════════════════════════
  12:35:57 P a2 mny -2 -> NO_LLENA    (mid 0.100, spr 20.0%)
════════════════════════════════════════════════════════════
🔔 2026-08-20 12:36:24 | ORDEN | COMPRA VERTICAL SPY P L=763/S=760 x1 débito<=0.09
════════════════════════════════════════════════════════════
2026-08-20 12:36:38 | DATA   | cadena 20260820: 14 contratos (ITM+OTM C/P) capturados y cancelados (spot 765.49)
════════════════════════════════════════════════════════════
🔔 2026-08-20 12:37:06 | RIESGO | BAG no cerró (2 pata/s viva/s) — cierre por patas al MID
════════════════════════════════════════════════════════════
════════════════════════════════════════════════════════════
🔔 2026-08-20 12:37:07 | ORDEN | CIERRE MERCADO SPY P 760 x1
════════════════════════════════════════════════════════════
════════════════════════════════════════════════════════════
🔔 2026-08-20 12:37:15 | ORDEN | CIERRE MERCADO SPY P 763 x1
════════════════════════════════════════════════════════════
  12:36:21 P a3 mny -2 -> C 0.090 en 10.6s (-25.0%) | V 0.070 en 41.3s FORZ | -2.0$
2026-08-20 12:37:29 | DATA   | cadena 20260820: 98 contratos (ITM+OTM C/P) capturados y cancelados (spot 766.28)
2026-08-20 12:37:36 | DATA   | cadena 20260820: 98 contratos (ITM+OTM C/P) capturados y cancelados (spot 766.28)
════════════════════════════════════════════════════════════
🔔 2026-08-20 12:37:42 | ORDEN | COMPRA VERTICAL SPY P L=764/S=760 x1 débito<=0.17
════════════════════════════════════════════════════════════
  12:37:36 P a4 mny -2 -> NO_LLENA    (mid 0.160, spr 12.5%)
════════════════════════════════════════════════════════════
🔔 2026-08-20 12:38:08 | ORDEN | COMPRA VERTICAL SPY P L=765/S=763 x1 débito<=0.30
════════════════════════════════════════════════════════════
  12:38:04 P a2 mny -1 -> NO_LLENA    (mid 0.280, spr 7.1%)
════════════════════════════════════════════════════════════
🔔 2026-08-20 12:38:33 | ORDEN | COMPRA VERTICAL SPY P L=765/S=762 x1 débito<=0.34
════════════════════════════════════════════════════════════
2026-08-20 12:38:38 | DATA   | cadena 20260820: 14 contratos (ITM+OTM C/P) capturados y cancelados (spot 766.28)
════════════════════════════════════════════════════════════
🔔 2026-08-20 12:38:41 | RIESGO | BAG no cerró (2 pata/s viva/s) — cierre por patas al MID
════════════════════════════════════════════════════════════
════════════════════════════════════════════════════════════
🔔 2026-08-20 12:38:41 | ORDEN | CIERRE MERCADO SPY P 762 x1
════════════════════════════════════════════════════════════
════════════════════════════════════════════════════════════
🔔 2026-08-20 12:38:49 | ORDEN | CIERRE MERCADO SPY P 765 x1
════════════════════════════════════════════════════════════
  12:38:30 P a3 mny -1 -> C 0.340 en  1.0s (+6.2%) | V 0.320 en 16.1s FORZ | -2.0$
════════════════════════════════════════════════════════════
🔔 2026-08-20 12:39:00 | ORDEN | COMPRA VERTICAL SPY P L=765/S=761 x1 débito<=0.34
════════════════════════════════════════════════════════════
  12:38:57 P a4 mny -1 -> NO_LLENA    (mid 0.340, spr 5.9%)
════════════════════════════════════════════════════════════
🔔 2026-08-20 12:39:25 | ORDEN | COMPRA VERTICAL SPY P L=766/S=764 x1 débito<=0.51
════════════════════════════════════════════════════════════
2026-08-20 12:39:34 | DATA   | cadena 20260820: 14 contratos (ITM+OTM C/P) capturados y cancelados (spot 766.28)
════════════════════════════════════════════════════════════
🔔 2026-08-20 12:40:02 | RIESGO | BAG no cerró (2 pata/s viva/s) — cierre por patas al MID
════════════════════════════════════════════════════════════
════════════════════════════════════════════════════════════
🔔 2026-08-20 12:40:03 | ORDEN | CIERRE MERCADO SPY P 764 x1
════════════════════════════════════════════════════════════
════════════════════════════════════════════════════════════
🔔 2026-08-20 12:40:11 | ORDEN | CIERRE MERCADO SPY P 766 x1
════════════════════════════════════════════════════════════
  12:39:22 P a2 mny +0 -> C 0.500 en  6.1s (+0.0%) | V 0.480 en 41.3s FORZ | -2.0$
════════════════════════════════════════════════════════════
🔔 2026-08-20 12:40:22 | ORDEN | COMPRA VERTICAL SPY P L=766/S=763 x1 débito<=0.55
════════════════════════════════════════════════════════════
2026-08-20 12:40:29 | DATA   | cadena 20260820: 14 contratos (ITM+OTM C/P) capturados y cancelados (spot 766.28)
════════════════════════════════════════════════════════════
🔔 2026-08-20 12:40:32 | RIESGO | BAG no cerró (2 pata/s viva/s) — cierre por patas al MID
════════════════════════════════════════════════════════════
════════════════════════════════════════════════════════════
🔔 2026-08-20 12:40:32 | ORDEN | CIERRE MERCADO SPY P 763 x1
════════════════════════════════════════════════════════════
════════════════════════════════════════════════════════════
🔔 2026-08-20 12:40:41 | ORDEN | CIERRE MERCADO SPY P 766 x1
════════════════════════════════════════════════════════════
  12:40:19 P a3 mny +0 -> C 0.550 en  3.6s (-6.8%) | V 0.500 en 16.1s FORZ | -5.0$
2026-08-20 12:40:54 | DATA   | cadena 20260820: 98 contratos (ITM+OTM C/P) capturados y cancelados (spot 766.30)
2026-08-20 12:41:01 | DATA   | cadena 20260820: 98 contratos (ITM+OTM C/P) capturados y cancelados (spot 766.30)
════════════════════════════════════════════════════════════
🔔 2026-08-20 12:41:09 | ORDEN | COMPRA VERTICAL SPY P L=766/S=762 x1 débito<=0.56
════════════════════════════════════════════════════════════
2026-08-20 12:41:16 | DATA   | cadena 20260820: 14 contratos (ITM+OTM C/P) capturados y cancelados (spot 766.30)
════════════════════════════════════════════════════════════
🔔 2026-08-20 12:41:20 | RIESGO | BAG no cerró (2 pata/s viva/s) — cierre por patas al MID
════════════════════════════════════════════════════════════
════════════════════════════════════════════════════════════
🔔 2026-08-20 12:41:20 | ORDEN | CIERRE MERCADO SPY P 762 x1
════════════════════════════════════════════════════════════
════════════════════════════════════════════════════════════
🔔 2026-08-20 12:41:28 | ORDEN | CIERRE MERCADO SPY P 766 x1
════════════════════════════════════════════════════════════
  12:41:01 P a4 mny +0 -> C 0.560 en  3.1s (+0.0%) | V 0.550 en 16.1s FORZ | -1.0$
════════════════════════════════════════════════════════════
🔔 2026-08-20 12:41:39 | ORDEN | COMPRA VERTICAL SPY C L=765/S=767 x1 débito<=1.23
════════════════════════════════════════════════════════════
2026-08-20 12:41:49 | DATA   | cadena 20260820: 14 contratos (ITM+OTM C/P) capturados y cancelados (spot 766.30)
════════════════════════════════════════════════════════════
🔔 2026-08-20 12:41:52 | RIESGO | BAG no cerró (2 pata/s viva/s) — cierre por patas al MID
════════════════════════════════════════════════════════════
════════════════════════════════════════════════════════════
🔔 2026-08-20 12:41:52 | ORDEN | CIERRE MERCADO SPY C 767 x1
════════════════════════════════════════════════════════════
════════════════════════════════════════════════════════════
🔔 2026-08-20 12:42:00 | ORDEN | CIERRE MERCADO SPY C 765 x1
════════════════════════════════════════════════════════════
  12:41:36 C a2 mny +1 -> C 1.230 en  6.1s (-0.4%) | V 1.210 en 16.1s FORZ | -2.0$
════════════════════════════════════════════════════════════
🔔 2026-08-20 12:42:11 | ORDEN | COMPRA VERTICAL SPY P L=767/S=765 x1 débito<=0.80
════════════════════════════════════════════════════════════
2026-08-20 12:42:17 | DATA   | cadena 20260820: 14 contratos (ITM+OTM C/P) capturados y cancelados (spot 766.30)
════════════════════════════════════════════════════════════
🔔 2026-08-20 12:42:20 | RIESGO | BAG no cerró (2 pata/s viva/s) — cierre por patas al MID
════════════════════════════════════════════════════════════
════════════════════════════════════════════════════════════
🔔 2026-08-20 12:42:20 | ORDEN | CIERRE MERCADO SPY P 765 x1
════════════════════════════════════════════════════════════
════════════════════════════════════════════════════════════
🔔 2026-08-20 12:42:28 | ORDEN | CIERRE MERCADO SPY P 767 x1
════════════════════════════════════════════════════════════
  12:42:08 P a2 mny +1 -> C 0.800 en  1.5s (+3.9%) | V 0.760 en 16.1s FORZ | -4.0$
════════════════════════════════════════════════════════════
🔔 2026-08-20 12:42:39 | ORDEN | COMPRA VERTICAL SPY P L=767/S=764 x1 débito<=0.93
════════════════════════════════════════════════════════════
  12:42:36 P a3 mny +1 -> NO_LLENA    (mid 0.930, spr 2.2%)
════════════════════════════════════════════════════════════
🔔 2026-08-20 12:43:04 | ORDEN | COMPRA VERTICAL SPY P L=767/S=763 x1 débito<=1.06
════════════════════════════════════════════════════════════
2026-08-20 12:43:09 | DATA   | cadena 20260820: 14 contratos (ITM+OTM C/P) capturados y cancelados (spot 766.30)
════════════════════════════════════════════════════════════
🔔 2026-08-20 12:43:13 | RIESGO | BAG no cerró (2 pata/s viva/s) — cierre por patas al MID
════════════════════════════════════════════════════════════
════════════════════════════════════════════════════════════
🔔 2026-08-20 12:43:13 | ORDEN | CIERRE MERCADO SPY P 763 x1
════════════════════════════════════════════════════════════
════════════════════════════════════════════════════════════
🔔 2026-08-20 12:43:21 | ORDEN | CIERRE MERCADO SPY P 767 x1
════════════════════════════════════════════════════════════
  12:43:01 P a4 mny +1 -> C 1.060 en  2.0s (+5.0%) | V 1.040 en 16.1s FORZ | -2.0$
════════════════════════════════════════════════════════════
🔔 2026-08-20 12:43:32 | ORDEN | COMPRA VERTICAL SPY C L=764/S=766 x1 débito<=1.54
════════════════════════════════════════════════════════════
2026-08-20 12:43:37 | DATA   | cadena 20260820: 14 contratos (ITM+OTM C/P) capturados y cancelados (spot 766.30)
════════════════════════════════════════════════════════════
🔔 2026-08-20 12:44:04 | RIESGO | BAG no cerró (2 pata/s viva/s) — cierre por patas al MID
════════════════════════════════════════════════════════════
════════════════════════════════════════════════════════════
🔔 2026-08-20 12:44:05 | ORDEN | CIERRE MERCADO SPY C 766 x1
════════════════════════════════════════════════════════════
════════════════════════════════════════════════════════════
🔔 2026-08-20 12:44:13 | ORDEN | CIERRE MERCADO SPY C 764 x1
════════════════════════════════════════════════════════════
  12:43:29 C a2 mny +2 -> C 1.540 en  1.5s (-1.3%) | V 1.530 en 40.9s FORZ | -1.0$
2026-08-20 12:44:26 | DATA   | cadena 20260820: 98 contratos (ITM+OTM C/P) capturados y cancelados (spot 766.33)
2026-08-20 12:44:34 | DATA   | cadena 20260820: 98 contratos (ITM+OTM C/P) capturados y cancelados (spot 766.33)
════════════════════════════════════════════════════════════
🔔 2026-08-20 12:44:40 | ORDEN | COMPRA VERTICAL SPY C L=764/S=767 x1 débito<=2.10
════════════════════════════════════════════════════════════
  12:44:34 C a3 mny +2 -> NO_LLENA    (mid 2.080, spr 1.9%)
════════════════════════════════════════════════════════════
🔔 2026-08-20 12:45:07 | ORDEN | COMPRA VERTICAL SPY P L=768/S=765 x1 débito<=1.47
════════════════════════════════════════════════════════════
  12:45:01 P a3 mny +2 -> RECHAZADA  MARGEN (mid 1.470, spr 2.7%)
════════════════════════════════════════════════════════════
🔔 2026-08-20 12:45:13 | ORDEN | COMPRA VERTICAL SPY C L=764/S=768 x1 débito<=2.34
════════════════════════════════════════════════════════════
  12:45:10 C a4 mny +2 -> RECHAZADA  MARGEN (mid 2.380, spr 1.7%)
════════════════════════════════════════════════════════════
🔔 2026-08-20 12:45:18 | ORDEN | COMPRA VERTICAL SPY P L=768/S=764 x1 débito<=1.71
════════════════════════════════════════════════════════════
  12:45:15 P a4 mny +2 -> RECHAZADA  MARGEN (mid 1.610, spr 2.5%)
════════════════════════════════════════════════════════════
🔔 2026-08-20 12:45:23 | ORDEN | COMPRA VERTICAL SPY C L=763/S=765 x1 débito<=1.77
════════════════════════════════════════════════════════════
  12:45:20 C a2 mny +3 -> RECHAZADA  MARGEN (mid 1.775, spr 2.8%)
════════════════════════════════════════════════════════════
🔔 2026-08-20 12:45:27 | ORDEN | COMPRA VERTICAL SPY P L=769/S=767 x1 débito<=1.61
════════════════════════════════════════════════════════════
  12:45:25 P a2 mny +3 -> RECHAZADA  MARGEN (mid 1.590, spr 2.5%)
2026-08-20 12:45:35 | DATA   | cadena 20260820: 98 contratos (ITM+OTM C/P) capturados y cancelados (spot 766.64)
  ⚠️ abiertas [(767.0, 'C', -1.0), (764.0, 'C', 1.0)] — cerrando
════════════════════════════════════════════════════════════
🔔 2026-08-20 12:45:35 | RIESGO | BAG no cerró (2 pata/s viva/s) — cierre por patas al MID
════════════════════════════════════════════════════════════
════════════════════════════════════════════════════════════
🔔 2026-08-20 12:45:38 | ORDEN | CIERRE MERCADO SPY C 767 x1
════════════════════════════════════════════════════════════
════════════════════════════════════════════════════════════
🔔 2026-08-20 12:45:46 | ORDEN | CIERRE MERCADO SPY C 764 x1
════════════════════════════════════════════════════════════
════════════════════════════════════════════════════════════
🔔 2026-08-20 12:45:54 | RIESGO | BAG no cerró (1 pata/s viva/s) — cierre por patas a MERCADO (último recurso)
════════════════════════════════════════════════════════════
════════════════════════════════════════════════════════════
🔔 2026-08-20 12:45:54 | ORDEN | CIERRE MERCADO SPY C 764 x1
════════════════════════════════════════════════════════════
════════════════════════════════════════════════════════════
🔔 2026-08-20 12:46:07 | ORDEN | COMPRA VERTICAL SPY C L=764/S=767 x1 débito<=2.07
════════════════════════════════════════════════════════════
  12:46:02 C a3 mny +3 -> NO_LLENA    (mid 2.030, spr 2.0%)
════════════════════════════════════════════════════════════
🔔 2026-08-20 12:46:32 | ORDEN | COMPRA VERTICAL SPY P L=770/S=767 x1 débito<=2.54
════════════════════════════════════════════════════════════
2026-08-20 12:46:52 | DATA   | cadena 20260820: 14 contratos (ITM+OTM C/P) capturados y cancelados (spot 766.64)
════════════════════════════════════════════════════════════
🔔 2026-08-20 12:47:19 | RIESGO | BAG no cerró (2 pata/s viva/s) — cierre por patas al MID
════════════════════════════════════════════════════════════
════════════════════════════════════════════════════════════
🔔 2026-08-20 12:47:20 | ORDEN | CIERRE MERCADO SPY P 767 x1
════════════════════════════════════════════════════════════
════════════════════════════════════════════════════════════
🔔 2026-08-20 12:47:28 | ORDEN | CIERRE MERCADO SPY P 770 x1
════════════════════════════════════════════════════════════
════════════════════════════════════════════════════════════
🔔 2026-08-20 12:47:36 | RIESGO | BAG no cerró (2 pata/s viva/s) — cierre por patas a MERCADO (último recurso)
════════════════════════════════════════════════════════════
════════════════════════════════════════════════════════════
🔔 2026-08-20 12:47:36 | ORDEN | CIERRE MERCADO SPY P 767 x1
════════════════════════════════════════════════════════════
════════════════════════════════════════════════════════════
🔔 2026-08-20 12:47:44 | ORDEN | CIERRE MERCADO SPY P 770 x1
════════════════════════════════════════════════════════════
════════════════════════════════════════════════════════════
🔔 2026-08-20 12:47:52 | RIESGO | ⚠️ NO SE PUDO CERRAR: [(767.0, 'P', -1.0), (770.0, 'P', 1.0)] — CERRAR A MANO ANTES DE LAS 16:00 (§12)
════════════════════════════════════════════════════════════
  12:46:29 P a3 mny +3 -> C 2.540 en 16.7s (-0.6%) | V ? en 56.5s FORZ | None$
════════════════════════════════════════════════════════════
🔔 2026-08-20 12:47:56 | ORDEN | COMPRA VERTICAL SPY C L=764/S=768 x1 débito<=2.44
════════════════════════════════════════════════════════════
  12:47:52 C a4 mny +3 -> RECHAZADA  MARGEN (mid 2.300, spr 1.7%)
════════════════════════════════════════════════════════════
🔔 2026-08-20 12:48:01 | ORDEN | COMPRA VERTICAL SPY P L=770/S=766 x1 débito<=2.97
════════════════════════════════════════════════════════════
  12:47:58 P a4 mny +3 -> RECHAZADA  MARGEN (mid 3.065, spr 3.6%)
════════════════════════════════════════════════════════════
🔔 2026-08-20 12:48:07 | ORDEN | COMPRA VERTICAL SPY C L=763/S=765 x1 débito<=1.79
════════════════════════════════════════════════════════════
  12:48:03 C a2 mny +4 -> RECHAZADA  MARGEN (mid 1.755, spr 2.8%)
════════════════════════════════════════════════════════════
🔔 2026-08-20 12:48:13 | ORDEN | COMPRA VERTICAL SPY P L=771/S=769 x1 débito<=1.89
════════════════════════════════════════════════════════════
  12:48:10 P a2 mny +4 -> RECHAZADA  MARGEN (mid 1.885, spr 13.3%)
2026-08-20 12:48:20 | DATA   | cadena 20260820: 98 contratos (ITM+OTM C/P) capturados y cancelados (spot 766.55)
  ⚠️ abiertas [(767.0, 'P', -1.0), (770.0, 'P', 1.0)] — cerrando
════════════════════════════════════════════════════════════
🔔 2026-08-20 12:48:20 | RIESGO | BAG no cerró (2 pata/s viva/s) — cierre por patas al MID
════════════════════════════════════════════════════════════
════════════════════════════════════════════════════════════
🔔 2026-08-20 12:48:24 | ORDEN | CIERRE MERCADO SPY P 767 x1
════════════════════════════════════════════════════════════
════════════════════════════════════════════════════════════
🔔 2026-08-20 12:48:32 | ORDEN | CIERRE MERCADO SPY P 770 x1
════════════════════════════════════════════════════════════
════════════════════════════════════════════════════════════
🔔 2026-08-20 12:48:40 | RIESGO | BAG no cerró (2 pata/s viva/s) — cierre por patas a MERCADO (último recurso)
════════════════════════════════════════════════════════════
════════════════════════════════════════════════════════════
🔔 2026-08-20 12:48:40 | ORDEN | CIERRE MERCADO SPY P 767 x1
════════════════════════════════════════════════════════════
════════════════════════════════════════════════════════════
🔔 2026-08-20 12:48:48 | ORDEN | CIERRE MERCADO SPY P 770 x1
════════════════════════════════════════════════════════════
════════════════════════════════════════════════════════════
🔔 2026-08-20 12:48:56 | RIESGO | ⚠️ NO SE PUDO CERRAR: [(767.0, 'P', -1.0), (770.0, 'P', 1.0)] — CERRAR A MANO ANTES DE LAS 16:00 (§12)
════════════════════════════════════════════════════════════
════════════════════════════════════════════════════════════
🔔 2026-08-20 12:49:00 | ORDEN | COMPRA VERTICAL SPY C L=763/S=766 x1 débito<=2.48
════════════════════════════════════════════════════════════
  12:48:56 C a3 mny +4 -> RECHAZADA  MARGEN (mid 2.530, spr 1.6%)
════════════════════════════════════════════════════════════
🔔 2026-08-20 12:49:07 | ORDEN | COMPRA VERTICAL SPY C L=763/S=767 x1 débito<=2.98
════════════════════════════════════════════════════════════
  12:49:02 C a4 mny +4 -> RECHAZADA  MARGEN (mid 3.070, spr 1.3%)
════════════════════════════════════════════════════════════
🔔 2026-08-20 12:49:13 | ORDEN | COMPRA VERTICAL SPY C L=762/S=764 x1 débito<=1.89
════════════════════════════════════════════════════════════
  12:49:10 C a2 mny +5 -> RECHAZADA  MARGEN (mid 1.900, spr 9.5%)
════════════════════════════════════════════════════════════
🔔 2026-08-20 12:49:17 | ORDEN | COMPRA VERTICAL SPY C L=762/S=765 x1 débito<=2.76
════════════════════════════════════════════════════════════
  12:49:15 C a3 mny +5 -> RECHAZADA  MARGEN (mid 2.760, spr 6.5%)
════════════════════════════════════════════════════════════
🔔 2026-08-20 12:49:22 | ORDEN | COMPRA VERTICAL SPY C L=762/S=766 x1 débito<=3.48
════════════════════════════════════════════════════════════
  12:49:19 C a4 mny +5 -> RECHAZADA  MARGEN (mid 3.500, spr 4.6%)
  -> pasada 1: 35 pruebas

═══ PASADA 2 — 12:49 ═══
2026-08-20 12:49:29 | DATA   | cadena 20260820: 98 contratos (ITM+OTM C/P) capturados y cancelados (spot 766.43)
2026-08-20 12:49:37 | DATA   | cadena 20260820: 98 contratos (ITM+OTM C/P) capturados y cancelados (spot 766.43)
  ⚠️ abiertas [(767.0, 'P', -1.0), (770.0, 'P', 1.0)] — cerrando
════════════════════════════════════════════════════════════
🔔 2026-08-20 12:49:37 | RIESGO | BAG no cerró (2 pata/s viva/s) — cierre por patas al MID
════════════════════════════════════════════════════════════
════════════════════════════════════════════════════════════
🔔 2026-08-20 12:49:40 | ORDEN | CIERRE MERCADO SPY P 767 x1
════════════════════════════════════════════════════════════
════════════════════════════════════════════════════════════
🔔 2026-08-20 12:49:48 | ORDEN | CIERRE MERCADO SPY P 770 x1
════════════════════════════════════════════════════════════
════════════════════════════════════════════════════════════
🔔 2026-08-20 12:49:56 | RIESGO | BAG no cerró (2 pata/s viva/s) — cierre por patas a MERCADO (último recurso)
════════════════════════════════════════════════════════════
════════════════════════════════════════════════════════════
🔔 2026-08-20 12:49:56 | ORDEN | CIERRE MERCADO SPY P 767 x1
════════════════════════════════════════════════════════════
════════════════════════════════════════════════════════════
🔔 2026-08-20 12:50:05 | ORDEN | CIERRE MERCADO SPY P 770 x1
════════════════════════════════════════════════════════════
════════════════════════════════════════════════════════════
🔔 2026-08-20 12:50:13 | RIESGO | ⚠️ NO SE PUDO CERRAR: [(767.0, 'P', -1.0), (770.0, 'P', 1.0)] — CERRAR A MANO ANTES DE LAS 16:00 (§12)
════════════════════════════════════════════════════════════
2026-08-20 12:50:18 | DATA   | cadena 20260820: 98 contratos (ITM+OTM C/P) capturados y cancelados (spot 766.37)
  ⚠️ abiertas [(767.0, 'P', -1.0), (770.0, 'P', 1.0)] — cerrando
════════════════════════════════════════════════════════════
🔔 2026-08-20 12:50:18 | RIESGO | BAG no cerró (2 pata/s viva/s) — cierre por patas al MID
════════════════════════════════════════════════════════════
════════════════════════════════════════════════════════════
🔔 2026-08-20 12:50:21 | ORDEN | CIERRE MERCADO SPY P 767 x1
════════════════════════════════════════════════════════════
════════════════════════════════════════════════════════════
🔔 2026-08-20 12:50:29 | ORDEN | CIERRE MERCADO SPY P 770 x1
════════════════════════════════════════════════════════════
════════════════════════════════════════════════════════════
🔔 2026-08-20 12:50:37 | RIESGO | BAG no cerró (2 pata/s viva/s) — cierre por patas a MERCADO (último recurso)
════════════════════════════════════════════════════════════
════════════════════════════════════════════════════════════
🔔 2026-08-20 12:50:37 | ORDEN | CIERRE MERCADO SPY P 767 x1
════════════════════════════════════════════════════════════
════════════════════════════════════════════════════════════
🔔 2026-08-20 12:50:45 | ORDEN | CIERRE MERCADO SPY P 770 x1
════════════════════════════════════════════════════════════
════════════════════════════════════════════════════════════
🔔 2026-08-20 12:50:53 | RIESGO | ⚠️ NO SE PUDO CERRAR: [(767.0, 'P', -1.0), (770.0, 'P', 1.0)] — CERRAR A MANO ANTES DE LAS 16:00 (§12)
════════════════════════════════════════════════════════════
2026-08-20 12:50:58 | DATA   | cadena 20260820: 98 contratos (ITM+OTM C/P) capturados y cancelados (spot 766.37)
  ⚠️ abiertas [(767.0, 'P', -1.0), (770.0, 'P', 1.0)] — cerrando
════════════════════════════════════════════════════════════
🔔 2026-08-20 12:50:58 | RIESGO | BAG no cerró (2 pata/s viva/s) — cierre por patas al MID
════════════════════════════════════════════════════════════
════════════════════════════════════════════════════════════
🔔 2026-08-20 12:51:02 | ORDEN | CIERRE MERCADO SPY P 767 x1
════════════════════════════════════════════════════════════
════════════════════════════════════════════════════════════
🔔 2026-08-20 12:51:10 | ORDEN | CIERRE MERCADO SPY P 770 x1
════════════════════════════════════════════════════════════
════════════════════════════════════════════════════════════
🔔 2026-08-20 12:51:18 | RIESGO | BAG no cerró (2 pata/s viva/s) — cierre por patas a MERCADO (último recurso)
════════════════════════════════════════════════════════════
════════════════════════════════════════════════════════════
🔔 2026-08-20 12:51:18 | ORDEN | CIERRE MERCADO SPY P 767 x1
════════════════════════════════════════════════════════════
════════════════════════════════════════════════════════════
🔔 2026-08-20 12:51:26 | ORDEN | CIERRE MERCADO SPY P 770 x1
════════════════════════════════════════════════════════════
════════════════════════════════════════════════════════════
🔔 2026-08-20 12:51:34 | RIESGO | ⚠️ NO SE PUDO CERRAR: [(767.0, 'P', -1.0), (770.0, 'P', 1.0)] — CERRAR A MANO ANTES DE LAS 16:00 (§12)
════════════════════════════════════════════════════════════
2026-08-20 12:51:39 | DATA   | cadena 20260820: 98 contratos (ITM+OTM C/P) capturados y cancelados (spot 766.42)
  ⚠️ abiertas [(767.0, 'P', -1.0), (770.0, 'P', 1.0)] — cerrando
════════════════════════════════════════════════════════════
🔔 2026-08-20 12:51:39 | RIESGO | BAG no cerró (2 pata/s viva/s) — cierre por patas al MID
════════════════════════════════════════════════════════════
════════════════════════════════════════════════════════════
🔔 2026-08-20 12:51:42 | ORDEN | CIERRE MERCADO SPY P 767 x1
════════════════════════════════════════════════════════════
════════════════════════════════════════════════════════════
🔔 2026-08-20 12:51:50 | ORDEN | CIERRE MERCADO SPY P 770 x1
════════════════════════════════════════════════════════════
════════════════════════════════════════════════════════════
🔔 2026-08-20 12:51:58 | RIESGO | BAG no cerró (2 pata/s viva/s) — cierre por patas a MERCADO (último recurso)
════════════════════════════════════════════════════════════
════════════════════════════════════════════════════════════
🔔 2026-08-20 12:51:58 | ORDEN | CIERRE MERCADO SPY P 767 x1
════════════════════════════════════════════════════════════
════════════════════════════════════════════════════════════
🔔 2026-08-20 12:52:07 | ORDEN | CIERRE MERCADO SPY P 770 x1
════════════════════════════════════════════════════════════
════════════════════════════════════════════════════════════
🔔 2026-08-20 12:52:15 | RIESGO | ⚠️ NO SE PUDO CERRAR: [(767.0, 'P', -1.0), (770.0, 'P', 1.0)] — CERRAR A MANO ANTES DE LAS 16:00 (§12)
════════════════════════════════════════════════════════════
2026-08-20 12:52:20 | DATA   | cadena 20260820: 98 contratos (ITM+OTM C/P) capturados y cancelados (spot 766.29)
  ⚠️ abiertas [(767.0, 'P', -1.0), (770.0, 'P', 1.0)] — cerrando
════════════════════════════════════════════════════════════
🔔 2026-08-20 12:52:20 | RIESGO | BAG no cerró (2 pata/s viva/s) — cierre por patas al MID
════════════════════════════════════════════════════════════
════════════════════════════════════════════════════════════
🔔 2026-08-20 12:52:24 | ORDEN | CIERRE MERCADO SPY P 767 x1
════════════════════════════════════════════════════════════
════════════════════════════════════════════════════════════
🔔 2026-08-20 12:52:32 | ORDEN | CIERRE MERCADO SPY P 770 x1
════════════════════════════════════════════════════════════
════════════════════════════════════════════════════════════
🔔 2026-08-20 12:52:40 | RIESGO | BAG no cerró (2 pata/s viva/s) — cierre por patas a MERCADO (último recurso)
════════════════════════════════════════════════════════════
════════════════════════════════════════════════════════════
🔔 2026-08-20 12:52:40 | ORDEN | CIERRE MERCADO SPY P 767 x1
════════════════════════════════════════════════════════════
════════════════════════════════════════════════════════════
🔔 2026-08-20 12:52:48 | ORDEN | CIERRE MERCADO SPY P 770 x1
════════════════════════════════════════════════════════════
════════════════════════════════════════════════════════════
🔔 2026-08-20 12:52:56 | RIESGO | ⚠️ NO SE PUDO CERRAR: [(767.0, 'P', -1.0), (770.0, 'P', 1.0)] — CERRAR A MANO ANTES DE LAS 16:00 (§12)
════════════════════════════════════════════════════════════
════════════════════════════════════════════════════════════
🔔 2026-08-20 12:53:01 | ORDEN | COMPRA VERTICAL SPY P L=761/S=757 x1 débito<=0.02
════════════════════════════════════════════════════════════
  12:52:56 P a4 mny -5 -> NO_LLENA    (mid 0.020, spr 100.0%)
════════════════════════════════════════════════════════════
🔔 2026-08-20 12:53:26 | ORDEN | COMPRA VERTICAL SPY P L=763/S=761 x1 débito<=0.05
════════════════════════════════════════════════════════════
  12:53:23 P a2 mny -3 -> NO_LLENA    (mid 0.050, spr 40.0%)
════════════════════════════════════════════════════════════
🔔 2026-08-20 12:53:51 | ORDEN | COMPRA VERTICAL SPY P L=763/S=760 x1 débito<=0.06
════════════════════════════════════════════════════════════
  12:53:48 P a3 mny -3 -> NO_LLENA    (mid 0.060, spr 33.3%)
════════════════════════════════════════════════════════════
🔔 2026-08-20 12:54:15 | ORDEN | COMPRA VERTICAL SPY P L=763/S=759 x1 débito<=0.06
════════════════════════════════════════════════════════════
  12:54:12 P a4 mny -3 -> NO_LLENA    (mid 0.060, spr 33.3%)
════════════════════════════════════════════════════════════
🔔 2026-08-20 12:54:40 | ORDEN | COMPRA VERTICAL SPY P L=764/S=762 x1 débito<=0.13
════════════════════════════════════════════════════════════
  12:54:37 P a2 mny -2 -> NO_LLENA    (mid 0.130, spr 15.4%)
════════════════════════════════════════════════════════════
🔔 2026-08-20 12:55:04 | ORDEN | COMPRA VERTICAL SPY P L=764/S=761 x1 débito<=0.14
════════════════════════════════════════════════════════════
2026-08-20 12:55:23 | DATA   | cadena 20260820: 14 contratos (ITM+OTM C/P) capturados y cancelados (spot 766.29)
════════════════════════════════════════════════════════════
🔔 2026-08-20 12:55:51 | RIESGO | BAG no cerró (4 pata/s viva/s) — cierre por patas al MID
════════════════════════════════════════════════════════════
════════════════════════════════════════════════════════════
🔔 2026-08-20 12:55:51 | ORDEN | CIERRE MERCADO SPY P 767 x1
════════════════════════════════════════════════════════════
════════════════════════════════════════════════════════════
🔔 2026-08-20 12:55:59 | ORDEN | CIERRE MERCADO SPY P 761 x1
════════════════════════════════════════════════════════════
════════════════════════════════════════════════════════════
🔔 2026-08-20 12:56:07 | ORDEN | CIERRE MERCADO SPY P 770 x1
════════════════════════════════════════════════════════════
════════════════════════════════════════════════════════════
🔔 2026-08-20 12:56:15 | ORDEN | CIERRE MERCADO SPY P 764 x1
════════════════════════════════════════════════════════════
════════════════════════════════════════════════════════════
🔔 2026-08-20 12:56:23 | RIESGO | BAG no cerró (2 pata/s viva/s) — cierre por patas a MERCADO (último recurso)
════════════════════════════════════════════════════════════
════════════════════════════════════════════════════════════
🔔 2026-08-20 12:56:23 | ORDEN | CIERRE MERCADO SPY P 767 x1
════════════════════════════════════════════════════════════
════════════════════════════════════════════════════════════
🔔 2026-08-20 12:56:31 | ORDEN | CIERRE MERCADO SPY P 770 x1
════════════════════════════════════════════════════════════
════════════════════════════════════════════════════════════
🔔 2026-08-20 12:56:39 | RIESGO | ⚠️ NO SE PUDO CERRAR: [(767.0, 'P', -1.0), (770.0, 'P', 1.0)] — CERRAR A MANO ANTES DE LAS 16:00 (§12)
════════════════════════════════════════════════════════════
  12:55:01 P a3 mny -2 -> C 0.140 en 15.2s (+0.0%) | V 0.130 en 73.2s FORZ | -1.0$
2026-08-20 12:56:45 | DATA   | cadena 20260820: 98 contratos (ITM+OTM C/P) capturados y cancelados (spot 766.14)
  ⚠️ abiertas [(767.0, 'P', -1.0), (770.0, 'P', 1.0)] — cerrando
════════════════════════════════════════════════════════════
🔔 2026-08-20 12:56:45 | RIESGO | BAG no cerró (2 pata/s viva/s) — cierre por patas al MID
════════════════════════════════════════════════════════════
════════════════════════════════════════════════════════════
🔔 2026-08-20 12:56:47 | ORDEN | CIERRE MERCADO SPY P 767 x1
════════════════════════════════════════════════════════════
════════════════════════════════════════════════════════════
🔔 2026-08-20 12:56:55 | ORDEN | CIERRE MERCADO SPY P 770 x1
════════════════════════════════════════════════════════════
════════════════════════════════════════════════════════════
🔔 2026-08-20 12:57:03 | RIESGO | BAG no cerró (2 pata/s viva/s) — cierre por patas a MERCADO (último recurso)
════════════════════════════════════════════════════════════
════════════════════════════════════════════════════════════
🔔 2026-08-20 12:57:03 | ORDEN | CIERRE MERCADO SPY P 767 x1
════════════════════════════════════════════════════════════
════════════════════════════════════════════════════════════
🔔 2026-08-20 12:57:11 | ORDEN | CIERRE MERCADO SPY P 770 x1
════════════════════════════════════════════════════════════
════════════════════════════════════════════════════════════
🔔 2026-08-20 12:57:19 | RIESGO | ⚠️ NO SE PUDO CERRAR: [(767.0, 'P', -1.0), (770.0, 'P', 1.0)] — CERRAR A MANO ANTES DE LAS 16:00 (§12)
════════════════════════════════════════════════════════════
════════════════════════════════════════════════════════════
🔔 2026-08-20 12:57:24 | ORDEN | COMPRA VERTICAL SPY C L=768/S=772 x1 débito<=0.12
════════════════════════════════════════════════════════════
  12:57:19 C a4 mny -2 -> NO_LLENA    (mid 0.120, spr 16.7%)
════════════════════════════════════════════════════════════
🔔 2026-08-20 12:57:48 | ORDEN | COMPRA VERTICAL SPY P L=764/S=760 x1 débito<=0.15
════════════════════════════════════════════════════════════
2026-08-20 12:58:04 | DATA   | cadena 20260820: 14 contratos (ITM+OTM C/P) capturados y cancelados (spot 766.14)
════════════════════════════════════════════════════════════
🔔 2026-08-20 12:58:31 | RIESGO | BAG no cerró (4 pata/s viva/s) — cierre por patas al MID
════════════════════════════════════════════════════════════
════════════════════════════════════════════════════════════
🔔 2026-08-20 12:58:31 | ORDEN | CIERRE MERCADO SPY P 767 x1
════════════════════════════════════════════════════════════
════════════════════════════════════════════════════════════
🔔 2026-08-20 12:58:40 | ORDEN | CIERRE MERCADO SPY P 760 x1
════════════════════════════════════════════════════════════
════════════════════════════════════════════════════════════
🔔 2026-08-20 12:58:48 | ORDEN | CIERRE MERCADO SPY P 770 x1
════════════════════════════════════════════════════════════
════════════════════════════════════════════════════════════
🔔 2026-08-20 12:58:56 | ORDEN | CIERRE MERCADO SPY P 764 x1
════════════════════════════════════════════════════════════
════════════════════════════════════════════════════════════
🔔 2026-08-20 12:59:04 | RIESGO | BAG no cerró (2 pata/s viva/s) — cierre por patas a MERCADO (último recurso)
════════════════════════════════════════════════════════════
════════════════════════════════════════════════════════════
🔔 2026-08-20 12:59:04 | ORDEN | CIERRE MERCADO SPY P 767 x1
════════════════════════════════════════════════════════════
════════════════════════════════════════════════════════════
🔔 2026-08-20 12:59:12 | ORDEN | CIERRE MERCADO SPY P 770 x1
════════════════════════════════════════════════════════════
════════════════════════════════════════════════════════════
🔔 2026-08-20 12:59:20 | RIESGO | ⚠️ NO SE PUDO CERRAR: [(767.0, 'P', -1.0), (770.0, 'P', 1.0)] — CERRAR A MANO ANTES DE LAS 16:00 (§12)
════════════════════════════════════════════════════════════
  12:57:46 P a4 mny -2 -> C 0.150 en 11.2s (-6.2%) | V 0.120 en 72.8s FORZ | -3.0$
════════════════════════════════════════════════════════════
🔔 2026-08-20 12:59:24 | ORDEN | COMPRA VERTICAL SPY C L=767/S=769 x1 débito<=0.36
════════════════════════════════════════════════════════════
  12:59:20 C a2 mny -1 -> NO_LLENA    (mid 0.280, spr 7.1%)
════════════════════════════════════════════════════════════
🔔 2026-08-20 12:59:49 | ORDEN | COMPRA VERTICAL SPY P L=765/S=763 x1 débito<=0.19
════════════════════════════════════════════════════════════
  12:59:46 P a2 mny -1 -> NO_LLENA    (mid 0.280, spr 7.1%)
════════════════════════════════════════════════════════════
🔔 2026-08-20 13:00:14 | ORDEN | COMPRA VERTICAL SPY C L=767/S=770 x1 débito<=0.40
════════════════════════════════════════════════════════════
2026-08-20 13:00:34 | DATA   | cadena 20260820: 14 contratos (ITM+OTM C/P) capturados y cancelados (spot 766.14)
════════════════════════════════════════════════════════════
🔔 2026-08-20 13:01:02 | RIESGO | BAG no cerró (4 pata/s viva/s) — cierre por patas al MID
════════════════════════════════════════════════════════════
════════════════════════════════════════════════════════════
🔔 2026-08-20 13:01:02 | ORDEN | CIERRE MERCADO SPY P 767 x1
════════════════════════════════════════════════════════════
════════════════════════════════════════════════════════════
🔔 2026-08-20 13:01:11 | ORDEN | CIERRE MERCADO SPY C 770 x1
════════════════════════════════════════════════════════════
════════════════════════════════════════════════════════════
🔔 2026-08-20 13:01:19 | ORDEN | CIERRE MERCADO SPY P 770 x1
════════════════════════════════════════════════════════════
════════════════════════════════════════════════════════════
🔔 2026-08-20 13:01:27 | ORDEN | CIERRE MERCADO SPY C 767 x1
════════════════════════════════════════════════════════════
════════════════════════════════════════════════════════════
🔔 2026-08-20 13:01:35 | RIESGO | BAG no cerró (2 pata/s viva/s) — cierre por patas a MERCADO (último recurso)
════════════════════════════════════════════════════════════
════════════════════════════════════════════════════════════
🔔 2026-08-20 13:01:35 | ORDEN | CIERRE MERCADO SPY P 767 x1
════════════════════════════════════════════════════════════
════════════════════════════════════════════════════════════
🔔 2026-08-20 13:01:43 | ORDEN | CIERRE MERCADO SPY P 770 x1
════════════════════════════════════════════════════════════
════════════════════════════════════════════════════════════
🔔 2026-08-20 13:01:51 | RIESGO | ⚠️ NO SE PUDO CERRAR: [(767.0, 'P', -1.0), (770.0, 'P', 1.0)] — CERRAR A MANO ANTES DE LAS 16:00 (§12)
════════════════════════════════════════════════════════════
  13:00:10 C a3 mny -1 -> C 0.400 en 16.1s (+33.3%) | V 0.300 en 73.7s FORZ | -10.0$
════════════════════════════════════════════════════════════
🔔 2026-08-20 13:01:55 | ORDEN | COMPRA VERTICAL SPY P L=765/S=762 x1 débito<=0.31
════════════════════════════════════════════════════════════
2026-08-20 13:02:13 | DATA   | cadena 20260820: 14 contratos (ITM+OTM C/P) capturados y cancelados (spot 766.14)
════════════════════════════════════════════════════════════
🔔 2026-08-20 13:02:16 | RIESGO | BAG no cerró (4 pata/s viva/s) — cierre por patas al MID
════════════════════════════════════════════════════════════
════════════════════════════════════════════════════════════
🔔 2026-08-20 13:02:16 | ORDEN | CIERRE MERCADO SPY P 767 x1
════════════════════════════════════════════════════════════
════════════════════════════════════════════════════════════
🔔 2026-08-20 13:02:24 | ORDEN | CIERRE MERCADO SPY P 762 x1
════════════════════════════════════════════════════════════
════════════════════════════════════════════════════════════
🔔 2026-08-20 13:02:32 | ORDEN | CIERRE MERCADO SPY P 770 x1
════════════════════════════════════════════════════════════
════════════════════════════════════════════════════════════
🔔 2026-08-20 13:02:40 | ORDEN | CIERRE MERCADO SPY P 765 x1
════════════════════════════════════════════════════════════
════════════════════════════════════════════════════════════
🔔 2026-08-20 13:02:48 | RIESGO | BAG no cerró (2 pata/s viva/s) — cierre por patas a MERCADO (último recurso)
════════════════════════════════════════════════════════════
════════════════════════════════════════════════════════════
🔔 2026-08-20 13:02:48 | ORDEN | CIERRE MERCADO SPY P 767 x1
════════════════════════════════════════════════════════════
════════════════════════════════════════════════════════════
🔔 2026-08-20 13:02:56 | ORDEN | CIERRE MERCADO SPY P 770 x1
════════════════════════════════════════════════════════════
════════════════════════════════════════════════════════════
🔔 2026-08-20 13:03:04 | RIESGO | ⚠️ NO SE PUDO CERRAR: [(767.0, 'P', -1.0), (770.0, 'P', 1.0)] — CERRAR A MANO ANTES DE LAS 16:00 (§12)
════════════════════════════════════════════════════════════
  13:01:51 P a3 mny -1 -> C 0.300 en 13.1s (-6.2%) | V 0.300 en 48.4s FORZ | 0.0$
2026-08-20 13:03:10 | DATA   | cadena 20260820: 98 contratos (ITM+OTM C/P) capturados y cancelados (spot 766.02)
  ⚠️ abiertas [(767.0, 'P', -1.0), (770.0, 'P', 1.0)] — cerrando
════════════════════════════════════════════════════════════
🔔 2026-08-20 13:03:10 | RIESGO | BAG no cerró (2 pata/s viva/s) — cierre por patas al MID
════════════════════════════════════════════════════════════
════════════════════════════════════════════════════════════
🔔 2026-08-20 13:03:15 | ORDEN | CIERRE MERCADO SPY P 767 x1
════════════════════════════════════════════════════════════
════════════════════════════════════════════════════════════
🔔 2026-08-20 13:03:23 | ORDEN | CIERRE MERCADO SPY P 770 x1
════════════════════════════════════════════════════════════
════════════════════════════════════════════════════════════
🔔 2026-08-20 13:03:31 | RIESGO | BAG no cerró (2 pata/s viva/s) — cierre por patas a MERCADO (último recurso)
════════════════════════════════════════════════════════════
════════════════════════════════════════════════════════════
🔔 2026-08-20 13:03:31 | ORDEN | CIERRE MERCADO SPY P 767 x1
════════════════════════════════════════════════════════════
════════════════════════════════════════════════════════════
🔔 2026-08-20 13:03:39 | ORDEN | CIERRE MERCADO SPY P 770 x1
════════════════════════════════════════════════════════════
════════════════════════════════════════════════════════════
🔔 2026-08-20 13:03:47 | RIESGO | ⚠️ NO SE PUDO CERRAR: [(767.0, 'P', -1.0), (770.0, 'P', 1.0)] — CERRAR A MANO ANTES DE LAS 16:00 (§12)
════════════════════════════════════════════════════════════
2026-08-20 13:03:52 | DATA   | cadena 20260820: 98 contratos (ITM+OTM C/P) capturados y cancelados (spot 766.02)
  ⚠️ abiertas [(767.0, 'P', -1.0), (770.0, 'P', 1.0)] — cerrando
════════════════════════════════════════════════════════════
🔔 2026-08-20 13:03:52 | RIESGO | BAG no cerró (2 pata/s viva/s) — cierre por patas al MID
════════════════════════════════════════════════════════════
════════════════════════════════════════════════════════════
🔔 2026-08-20 13:03:56 | ORDEN | CIERRE MERCADO SPY P 767 x1
════════════════════════════════════════════════════════════
════════════════════════════════════════════════════════════
🔔 2026-08-20 13:04:04 | ORDEN | CIERRE MERCADO SPY P 770 x1
════════════════════════════════════════════════════════════
════════════════════════════════════════════════════════════
🔔 2026-08-20 13:04:12 | RIESGO | BAG no cerró (2 pata/s viva/s) — cierre por patas a MERCADO (último recurso)
════════════════════════════════════════════════════════════
════════════════════════════════════════════════════════════
🔔 2026-08-20 13:04:12 | ORDEN | CIERRE MERCADO SPY P 767 x1
════════════════════════════════════════════════════════════
════════════════════════════════════════════════════════════
🔔 2026-08-20 13:04:20 | ORDEN | CIERRE MERCADO SPY P 770 x1
════════════════════════════════════════════════════════════
════════════════════════════════════════════════════════════
🔔 2026-08-20 13:04:28 | RIESGO | ⚠️ NO SE PUDO CERRAR: [(767.0, 'P', -1.0), (770.0, 'P', 1.0)] — CERRAR A MANO ANTES DE LAS 16:00 (§12)
════════════════════════════════════════════════════════════
════════════════════════════════════════════════════════════
🔔 2026-08-20 13:04:32 | ORDEN | COMPRA VERTICAL SPY P L=765/S=761 x1 débito<=0.32
════════════════════════════════════════════════════════════
  13:04:28 P a4 mny -1 -> NO_LLENA    (mid 0.340, spr 5.9%)
════════════════════════════════════════════════════════════
🔔 2026-08-20 13:04:57 | ORDEN | COMPRA VERTICAL SPY C L=764/S=766 x1 débito<=1.48
════════════════════════════════════════════════════════════
  13:04:54 C a2 mny +2 -> RECHAZADA  MARGEN (mid 1.450, spr 2.8%)
════════════════════════════════════════════════════════════
🔔 2026-08-20 13:05:02 | ORDEN | COMPRA VERTICAL SPY C L=763/S=765 x1 débito<=1.73
════════════════════════════════════════════════════════════
  13:04:59 C a2 mny +3 -> RECHAZADA  MARGEN (mid 1.725, spr 2.9%)
════════════════════════════════════════════════════════════
🔔 2026-08-20 13:05:08 | ORDEN | COMPRA VERTICAL SPY C L=763/S=766 x1 débito<=2.33
════════════════════════════════════════════════════════════
  13:05:04 C a3 mny +3 -> RECHAZADA  MARGEN (mid 2.360, spr 1.7%)
════════════════════════════════════════════════════════════
🔔 2026-08-20 13:05:14 | ORDEN | COMPRA VERTICAL SPY C L=762/S=764 x1 débito<=1.85
════════════════════════════════════════════════════════════
  13:05:11 C a2 mny +4 -> RECHAZADA  MARGEN (mid 1.865, spr 5.9%)
════════════════════════════════════════════════════════════
🔔 2026-08-20 13:05:19 | ORDEN | COMPRA VERTICAL SPY C L=762/S=765 x1 débito<=2.67
════════════════════════════════════════════════════════════
  13:05:16 C a3 mny +4 -> RECHAZADA  MARGEN (mid 2.680, spr 3.7%)
2026-08-20 13:05:26 | DATA   | cadena 20260820: 98 contratos (ITM+OTM C/P) capturados y cancelados (spot 766.07)
  ⚠️ abiertas [(767.0, 'P', -1.0), (770.0, 'P', 1.0)] — cerrando
════════════════════════════════════════════════════════════
🔔 2026-08-20 13:05:26 | RIESGO | BAG no cerró (2 pata/s viva/s) — cierre por patas al MID
════════════════════════════════════════════════════════════
════════════════════════════════════════════════════════════
🔔 2026-08-20 13:05:30 | ORDEN | CIERRE MERCADO SPY P 767 x1
════════════════════════════════════════════════════════════
════════════════════════════════════════════════════════════
🔔 2026-08-20 13:05:38 | ORDEN | CIERRE MERCADO SPY P 770 x1
════════════════════════════════════════════════════════════
════════════════════════════════════════════════════════════
🔔 2026-08-20 13:05:46 | RIESGO | BAG no cerró (2 pata/s viva/s) — cierre por patas a MERCADO (último recurso)
════════════════════════════════════════════════════════════
════════════════════════════════════════════════════════════
🔔 2026-08-20 13:05:46 | ORDEN | CIERRE MERCADO SPY P 767 x1
════════════════════════════════════════════════════════════
════════════════════════════════════════════════════════════
🔔 2026-08-20 13:05:54 | ORDEN | CIERRE MERCADO SPY P 770 x1
════════════════════════════════════════════════════════════
════════════════════════════════════════════════════════════
🔔 2026-08-20 13:06:02 | RIESGO | ⚠️ NO SE PUDO CERRAR: [(767.0, 'P', -1.0), (770.0, 'P', 1.0)] — CERRAR A MANO ANTES DE LAS 16:00 (§12)
════════════════════════════════════════════════════════════
2026-08-20 13:06:07 | DATA   | cadena 20260820: 98 contratos (ITM+OTM C/P) capturados y cancelados (spot 766.07)
  ⚠️ abiertas [(767.0, 'P', -1.0), (770.0, 'P', 1.0)] — cerrando
════════════════════════════════════════════════════════════
🔔 2026-08-20 13:06:07 | RIESGO | BAG no cerró (2 pata/s viva/s) — cierre por patas al MID
════════════════════════════════════════════════════════════
════════════════════════════════════════════════════════════
🔔 2026-08-20 13:06:12 | ORDEN | CIERRE MERCADO SPY P 767 x1
════════════════════════════════════════════════════════════
════════════════════════════════════════════════════════════
🔔 2026-08-20 13:06:20 | ORDEN | CIERRE MERCADO SPY P 770 x1
════════════════════════════════════════════════════════════
════════════════════════════════════════════════════════════
🔔 2026-08-20 13:06:28 | RIESGO | BAG no cerró (2 pata/s viva/s) — cierre por patas a MERCADO (último recurso)
════════════════════════════════════════════════════════════
════════════════════════════════════════════════════════════
🔔 2026-08-20 13:06:28 | ORDEN | CIERRE MERCADO SPY P 767 x1
════════════════════════════════════════════════════════════
════════════════════════════════════════════════════════════
🔔 2026-08-20 13:06:36 | ORDEN | CIERRE MERCADO SPY P 770 x1
════════════════════════════════════════════════════════════
════════════════════════════════════════════════════════════
🔔 2026-08-20 13:06:44 | RIESGO | ⚠️ NO SE PUDO CERRAR: [(767.0, 'P', -1.0), (770.0, 'P', 1.0)] — CERRAR A MANO ANTES DE LAS 16:00 (§12)
════════════════════════════════════════════════════════════
2026-08-20 13:06:49 | DATA   | cadena 20260820: 98 contratos (ITM+OTM C/P) capturados y cancelados (spot 765.98)
  ⚠️ abiertas [(767.0, 'P', -1.0), (770.0, 'P', 1.0)] — cerrando
════════════════════════════════════════════════════════════
🔔 2026-08-20 13:06:49 | RIESGO | BAG no cerró (2 pata/s viva/s) — cierre por patas al MID
════════════════════════════════════════════════════════════
════════════════════════════════════════════════════════════
🔔 2026-08-20 13:06:53 | ORDEN | CIERRE MERCADO SPY P 767 x1
════════════════════════════════════════════════════════════
════════════════════════════════════════════════════════════
🔔 2026-08-20 13:07:01 | ORDEN | CIERRE MERCADO SPY P 770 x1
════════════════════════════════════════════════════════════
════════════════════════════════════════════════════════════
🔔 2026-08-20 13:07:09 | RIESGO | BAG no cerró (2 pata/s viva/s) — cierre por patas a MERCADO (último recurso)
════════════════════════════════════════════════════════════
════════════════════════════════════════════════════════════
🔔 2026-08-20 13:07:09 | ORDEN | CIERRE MERCADO SPY P 767 x1
════════════════════════════════════════════════════════════
════════════════════════════════════════════════════════════
🔔 2026-08-20 13:07:17 | ORDEN | CIERRE MERCADO SPY P 770 x1
════════════════════════════════════════════════════════════
════════════════════════════════════════════════════════════
🔔 2026-08-20 13:07:25 | RIESGO | ⚠️ NO SE PUDO CERRAR: [(767.0, 'P', -1.0), (770.0, 'P', 1.0)] — CERRAR A MANO ANTES DE LAS 16:00 (§12)
════════════════════════════════════════════════════════════
2026-08-20 13:07:31 | DATA   | cadena 20260820: 98 contratos (ITM+OTM C/P) capturados y cancelados (spot 765.81)
  ⚠️ abiertas [(767.0, 'P', -1.0), (770.0, 'P', 1.0)] — cerrando
════════════════════════════════════════════════════════════
🔔 2026-08-20 13:07:31 | RIESGO | BAG no cerró (2 pata/s viva/s) — cierre por patas al MID
════════════════════════════════════════════════════════════
════════════════════════════════════════════════════════════
🔔 2026-08-20 13:07:34 | ORDEN | CIERRE MERCADO SPY P 767 x1
════════════════════════════════════════════════════════════
════════════════════════════════════════════════════════════
🔔 2026-08-20 13:07:42 | ORDEN | CIERRE MERCADO SPY P 770 x1
════════════════════════════════════════════════════════════
════════════════════════════════════════════════════════════
🔔 2026-08-20 13:07:50 | RIESGO | BAG no cerró (2 pata/s viva/s) — cierre por patas a MERCADO (último recurso)
════════════════════════════════════════════════════════════
════════════════════════════════════════════════════════════
🔔 2026-08-20 13:07:50 | ORDEN | CIERRE MERCADO SPY P 767 x1
════════════════════════════════════════════════════════════
════════════════════════════════════════════════════════════
🔔 2026-08-20 13:07:58 | ORDEN | CIERRE MERCADO SPY P 770 x1
════════════════════════════════════════════════════════════
════════════════════════════════════════════════════════════
🔔 2026-08-20 13:08:06 | RIESGO | ⚠️ NO SE PUDO CERRAR: [(767.0, 'P', -1.0), (770.0, 'P', 1.0)] — CERRAR A MANO ANTES DE LAS 16:00 (§12)
════════════════════════════════════════════════════════════
════════════════════════════════════════════════════════════
🔔 2026-08-20 13:08:11 | ORDEN | COMPRA VERTICAL SPY C L=761/S=763 x1 débito<=1.99
════════════════════════════════════════════════════════════
  13:08:06 C a2 mny +5 -> RECHAZADA  MARGEN (mid 1.985, spr 10.6%)
════════════════════════════════════════════════════════════
🔔 2026-08-20 13:08:16 | ORDEN | COMPRA VERTICAL SPY C L=761/S=764 x1 débito<=2.85
════════════════════════════════════════════════════════════
  13:08:14 C a3 mny +5 -> RECHAZADA  MARGEN (mid 2.870, spr 7.7%)
════════════════════════════════════════════════════════════
🔔 2026-08-20 13:08:21 | ORDEN | COMPRA VERTICAL SPY C L=761/S=765 x1 débito<=3.55
════════════════════════════════════════════════════════════
  13:08:18 C a4 mny +5 -> RECHAZADA  MARGEN (mid 3.645, spr 5.2%)
  -> pasada 2: 21 pruebas

═══ PASADA 3 — 13:08 ═══
2026-08-20 13:08:29 | DATA   | cadena 20260820: 98 contratos (ITM+OTM C/P) capturados y cancelados (spot 765.75)
2026-08-20 13:08:36 | DATA   | cadena 20260820: 98 contratos (ITM+OTM C/P) capturados y cancelados (spot 765.75)
  ⚠️ abiertas [(767.0, 'P', -1.0), (770.0, 'P', 1.0)] — cerrando
════════════════════════════════════════════════════════════
🔔 2026-08-20 13:08:36 | RIESGO | BAG no cerró (2 pata/s viva/s) — cierre por patas al MID
════════════════════════════════════════════════════════════
════════════════════════════════════════════════════════════
🔔 2026-08-20 13:08:39 | ORDEN | CIERRE MERCADO SPY P 767 x1
════════════════════════════════════════════════════════════
════════════════════════════════════════════════════════════
🔔 2026-08-20 13:08:47 | ORDEN | CIERRE MERCADO SPY P 770 x1
════════════════════════════════════════════════════════════
════════════════════════════════════════════════════════════
🔔 2026-08-20 13:08:55 | RIESGO | BAG no cerró (2 pata/s viva/s) — cierre por patas a MERCADO (último recurso)
════════════════════════════════════════════════════════════
════════════════════════════════════════════════════════════
🔔 2026-08-20 13:08:55 | ORDEN | CIERRE MERCADO SPY P 767 x1
════════════════════════════════════════════════════════════
════════════════════════════════════════════════════════════
🔔 2026-08-20 13:09:03 | ORDEN | CIERRE MERCADO SPY P 770 x1
════════════════════════════════════════════════════════════
════════════════════════════════════════════════════════════
🔔 2026-08-20 13:09:11 | RIESGO | ⚠️ NO SE PUDO CERRAR: [(767.0, 'P', -1.0), (770.0, 'P', 1.0)] — CERRAR A MANO ANTES DE LAS 16:00 (§12)
════════════════════════════════════════════════════════════
════════════════════════════════════════════════════════════
🔔 2026-08-20 13:09:16 | ORDEN | COMPRA VERTICAL SPY P L=761/S=759 x1 débito<=0.02
════════════════════════════════════════════════════════════
  13:09:11 P a2 mny -5 -> NO_LLENA    (mid 0.020, spr 100.0%)
════════════════════════════════════════════════════════════
🔔 2026-08-20 13:09:40 | ORDEN | COMPRA VERTICAL SPY P L=761/S=758 x1 débito<=0.02
════════════════════════════════════════════════════════════
  13:09:38 P a3 mny -5 -> NO_LLENA    (mid 0.020, spr 100.0%)
════════════════════════════════════════════════════════════
🔔 2026-08-20 13:10:06 | ORDEN | COMPRA VERTICAL SPY P L=761/S=757 x1 débito<=0.02
════════════════════════════════════════════════════════════
  13:10:02 P a4 mny -5 -> NO_LLENA    (mid 0.020, spr 100.0%)
════════════════════════════════════════════════════════════
🔔 2026-08-20 13:10:31 | ORDEN | COMPRA VERTICAL SPY P L=763/S=761 x1 débito<=0.07
════════════════════════════════════════════════════════════
  13:10:28 P a2 mny -3 -> NO_LLENA    (mid 0.080, spr 25.0%)
════════════════════════════════════════════════════════════
🔔 2026-08-20 13:10:55 | ORDEN | COMPRA VERTICAL SPY P L=763/S=760 x1 débito<=0.09
════════════════════════════════════════════════════════════
  13:10:52 P a3 mny -3 -> NO_LLENA    (mid 0.090, spr 22.2%)
════════════════════════════════════════════════════════════
🔔 2026-08-20 13:11:20 | ORDEN | COMPRA VERTICAL SPY P L=763/S=759 x1 débito<=0.10
════════════════════════════════════════════════════════════
2026-08-20 13:11:37 | DATA   | cadena 20260820: 14 contratos (ITM+OTM C/P) capturados y cancelados (spot 765.75)
════════════════════════════════════════════════════════════
🔔 2026-08-20 13:12:04 | RIESGO | BAG no cerró (4 pata/s viva/s) — cierre por patas al MID
════════════════════════════════════════════════════════════
════════════════════════════════════════════════════════════
🔔 2026-08-20 13:12:05 | ORDEN | CIERRE MERCADO SPY P 767 x1
════════════════════════════════════════════════════════════
════════════════════════════════════════════════════════════
🔔 2026-08-20 13:12:13 | ORDEN | CIERRE MERCADO SPY P 759 x1
════════════════════════════════════════════════════════════
════════════════════════════════════════════════════════════
🔔 2026-08-20 13:12:21 | ORDEN | CIERRE MERCADO SPY P 770 x1
════════════════════════════════════════════════════════════
════════════════════════════════════════════════════════════
🔔 2026-08-20 13:12:30 | ORDEN | CIERRE MERCADO SPY P 763 x1
════════════════════════════════════════════════════════════
════════════════════════════════════════════════════════════
🔔 2026-08-20 13:12:38 | RIESGO | BAG no cerró (2 pata/s viva/s) — cierre por patas a MERCADO (último recurso)
════════════════════════════════════════════════════════════
════════════════════════════════════════════════════════════
🔔 2026-08-20 13:12:38 | ORDEN | CIERRE MERCADO SPY P 767 x1
════════════════════════════════════════════════════════════
════════════════════════════════════════════════════════════
🔔 2026-08-20 13:12:46 | ORDEN | CIERRE MERCADO SPY P 770 x1
════════════════════════════════════════════════════════════
════════════════════════════════════════════════════════════
🔔 2026-08-20 13:12:54 | RIESGO | ⚠️ NO SE PUDO CERRAR: [(767.0, 'P', -1.0), (770.0, 'P', 1.0)] — CERRAR A MANO ANTES DE LAS 16:00 (§12)
════════════════════════════════════════════════════════════
  13:11:17 P a4 mny -3 -> C 0.100 en 12.6s (+0.0%) | V 0.080 en 73.8s FORZ | -2.0$
2026-08-20 13:12:59 | DATA   | cadena 20260820: 98 contratos (ITM+OTM C/P) capturados y cancelados (spot 765.74)
  ⚠️ abiertas [(767.0, 'P', -1.0), (770.0, 'P', 1.0)] — cerrando
════════════════════════════════════════════════════════════
🔔 2026-08-20 13:12:59 | RIESGO | BAG no cerró (2 pata/s viva/s) — cierre por patas al MID
════════════════════════════════════════════════════════════
════════════════════════════════════════════════════════════
🔔 2026-08-20 13:13:02 | ORDEN | CIERRE MERCADO SPY P 767 x1
════════════════════════════════════════════════════════════
════════════════════════════════════════════════════════════
🔔 2026-08-20 13:13:10 | ORDEN | CIERRE MERCADO SPY P 770 x1
════════════════════════════════════════════════════════════
════════════════════════════════════════════════════════════
🔔 2026-08-20 13:13:18 | RIESGO | BAG no cerró (2 pata/s viva/s) — cierre por patas a MERCADO (último recurso)
════════════════════════════════════════════════════════════
════════════════════════════════════════════════════════════
🔔 2026-08-20 13:13:18 | ORDEN | CIERRE MERCADO SPY P 767 x1
════════════════════════════════════════════════════════════
════════════════════════════════════════════════════════════
🔔 2026-08-20 13:13:26 | ORDEN | CIERRE MERCADO SPY P 770 x1
════════════════════════════════════════════════════════════
════════════════════════════════════════════════════════════
🔔 2026-08-20 13:13:34 | RIESGO | ⚠️ NO SE PUDO CERRAR: [(767.0, 'P', -1.0), (770.0, 'P', 1.0)] — CERRAR A MANO ANTES DE LAS 16:00 (§12)
════════════════════════════════════════════════════════════
2026-08-20 13:13:40 | DATA   | cadena 20260820: 98 contratos (ITM+OTM C/P) capturados y cancelados (spot 765.77)
  ⚠️ abiertas [(767.0, 'P', -1.0), (770.0, 'P', 1.0)] — cerrando
════════════════════════════════════════════════════════════
🔔 2026-08-20 13:13:40 | RIESGO | BAG no cerró (2 pata/s viva/s) — cierre por patas al MID
════════════════════════════════════════════════════════════
════════════════════════════════════════════════════════════
🔔 2026-08-20 13:13:43 | ORDEN | CIERRE MERCADO SPY P 767 x1
════════════════════════════════════════════════════════════
════════════════════════════════════════════════════════════
🔔 2026-08-20 13:13:51 | ORDEN | CIERRE MERCADO SPY P 770 x1
════════════════════════════════════════════════════════════
════════════════════════════════════════════════════════════
🔔 2026-08-20 13:13:59 | RIESGO | BAG no cerró (2 pata/s viva/s) — cierre por patas a MERCADO (último recurso)
════════════════════════════════════════════════════════════
════════════════════════════════════════════════════════════
🔔 2026-08-20 13:13:59 | ORDEN | CIERRE MERCADO SPY P 767 x1
════════════════════════════════════════════════════════════
════════════════════════════════════════════════════════════
🔔 2026-08-20 13:14:08 | ORDEN | CIERRE MERCADO SPY P 770 x1
════════════════════════════════════════════════════════════
════════════════════════════════════════════════════════════
🔔 2026-08-20 13:14:16 | RIESGO | ⚠️ NO SE PUDO CERRAR: [(767.0, 'P', -1.0), (770.0, 'P', 1.0)] — CERRAR A MANO ANTES DE LAS 16:00 (§12)
════════════════════════════════════════════════════════════
════════════════════════════════════════════════════════════
🔔 2026-08-20 13:14:32 | ORDEN | COMPRA VERTICAL SPY P L=764/S=762 x1 débito<=0.18
════════════════════════════════════════════════════════════
  13:14:16 P a2 mny -2 -> NO_LLENA    (mid 0.130, spr 15.4%)
════════════════════════════════════════════════════════════
🔔 2026-08-20 13:14:57 | ORDEN | COMPRA VERTICAL SPY P L=764/S=761 x1 débito<=0.21
════════════════════════════════════════════════════════════
2026-08-20 13:15:11 | DATA   | cadena 20260820: 14 contratos (ITM+OTM C/P) capturados y cancelados (spot 765.77)
════════════════════════════════════════════════════════════
🔔 2026-08-20 13:15:39 | RIESGO | BAG no cerró (4 pata/s viva/s) — cierre por patas al MID
════════════════════════════════════════════════════════════
════════════════════════════════════════════════════════════
🔔 2026-08-20 13:15:39 | ORDEN | CIERRE MERCADO SPY P 767 x1
════════════════════════════════════════════════════════════
════════════════════════════════════════════════════════════
🔔 2026-08-20 13:15:47 | ORDEN | CIERRE MERCADO SPY P 761 x1
════════════════════════════════════════════════════════════
════════════════════════════════════════════════════════════
🔔 2026-08-20 13:15:55 | ORDEN | CIERRE MERCADO SPY P 770 x1
════════════════════════════════════════════════════════════
════════════════════════════════════════════════════════════
🔔 2026-08-20 13:16:04 | ORDEN | CIERRE MERCADO SPY P 764 x1
════════════════════════════════════════════════════════════
════════════════════════════════════════════════════════════
🔔 2026-08-20 13:16:12 | RIESGO | BAG no cerró (2 pata/s viva/s) — cierre por patas a MERCADO (último recurso)
════════════════════════════════════════════════════════════
════════════════════════════════════════════════════════════
🔔 2026-08-20 13:16:12 | ORDEN | CIERRE MERCADO SPY P 767 x1
════════════════════════════════════════════════════════════
════════════════════════════════════════════════════════════
🔔 2026-08-20 13:16:20 | ORDEN | CIERRE MERCADO SPY P 770 x1
════════════════════════════════════════════════════════════
════════════════════════════════════════════════════════════
🔔 2026-08-20 13:16:28 | RIESGO | ⚠️ NO SE PUDO CERRAR: [(767.0, 'P', -1.0), (770.0, 'P', 1.0)] — CERRAR A MANO ANTES DE LAS 16:00 (§12)
════════════════════════════════════════════════════════════
  13:14:54 P a3 mny -2 -> C 0.210 en 10.1s (+40.0%) | V 0.290 en 72.6s FORZ | 8.0$
════════════════════════════════════════════════════════════
🔔 2026-08-20 13:16:32 | ORDEN | COMPRA VERTICAL SPY P L=764/S=760 x1 débito<=0.31
════════════════════════════════════════════════════════════
  13:16:28 P a4 mny -2 -> NO_LLENA    (mid 0.160, spr 12.5%)
════════════════════════════════════════════════════════════
🔔 2026-08-20 13:16:57 | ORDEN | COMPRA VERTICAL SPY C L=762/S=764 x1 débito<=1.72
════════════════════════════════════════════════════════════
  13:16:54 C a2 mny +4 -> RECHAZADA  MARGEN (mid 1.860, spr 5.4%)
════════════════════════════════════════════════════════════
🔔 2026-08-20 13:17:02 | ORDEN | COMPRA VERTICAL SPY C L=761/S=763 x1 débito<=1.92
════════════════════════════════════════════════════════════
  13:16:59 C a2 mny +5 -> RECHAZADA  MARGEN (mid 1.940, spr 9.3%)
════════════════════════════════════════════════════════════
🔔 2026-08-20 13:17:07 | ORDEN | COMPRA VERTICAL SPY C L=761/S=764 x1 débito<=2.67
════════════════════════════════════════════════════════════
  13:17:04 C a3 mny +5 -> RECHAZADA  MARGEN (mid 2.845, spr 6.7%)
2026-08-20 13:17:15 | DATA   | cadena 20260820: 98 contratos (ITM+OTM C/P) capturados y cancelados (spot 765.15)
  ⚠️ abiertas [(767.0, 'P', -1.0), (770.0, 'P', 1.0)] — cerrando
════════════════════════════════════════════════════════════
🔔 2026-08-20 13:17:15 | RIESGO | BAG no cerró (2 pata/s viva/s) — cierre por patas al MID
════════════════════════════════════════════════════════════
════════════════════════════════════════════════════════════
🔔 2026-08-20 13:17:18 | ORDEN | CIERRE MERCADO SPY P 767 x1
════════════════════════════════════════════════════════════
════════════════════════════════════════════════════════════
🔔 2026-08-20 13:17:26 | ORDEN | CIERRE MERCADO SPY P 770 x1
════════════════════════════════════════════════════════════
════════════════════════════════════════════════════════════
🔔 2026-08-20 13:17:34 | RIESGO | BAG no cerró (2 pata/s viva/s) — cierre por patas a MERCADO (último recurso)
════════════════════════════════════════════════════════════
════════════════════════════════════════════════════════════
🔔 2026-08-20 13:17:34 | ORDEN | CIERRE MERCADO SPY P 767 x1
════════════════════════════════════════════════════════════
════════════════════════════════════════════════════════════
🔔 2026-08-20 13:17:42 | ORDEN | CIERRE MERCADO SPY P 770 x1
════════════════════════════════════════════════════════════
════════════════════════════════════════════════════════════
🔔 2026-08-20 13:17:50 | RIESGO | ⚠️ NO SE PUDO CERRAR: [(767.0, 'P', -1.0), (770.0, 'P', 1.0)] — CERRAR A MANO ANTES DE LAS 16:00 (§12)
════════════════════════════════════════════════════════════
2026-08-20 13:17:55 | DATA   | cadena 20260820: 98 contratos (ITM+OTM C/P) capturados y cancelados (spot 765.15)
  ⚠️ abiertas [(767.0, 'P', -1.0), (770.0, 'P', 1.0)] — cerrando
════════════════════════════════════════════════════════════
🔔 2026-08-20 13:17:55 | RIESGO | BAG no cerró (2 pata/s viva/s) — cierre por patas al MID
════════════════════════════════════════════════════════════
════════════════════════════════════════════════════════════
🔔 2026-08-20 13:17:59 | ORDEN | CIERRE MERCADO SPY P 767 x1
════════════════════════════════════════════════════════════
════════════════════════════════════════════════════════════
🔔 2026-08-20 13:18:07 | ORDEN | CIERRE MERCADO SPY P 770 x1
════════════════════════════════════════════════════════════
════════════════════════════════════════════════════════════
🔔 2026-08-20 13:18:15 | RIESGO | BAG no cerró (2 pata/s viva/s) — cierre por patas a MERCADO (último recurso)
════════════════════════════════════════════════════════════
════════════════════════════════════════════════════════════
🔔 2026-08-20 13:18:15 | ORDEN | CIERRE MERCADO SPY P 767 x1
════════════════════════════════════════════════════════════
════════════════════════════════════════════════════════════
🔔 2026-08-20 13:18:24 | ORDEN | CIERRE MERCADO SPY P 770 x1
════════════════════════════════════════════════════════════
════════════════════════════════════════════════════════════
🔔 2026-08-20 13:18:32 | RIESGO | ⚠️ NO SE PUDO CERRAR: [(767.0, 'P', -1.0), (770.0, 'P', 1.0)] — CERRAR A MANO ANTES DE LAS 16:00 (§12)
════════════════════════════════════════════════════════════
2026-08-20 13:18:37 | DATA   | cadena 20260820: 98 contratos (ITM+OTM C/P) capturados y cancelados (spot 765.05)
  ⚠️ abiertas [(767.0, 'P', -1.0), (770.0, 'P', 1.0)] — cerrando
════════════════════════════════════════════════════════════
🔔 2026-08-20 13:18:37 | RIESGO | BAG no cerró (2 pata/s viva/s) — cierre por patas al MID
════════════════════════════════════════════════════════════
════════════════════════════════════════════════════════════
🔔 2026-08-20 13:18:40 | ORDEN | CIERRE MERCADO SPY P 767 x1
════════════════════════════════════════════════════════════
════════════════════════════════════════════════════════════
🔔 2026-08-20 13:18:48 | ORDEN | CIERRE MERCADO SPY P 770 x1
════════════════════════════════════════════════════════════
════════════════════════════════════════════════════════════
🔔 2026-08-20 13:18:56 | RIESGO | BAG no cerró (2 pata/s viva/s) — cierre por patas a MERCADO (último recurso)
════════════════════════════════════════════════════════════
════════════════════════════════════════════════════════════
🔔 2026-08-20 13:18:56 | ORDEN | CIERRE MERCADO SPY P 767 x1
════════════════════════════════════════════════════════════
════════════════════════════════════════════════════════════
🔔 2026-08-20 13:19:05 | ORDEN | CIERRE MERCADO SPY P 770 x1
════════════════════════════════════════════════════════════
════════════════════════════════════════════════════════════
🔔 2026-08-20 13:19:13 | RIESGO | ⚠️ NO SE PUDO CERRAR: [(767.0, 'P', -1.0), (770.0, 'P', 1.0)] — CERRAR A MANO ANTES DE LAS 16:00 (§12)
════════════════════════════════════════════════════════════
2026-08-20 13:19:18 | DATA   | cadena 20260820: 98 contratos (ITM+OTM C/P) capturados y cancelados (spot 765.04)
  ⚠️ abiertas [(767.0, 'P', -1.0), (770.0, 'P', 1.0)] — cerrando
════════════════════════════════════════════════════════════
🔔 2026-08-20 13:19:18 | RIESGO | BAG no cerró (2 pata/s viva/s) — cierre por patas al MID
════════════════════════════════════════════════════════════
════════════════════════════════════════════════════════════
🔔 2026-08-20 13:19:21 | ORDEN | CIERRE MERCADO SPY P 767 x1
════════════════════════════════════════════════════════════
════════════════════════════════════════════════════════════
🔔 2026-08-20 13:19:29 | ORDEN | CIERRE MERCADO SPY P 770 x1
════════════════════════════════════════════════════════════
════════════════════════════════════════════════════════════
🔔 2026-08-20 13:19:37 | RIESGO | BAG no cerró (2 pata/s viva/s) — cierre por patas a MERCADO (último recurso)
════════════════════════════════════════════════════════════
════════════════════════════════════════════════════════════
🔔 2026-08-20 13:19:37 | ORDEN | CIERRE MERCADO SPY P 767 x1
════════════════════════════════════════════════════════════
════════════════════════════════════════════════════════════
🔔 2026-08-20 13:19:46 | ORDEN | CIERRE MERCADO SPY P 770 x1
════════════════════════════════════════════════════════════
════════════════════════════════════════════════════════════
🔔 2026-08-20 13:19:54 | RIESGO | ⚠️ NO SE PUDO CERRAR: [(767.0, 'P', -1.0), (770.0, 'P', 1.0)] — CERRAR A MANO ANTES DE LAS 16:00 (§12)
════════════════════════════════════════════════════════════
  -> pasada 3: 12 pruebas

═══ PASADA 4 — 13:19 ═══
2026-08-20 13:19:59 | DATA   | cadena 20260820: 98 contratos (ITM+OTM C/P) capturados y cancelados (spot 765.04)
2026-08-20 13:20:06 | DATA   | cadena 20260820: 98 contratos (ITM+OTM C/P) capturados y cancelados (spot 765.04)
  ⚠️ abiertas [(767.0, 'P', -1.0), (770.0, 'P', 1.0)] — cerrando
════════════════════════════════════════════════════════════
🔔 2026-08-20 13:20:06 | RIESGO | BAG no cerró (2 pata/s viva/s) — cierre por patas al MID
════════════════════════════════════════════════════════════
════════════════════════════════════════════════════════════
🔔 2026-08-20 13:20:10 | ORDEN | CIERRE MERCADO SPY P 767 x1
════════════════════════════════════════════════════════════
════════════════════════════════════════════════════════════
🔔 2026-08-20 13:20:18 | ORDEN | CIERRE MERCADO SPY P 770 x1
════════════════════════════════════════════════════════════
════════════════════════════════════════════════════════════
🔔 2026-08-20 13:20:26 | RIESGO | BAG no cerró (2 pata/s viva/s) — cierre por patas a MERCADO (último recurso)
════════════════════════════════════════════════════════════
════════════════════════════════════════════════════════════
🔔 2026-08-20 13:20:26 | ORDEN | CIERRE MERCADO SPY P 767 x1
════════════════════════════════════════════════════════════
════════════════════════════════════════════════════════════
🔔 2026-08-20 13:20:34 | ORDEN | CIERRE MERCADO SPY P 770 x1
════════════════════════════════════════════════════════════
════════════════════════════════════════════════════════════
🔔 2026-08-20 13:20:42 | RIESGO | ⚠️ NO SE PUDO CERRAR: [(767.0, 'P', -1.0), (770.0, 'P', 1.0)] — CERRAR A MANO ANTES DE LAS 16:00 (§12)
════════════════════════════════════════════════════════════
════════════════════════════════════════════════════════════
🔔 2026-08-20 13:20:47 | ORDEN | COMPRA VERTICAL SPY P L=760/S=758 x1 débito<=0.01
════════════════════════════════════════════════════════════
  13:20:42 P a2 mny -5 -> NO_LLENA    (mid 0.020, spr 100.0%)
════════════════════════════════════════════════════════════
🔔 2026-08-20 13:21:11 | ORDEN | COMPRA VERTICAL SPY P L=760/S=757 x1 débito<=0.02
════════════════════════════════════════════════════════════
  13:21:08 P a3 mny -5 -> NO_LLENA    (mid 0.020, spr 100.0%)
════════════════════════════════════════════════════════════
🔔 2026-08-20 13:21:36 | ORDEN | COMPRA VERTICAL SPY P L=760/S=756 x1 débito<=0.02
════════════════════════════════════════════════════════════
  13:21:33 P a4 mny -5 -> NO_LLENA    (mid 0.020, spr 100.0%)
════════════════════════════════════════════════════════════
🔔 2026-08-20 13:22:01 | ORDEN | COMPRA VERTICAL SPY P L=762/S=760 x1 débito<=0.06
════════════════════════════════════════════════════════════
2026-08-20 13:22:21 | DATA   | cadena 20260820: 14 contratos (ITM+OTM C/P) capturados y cancelados (spot 765.04)
════════════════════════════════════════════════════════════
🔔 2026-08-20 13:22:49 | RIESGO | BAG no cerró (4 pata/s viva/s) — cierre por patas al MID
════════════════════════════════════════════════════════════
════════════════════════════════════════════════════════════
🔔 2026-08-20 13:22:49 | ORDEN | CIERRE MERCADO SPY P 767 x1
════════════════════════════════════════════════════════════
════════════════════════════════════════════════════════════
🔔 2026-08-20 13:22:57 | ORDEN | CIERRE MERCADO SPY P 760 x1
════════════════════════════════════════════════════════════
════════════════════════════════════════════════════════════
🔔 2026-08-20 13:23:06 | ORDEN | CIERRE MERCADO SPY P 770 x1
════════════════════════════════════════════════════════════
════════════════════════════════════════════════════════════
🔔 2026-08-20 13:23:14 | ORDEN | CIERRE MERCADO SPY P 762 x1
════════════════════════════════════════════════════════════
════════════════════════════════════════════════════════════
🔔 2026-08-20 13:23:22 | RIESGO | BAG no cerró (2 pata/s viva/s) — cierre por patas a MERCADO (último recurso)
════════════════════════════════════════════════════════════
════════════════════════════════════════════════════════════
🔔 2026-08-20 13:23:22 | ORDEN | CIERRE MERCADO SPY P 767 x1
════════════════════════════════════════════════════════════
════════════════════════════════════════════════════════════
🔔 2026-08-20 13:23:30 | ORDEN | CIERRE MERCADO SPY P 770 x1
════════════════════════════════════════════════════════════
════════════════════════════════════════════════════════════
🔔 2026-08-20 13:23:38 | RIESGO | ⚠️ NO SE PUDO CERRAR: [(767.0, 'P', -1.0), (770.0, 'P', 1.0)] — CERRAR A MANO ANTES DE LAS 16:00 (§12)
════════════════════════════════════════════════════════════
  13:21:58 P a2 mny -3 -> C 0.060 en 15.7s (-33.3%) | V 0.040 en 73.3s FORZ | -2.0$
════════════════════════════════════════════════════════════
🔔 2026-08-20 13:23:42 | ORDEN | COMPRA VERTICAL SPY P L=762/S=759 x1 débito<=0.06
════════════════════════════════════════════════════════════
  13:23:38 P a3 mny -3 -> NO_LLENA    (mid 0.100, spr 20.0%)
════════════════════════════════════════════════════════════
🔔 2026-08-20 13:24:07 | ORDEN | COMPRA VERTICAL SPY P L=762/S=758 x1 débito<=0.07
════════════════════════════════════════════════════════════
2026-08-20 13:24:17 | DATA   | cadena 20260820: 14 contratos (ITM+OTM C/P) capturados y cancelados (spot 765.04)
════════════════════════════════════════════════════════════
🔔 2026-08-20 13:24:45 | RIESGO | BAG no cerró (4 pata/s viva/s) — cierre por patas al MID
════════════════════════════════════════════════════════════
════════════════════════════════════════════════════════════
🔔 2026-08-20 13:24:45 | ORDEN | CIERRE MERCADO SPY P 767 x1
════════════════════════════════════════════════════════════
════════════════════════════════════════════════════════════
🔔 2026-08-20 13:24:53 | ORDEN | CIERRE MERCADO SPY P 758 x1
════════════════════════════════════════════════════════════
════════════════════════════════════════════════════════════
🔔 2026-08-20 13:25:01 | ORDEN | CIERRE MERCADO SPY P 770 x1
════════════════════════════════════════════════════════════
════════════════════════════════════════════════════════════
🔔 2026-08-20 13:25:10 | ORDEN | CIERRE MERCADO SPY P 762 x1
════════════════════════════════════════════════════════════
════════════════════════════════════════════════════════════
🔔 2026-08-20 13:25:18 | RIESGO | BAG no cerró (2 pata/s viva/s) — cierre por patas a MERCADO (último recurso)
════════════════════════════════════════════════════════════
════════════════════════════════════════════════════════════
🔔 2026-08-20 13:25:18 | ORDEN | CIERRE MERCADO SPY P 767 x1
════════════════════════════════════════════════════════════
════════════════════════════════════════════════════════════
🔔 2026-08-20 13:25:26 | ORDEN | CIERRE MERCADO SPY P 770 x1
════════════════════════════════════════════════════════════
════════════════════════════════════════════════════════════
🔔 2026-08-20 13:25:34 | RIESGO | ⚠️ NO SE PUDO CERRAR: [(767.0, 'P', -1.0), (770.0, 'P', 1.0)] — CERRAR A MANO ANTES DE LAS 16:00 (§12)
════════════════════════════════════════════════════════════
  13:24:04 P a4 mny -3 -> C 0.070 en  5.6s (-36.4%) | V 0.070 en 73.9s FORZ | -0.0$
2026-08-20 13:25:40 | DATA   | cadena 20260820: 98 contratos (ITM+OTM C/P) capturados y cancelados (spot 765.02)
  ⚠️ abiertas [(767.0, 'P', -1.0), (770.0, 'P', 1.0)] — cerrando
════════════════════════════════════════════════════════════
🔔 2026-08-20 13:25:40 | RIESGO | BAG no cerró (2 pata/s viva/s) — cierre por patas al MID
════════════════════════════════════════════════════════════
════════════════════════════════════════════════════════════
🔔 2026-08-20 13:25:43 | ORDEN | CIERRE MERCADO SPY P 767 x1
════════════════════════════════════════════════════════════
════════════════════════════════════════════════════════════
🔔 2026-08-20 13:25:51 | ORDEN | CIERRE MERCADO SPY P 770 x1
════════════════════════════════════════════════════════════
════════════════════════════════════════════════════════════
🔔 2026-08-20 13:25:59 | RIESGO | BAG no cerró (2 pata/s viva/s) — cierre por patas a MERCADO (último recurso)
════════════════════════════════════════════════════════════
════════════════════════════════════════════════════════════
🔔 2026-08-20 13:25:59 | ORDEN | CIERRE MERCADO SPY P 767 x1
════════════════════════════════════════════════════════════
════════════════════════════════════════════════════════════
🔔 2026-08-20 13:26:08 | ORDEN | CIERRE MERCADO SPY P 770 x1
════════════════════════════════════════════════════════════
════════════════════════════════════════════════════════════
🔔 2026-08-20 13:26:16 | RIESGO | ⚠️ NO SE PUDO CERRAR: [(767.0, 'P', -1.0), (770.0, 'P', 1.0)] — CERRAR A MANO ANTES DE LAS 16:00 (§12)
════════════════════════════════════════════════════════════
════════════════════════════════════════════════════════════
🔔 2026-08-20 13:26:20 | ORDEN | COMPRA VERTICAL SPY C L=767/S=769 x1 débito<=0.09
════════════════════════════════════════════════════════════
  13:26:16 C a2 mny -2 -> NO_LLENA    (mid 0.090, spr 22.2%)
