10:12:26 p1 | P a3 mny-5 (real -5.26) 761/758 | mid 0.110 spr 18.2% | C:NO_LLENA None 45.5s | V:None None Nones | ida-vuelta None$
10:13:16 p1 | P a4 mny-5 (real -5.26) 761/757 | mid 0.120 spr 16.7% | C:Filled 0.12 29.9s | V:FORZADO 0.13 45.5s | ida-vuelta 1.0$
10:14:54 p1 | P a2 mny-3 (real -3.26) 763/761 | mid 0.190 spr 10.5% | C:NO_LLENA None 45.5s | V:None None Nones | ida-vuelta None$
10:15:42 p1 | P a3 mny-3 (real -3.26) 763/760 | mid 0.240 spr 8.3% | C:NO_LLENA None 45.5s | V:None None Nones | ida-vuelta None$
10:16:29 p1 | P a4 mny-3 (real -3.26) 763/759 | mid 0.280 spr 7.1% | C:NO_LLENA None 45.5s | V:None None Nones | ida-vuelta None$
10:17:17 p1 | C a2 mny+5 (real +5.26) 761/763 | mid 1.810 spr 3.3% | C:Filled 1.76 3.5s | V:FORZADO 1.7500000000000004 45.5s | ida-vuelta -1.0$
10:18:41 p1 | C a3 mny+5 (real +4.62) 761/764 | mid 2.545 spr 2.0% | C:Filled 2.54 11.6s | V:FORZADO 2.4200000000000004 45.5s | ida-vuelta -12.0$
10:20:02 p1 | C a4 mny+5 (real +4.62) 761/765 | mid 3.240 spr 1.2% | C:Filled 3.15 5.1s | V:FORZADO 3.2399999999999998 45.6s | ida-vuelta 9.0$
10:21:16 p1 | C a2 mny+10 (real +9.62) 756/758 | mid 1.965 spr 18.8% | C:NO_LLENA None 45.6s | V:None None Nones | ida-vuelta None$
10:22:04 p1 | C a3 mny+10 (real +9.62) 756/759 | mid 2.900 spr 9.7% | C:NO_LLENA None 45.5s | V:None None Nones | ida-vuelta None$
10:22:52 p1 | C a4 mny+10 (real +9.62) 756/760 | mid 3.835 spr 6.0% | C:NO_LLENA None 45.5s | V:None None Nones | ida-vuelta None$
10:23:39 p1 | C a2 mny+20 (real +19.62) 746/748 | mid 2.000 spr 21.0% | C:NO_LLENA None 45.5s | V:None None Nones | ida-vuelta None$
10:24:39 p1 | C a3 mny+20 (real +19.91) 747/750 | mid 3.160 spr 28.5% | C:NO_LLENA None 45.6s | V:None None Nones | ida-vuelta None$
10:25:29 p1 | C a4 mny+20 (real +19.91) 747/751 | mid 4.115 spr 19.7% | C:NO_LLENA None 45.5s | V:None None Nones | ida-vuelta None$
10:26:29 p2 | P a2 mny-5 (real -4.57) 762/760 | mid 0.100 spr 20.0% | C:NO_LLENA None 45.5s | V:None None Nones | ida-vuelta None$
10:27:19 p2 | P a3 mny-5 (real -4.57) 762/759 | mid 0.120 spr 16.7% | C:NO_LLENA None 45.5s | V:None None Nones | ida-vuelta None$
10:28:06 p2 | P a4 mny-5 (real -4.57) 762/758 | mid 0.140 spr 14.3% | C:NO_LLENA None 45.4s | V:None None Nones | ida-vuelta None$
10:28:54 p2 | P a2 mny-3 (real -2.57) 764/762 | mid 0.240 spr 8.3% | C:NO_LLENA None 45.5s | V:None None Nones | ida-vuelta None$
10:29:41 p2 | P a3 mny-3 (real -2.57) 764/761 | mid 0.300 spr 6.7% | C:NO_LLENA None 45.7s | V:None None Nones | ida-vuelta None$
10:30:30 p2 | P a4 mny-3 (real -2.57) 764/760 | mid 0.340 spr 5.9% | C:NO_LLENA None 45.8s | V:None None Nones | ida-vuelta None$
10:31:23 p2 | C a2 mny-1 (real -0.69) 767/769 | mid 0.580 spr 3.4% | C:Filled 0.58 1.0s | V:FORZADO 0.67 45.6s | ida-vuelta 9.0$
10:32:34 p2 | P a2 mny-1 (real -1.31) 765/763 | mid 0.430 spr 4.7% | C:Filled 0.41 3.0s | V:FORZADO 0.36000000000000004 45.5s | ida-vuelta -5.0$
10:33:44 p2 | C a3 mny-1 (real -0.69) 767/770 | mid 0.700 spr 2.9% | C:NO_LLENA None 45.4s | V:None None Nones | ida-vuelta None$
10:34:31 p2 | P a3 mny-1 (real -1.31) 765/762 | mid 0.540 spr 3.7% | C:Filled 0.5 3.5s | V:FORZADO 0.54 45.5s | ida-vuelta 4.0$
10:35:42 p2 | P a4 mny-1 (real -1.31) 765/761 | mid 0.620 spr 3.2% | C:Filled 0.62 13.6s | V:FORZADO 0.5 45.5s | ida-vuelta -12.0$
10:37:01 p2 | C a2 mny+0 (real +0.31) 766/768 | mid 0.860 spr 2.3% | C:NO_LLENA None 45.5s | V:None None Nones | ida-vuelta None$
10:39:39 p1 | P a2 mny-5 (real -4.74) 762/760 | mid 0.070 spr 28.6% | C:NO_LLENA None 20.1s | V:None None Nones | ida-vuelta None$
10:40:04 p1 | P a3 mny-5 (real -4.74) 762/759 | mid 0.090 spr 22.2% | C:NO_LLENA None 20.2s | V:None None Nones | ida-vuelta None$
10:40:26 p1 | P a4 mny-5 (real -4.74) 762/758 | mid 0.100 spr 20.0% | C:NO_LLENA None 20.2s | V:None None Nones | ida-vuelta None$
10:40:48 p1 | P a2 mny-3 (real -2.74) 764/762 | mid 0.200 spr 10.0% | C:NO_LLENA None 20.2s | V:None None Nones | ida-vuelta None$
10:41:09 p1 | P a3 mny-3 (real -2.74) 764/761 | mid 0.240 spr 8.3% | C:NO_LLENA None 20.2s | V:None None Nones | ida-vuelta None$
10:41:32 p1 | P a4 mny-3 (real -2.74) 764/760 | mid 0.270 spr 7.4% | C:NO_LLENA None 20.2s | V:None None Nones | ida-vuelta None$
10:42:16 p1 | C a3 mny-1 (real -1.43) 768/771 | mid 0.570 spr 3.5% | C:Filled 0.55 3.0s | V:FORZADO 0.64 56.5s | ida-vuelta 9.0$
10:43:24 p1 | P a3 mny-1 (real -0.57) 766/763 | mid 0.600 spr 3.3% | C:Filled 0.52 3.1s | V:FORZADO 0.49 56.6s | ida-vuelta -3.0$
10:44:29 p1 | C a4 mny-1 (real -1.43) 768/772 | mid 0.600 spr 3.3% | C:NO_LLENA None 20.2s | V:None None Nones | ida-vuelta None$
10:44:51 p1 | P a4 mny-1 (real -0.57) 766/762 | mid 0.680 spr 2.9% | C:Filled 0.59 4.5s | V:FORZADO 0.53 56.6s | ida-vuelta -6.0$
10:45:57 p1 | C a2 mny+0 (real -0.43) 767/769 | mid 0.760 spr 2.6% | C:NO_LLENA None 20.2s | V:None None Nones | ida-vuelta None$
10:46:19 p1 | P a2 mny+0 (real +0.43) 767/765 | mid 0.680 spr 2.9% | C:Filled 0.62 1.0s | V:FORZADO 0.6000000000000001 58.1s | ida-vuelta -2.0$
10:48:05 p1 | P a2 mny+1 (real +0.53) 768/766 | mid 0.910 spr 2.2% | C:NO_LLENA None 20.2s | V:None None Nones | ida-vuelta None$
10:48:31 p1 | C a3 mny+1 (real +1.47) 766/769 | mid 1.410 spr 1.4% | C:Filled 1.37 0.5s | V:FORZADO 1.25 56.6s | ida-vuelta -12.0$
10:49:33 p1 | P a3 mny+1 (real +0.53) 768/765 | mid 1.180 spr 1.7% | C:NO_LLENA None 20.3s | V:None None Nones | ida-vuelta None$
10:49:55 p1 | C a4 mny+1 (real +1.47) 766/770 | mid 1.590 spr 1.3% | C:Filled 1.49 1.0s | V:FORZADO 1.4600000000000002 56.5s | ida-vuelta -3.0$
10:50:57 p1 | P a4 mny+1 (real +0.53) 768/764 | mid 1.350 spr 1.5% | C:NO_LLENA None 20.3s | V:None None Nones | ida-vuelta None$
10:51:19 p1 | C a2 mny+2 (real +2.47) 765/767 | mid 1.350 spr 3.0% | C:Filled 1.31 3.6s | V:FORZADO 1.2999999999999998 57.1s | ida-vuelta -1.0$
10:52:36 p1 | C a3 mny+2 (real +1.92) 765/768 | mid 1.795 spr 1.7% | C:Filled 1.8 0.5s | V:FORZADO 1.94 56.5s | ida-vuelta 14.0$
10:53:41 p1 | P a3 mny+2 (real +2.08) 769/766 | mid 1.630 spr 2.5% | C:Filled 1.57 6.1s | V:FORZADO 1.79 56.6s | ida-vuelta 22.0$
10:54:47 p1 | C a4 mny+2 (real +1.92) 765/769 | mid 2.095 spr 1.4% | C:Filled 2.06 3.0s | V:FORZADO 2.02 56.6s | ida-vuelta -4.0$
11:00:29 p1 | P a2 mny-5 (real -5.15) 762/760 | mid 0.060 spr 33.3% | C:NO_LLENA None 20.3s | V:None None Nones | ida-vuelta None$
11:00:57 p1 | P a3 mny-5 (real -5.15) 762/759 | mid 0.080 spr 25.0% | C:Filled 0.08 15.7s | V:NO_PLANA None 24.2s | ida-vuelta None$
11:01:46 p1 | P a4 mny-5 (real -5.15) 762/758 | mid 0.080 spr 25.0% | C:NO_LLENA None 20.2s | V:None None Nones | ida-vuelta None$
11:02:11 p1 | P a2 mny-3 (real -3.15) 764/762 | mid 0.160 spr 12.5% | C:RECHAZADA None 0.5s | V:None None Nones | ida-vuelta None$
11:02:15 p1 | P a3 mny-3 (real -3.15) 764/761 | mid 0.200 spr 10.0% | C:NO_LLENA None 20.2s | V:None None Nones | ida-vuelta None$
11:02:41 p1 | P a4 mny-3 (real -3.15) 764/760 | mid 0.220 spr 9.1% | C:NO_LLENA None 20.2s | V:None None Nones | ida-vuelta None$
11:03:36 p1 | P a3 mny-1 (real -0.78) 767/764 | mid 0.650 spr 3.1% | C:Filled 0.58 8.6s | V:FORZADO 0.52 17.5s | ida-vuelta -6.0$
11:04:16 p1 | P a4 mny-1 (real -0.78) 767/763 | mid 0.740 spr 2.7% | C:NO_LLENA None 20.3s | V:None None Nones | ida-vuelta None$
11:04:40 p1 | C a2 mny+2 (real +1.78) 766/768 | mid 1.250 spr 3.2% | C:Filled 1.32 11.7s | V:FORZADO 1.2400000000000002 16.2s | ida-vuelta -8.0$
11:05:19 p1 | C a2 mny+3 (real +2.78) 765/767 | mid 1.485 spr 3.4% | C:Filled 1.5 4.0s | V:FORZADO None 24.2s | ida-vuelta None$
11:05:57 p1 | C a3 mny+3 (real +2.78) 765/768 | mid 2.040 spr 2.0% | C:Filled 1.87 14.7s | V:FORZADO 1.87 16.1s | ida-vuelta 0.0$
11:06:40 p1 | C a2 mny+5 (real +4.78) 763/765 | mid 1.780 spr 3.4% | C:NO_LLENA None 20.2s | V:None None Nones | ida-vuelta None$
11:07:19 p1 | C a3 mny+5 (real +5.11) 762/765 | mid 2.650 spr 3.0% | C:NO_LLENA None 20.2s | V:None None Nones | ida-vuelta None$
11:07:46 p1 | C a4 mny+5 (real +5.11) 762/766 | mid 3.400 spr 1.8% | C:Filled 3.39 8.6s | V:FORZADO None 25.0s | ida-vuelta None$
11:08:30 p1 | C a2 mny+10 (real +10.11) 757/759 | mid 1.985 spr 25.7% | C:NO_LLENA None 20.2s | V:None None Nones | ida-vuelta None$
11:08:57 p1 | C a3 mny+10 (real +10.11) 757/760 | mid 3.040 spr 11.8% | C:NO_LLENA None 20.3s | V:None None Nones | ida-vuelta None$
11:09:21 p1 | C a4 mny+10 (real +10.11) 757/761 | mid 4.010 spr 9.0% | C:NO_LLENA None 20.3s | V:None None Nones | ida-vuelta None$
11:09:46 p1 | C a2 mny+20 (real +20.11) 747/749 | mid 2.000 spr 30.0% | C:NO_LLENA None 20.2s | V:None None Nones | ida-vuelta None$
11:10:23 p1 | C a3 mny+20 (real +19.56) 747/750 | mid 3.000 spr 18.7% | C:NO_LLENA None 20.2s | V:None None Nones | ida-vuelta None$
11:10:50 p1 | C a4 mny+20 (real +19.56) 747/751 | mid 4.000 spr 14.0% | C:NO_LLENA None 20.2s | V:None None Nones | ida-vuelta None$
11:11:22 p2 | C a2 mny-5 (real -4.69) 771/773 | mid 0.040 spr 50.0% | C:NO_LLENA None 20.3s | V:None None Nones | ida-vuelta None$
11:11:50 p2 | P a2 mny-5 (real -5.31) 761/759 | mid 0.060 spr 33.3% | C:NO_LLENA None 20.2s | V:None None Nones | ida-vuelta None$
11:12:14 p2 | P a3 mny-5 (real -5.31) 761/758 | mid 0.080 spr 25.0% | C:Filled 0.08 15.2s | V:FORZADO 0.060000000000000005 16.2s | ida-vuelta -2.0$
11:12:57 p2 | P a4 mny-5 (real -5.31) 761/757 | mid 0.090 spr 22.2% | C:Filled 0.07 14.7s | V:FORZADO 0.05 16.1s | ida-vuelta -2.0$
11:13:38 p2 | C a2 mny-3 (real -2.69) 769/771 | mid 0.170 spr 11.8% | C:NO_LLENA None 20.2s | V:None None Nones | ida-vuelta None$
11:14:02 p2 | P a2 mny-3 (real -3.31) 763/761 | mid 0.170 spr 11.8% | C:Filled 0.11 3.5s | V:FORZADO 0.11 16.1s | ida-vuelta 0.0$
11:14:47 p2 | P a3 mny-3 (real -2.96) 764/761 | mid 0.250 spr 8.0% | C:Filled 0.25 4.5s | V:FORZADO 0.27999999999999997 16.9s | ida-vuelta 3.0$
11:15:22 p2 | P a4 mny-3 (real -2.96) 764/760 | mid 0.280 spr 7.1% | C:Filled 0.28 1.0s | V:FORZADO 0.27 16.1s | ida-vuelta -1.0$
11:15:49 p2 | P a2 mny-1 (real -0.96) 766/764 | mid 0.480 spr 4.2% | C:NO_LLENA None 20.3s | V:None None Nones | ida-vuelta None$
11:16:14 p2 | P a3 mny-1 (real -0.96) 766/763 | mid 0.610 spr 3.3% | C:NO_LLENA None 20.3s | V:None None Nones | ida-vuelta None$
11:16:39 p2 | P a4 mny-1 (real -0.96) 766/762 | mid 0.680 spr 2.9% | C:Filled 0.78 1.5s | V:FORZADO 0.7 16.2s | ida-vuelta -8.0$
11:17:06 p2 | P a2 mny+0 (real +0.04) 767/765 | mid 0.700 spr 2.9% | C:Filled 0.76 1.5s | V:FORZADO 0.76 16.1s | ida-vuelta 0.0$
11:18:35 p2 | P a3 mny+1 (real +1.23) 768/765 | mid 1.230 spr 3.3% | C:Filled 1.25 4.6s | V:FORZADO 1.1500000000000001 17.3s | ida-vuelta -10.0$
11:19:11 p2 | C a4 mny+1 (real +0.77) 766/770 | mid 1.470 spr 1.4% | C:Filled 1.52 3.6s | V:FORZADO 1.52 16.2s | ida-vuelta 0.0$
11:19:40 p2 | P a4 mny+1 (real +1.23) 768/764 | mid 1.410 spr 2.8% | C:Filled 1.39 2.6s | V:FORZADO 1.48 17.4s | ida-vuelta 9.0$
11:20:10 p2 | C a2 mny+2 (real +1.77) 765/767 | mid 1.330 spr 3.0% | C:NO_LLENA None 20.3s | V:None None Nones | ida-vuelta None$
11:20:35 p2 | P a2 mny+2 (real +2.23) 769/767 | mid 1.280 spr 3.1% | C:Filled 1.39 2.0s | V:FORZADO 1.41 16.1s | ida-vuelta 2.0$
11:21:03 p2 | C a3 mny+2 (real +1.77) 765/768 | mid 1.770 spr 2.3% | C:Filled 1.61 1.5s | V:FORZADO None 24.2s | ida-vuelta None$
11:22:53 p2 | C a2 mny+5 (real +5.26) 761/763 | mid 1.840 spr 3.3% | C:NO_LLENA None 20.2s | V:None None Nones | ida-vuelta None$
11:23:21 p2 | C a3 mny+5 (real +5.26) 761/764 | mid 2.680 spr 2.2% | C:NO_LLENA None 20.3s | V:None None Nones | ida-vuelta None$
11:23:45 p2 | C a4 mny+5 (real +5.26) 761/765 | mid 3.435 spr 1.5% | C:NO_LLENA None 20.2s | V:None None Nones | ida-vuelta None$
11:24:10 p2 | C a2 mny+10 (real +10.26) 756/758 | mid 1.985 spr 22.7% | C:NO_LLENA None 20.3s | V:None None Nones | ida-vuelta None$
11:24:35 p2 | C a3 mny+10 (real +10.26) 756/759 | mid 2.985 spr 14.4% | C:NO_LLENA None 20.2s | V:None None Nones | ida-vuelta None$
11:24:59 p2 | C a4 mny+10 (real +10.26) 756/760 | mid 3.985 spr 9.8% | C:NO_LLENA None 20.2s | V:None None Nones | ida-vuelta None$
11:25:38 p2 | C a2 mny+20 (real +20.29) 746/748 | mid 1.995 spr 16.5% | C:NO_LLENA None 20.2s | V:None None Nones | ida-vuelta None$
11:26:06 p2 | C a3 mny+20 (real +20.29) 746/749 | mid 2.450 spr 62.0% | C:NO_LLENA None 20.2s | V:None None Nones | ida-vuelta None$
11:26:31 p2 | C a4 mny+20 (real +20.29) 746/750 | mid 3.995 spr 8.3% | C:NO_LLENA None 20.2s | V:None None Nones | ida-vuelta None$
11:27:26 p3 | P a3 mny-5 (real -5.28) 761/758 | mid 0.050 spr 40.0% | C:NO_LLENA None 20.2s | V:None None Nones | ida-vuelta None$
11:27:54 p3 | P a4 mny-5 (real -5.28) 761/757 | mid 0.050 spr 40.0% | C:NO_LLENA None 20.3s | V:None None Nones | ida-vuelta None$
11:28:19 p3 | P a2 mny-3 (real -3.28) 763/761 | mid 0.120 spr 16.7% | C:Filled 0.1 3.5s | V:FORZADO 0.10999999999999999 41.2s | ida-vuelta 1.0$
11:29:14 p3 | P a3 mny-3 (real -3.28) 763/760 | mid 0.140 spr 14.3% | C:Filled 0.12 6.6s | V:FORZADO 0.12000000000000001 16.1s | ida-vuelta 0.0$
11:29:47 p3 | P a4 mny-3 (real -3.28) 763/759 | mid 0.160 spr 12.5% | C:Filled 0.13 11.1s | V:FORZADO 0.10999999999999999 16.1s | ida-vuelta -2.0$
11:30:26 p3 | P a2 mny-1 (real -1.28) 765/763 | mid 0.340 spr 5.9% | C:NO_LLENA None 20.3s | V:None None Nones | ida-vuelta None$
11:33:32 p3 | C a4 mny+2 (real +1.61) 765/769 | mid 1.610 spr 2.5% | C:Filled 1.6 1.5s | V:FORZADO 1.51 16.1s | ida-vuelta -9.0$
11:34:03 p3 | P a4 mny+2 (real +2.39) 769/765 | mid 2.375 spr 1.3% | C:Filled 2.45 18.8s | V:FORZADO 2.4 16.1s | ida-vuelta -5.0$
11:34:50 p3 | C a2 mny+3 (real +2.61) 764/766 | mid 1.385 spr 3.6% | C:Filled 1.36 11.6s | V:FORZADO 1.36 16.1s | ida-vuelta 0.0$
11:35:27 p3 | P a2 mny+3 (real +3.39) 770/768 | mid 1.690 spr 8.3% | C:NO_LLENA None 20.2s | V:None None Nones | ida-vuelta None$
11:35:52 p3 | C a3 mny+3 (real +2.61) 764/767 | mid 1.875 spr 2.7% | C:Filled 1.77 2.0s | V:FORZADO 1.74 17.1s | ida-vuelta -3.0$
11:36:21 p3 | P a3 mny+3 (real +3.39) 770/767 | mid 2.370 spr 5.1% | C:Filled 2.52 12.1s | V:FORZADO 2.4000000000000004 16.1s | ida-vuelta -12.0$
11:37:23 p3 | C a2 mny+5 (real +4.86) 761/763 | mid 1.840 spr 3.3% | C:NO_LLENA None 20.2s | V:None None Nones | ida-vuelta None$
11:37:50 p3 | C a3 mny+5 (real +4.86) 761/764 | mid 2.680 spr 2.2% | C:Filled 2.72 1.0s | V:FORZADO 2.66 16.3s | ida-vuelta -6.0$
11:38:17 p3 | C a2 mny+10 (real +9.86) 756/758 | mid 2.005 spr 25.4% | C:NO_LLENA None 20.2s | V:None None Nones | ida-vuelta None$
11:38:42 p3 | C a3 mny+10 (real +9.86) 756/759 | mid 2.985 spr 15.7% | C:NO_LLENA None 20.2s | V:None None Nones | ida-vuelta None$
11:39:07 p3 | C a4 mny+10 (real +9.86) 756/760 | mid 3.950 spr 9.1% | C:NO_LLENA None 20.2s | V:None None Nones | ida-vuelta None$
11:39:32 p3 | C a2 mny+20 (real +19.86) 746/748 | mid 1.990 spr 26.1% | C:NO_LLENA None 20.2s | V:None None Nones | ida-vuelta None$
11:40:27 p3 | C a4 mny+20 (real +19.56) 746/750 | mid 4.000 spr 10.0% | C:NO_LLENA None 20.3s | V:None None Nones | ida-vuelta None$
11:41:07 p4 | P a2 mny-5 (real -4.56) 761/759 | mid 0.060 spr 33.3% | C:NO_LLENA None 20.2s | V:None None Nones | ida-vuelta None$
11:41:37 p4 | P a3 mny-5 (real -4.56) 761/758 | mid 0.080 spr 25.0% | C:Filled 0.08 2.6s | V:FORZADO 0.06 40.4s | ida-vuelta -2.0$
11:42:30 p4 | P a4 mny-5 (real -4.56) 761/757 | mid 0.080 spr 25.0% | C:NO_LLENA None 20.2s | V:None None Nones | ida-vuelta None$
11:42:54 p4 | C a2 mny+10 (real +9.56) 756/758 | mid 1.985 spr 20.7% | C:NO_LLENA None 20.2s | V:None None Nones | ida-vuelta None$
11:43:19 p4 | C a3 mny+10 (real +9.56) 756/759 | mid 2.965 spr 13.2% | C:NO_LLENA None 20.3s | V:None None Nones | ida-vuelta None$
11:43:45 p4 | C a4 mny+10 (real +9.56) 756/760 | mid 3.960 spr 7.6% | C:NO_LLENA None 20.2s | V:None None Nones | ida-vuelta None$
11:44:22 p4 | C a2 mny+20 (real +19.51) 746/748 | mid 2.000 spr 24.0% | C:NO_LLENA None 20.2s | V:None None Nones | ida-vuelta None$
11:44:50 p4 | C a3 mny+20 (real +19.51) 746/749 | mid 2.450 spr 64.5% | C:NO_LLENA None 20.2s | V:None None Nones | ida-vuelta None$
11:45:15 p4 | C a4 mny+20 (real +19.51) 746/750 | mid 4.005 spr 11.2% | C:NO_LLENA None 20.2s | V:None None Nones | ida-vuelta None$
11:45:52 p5 | P a2 mny-5 (real -5.36) 760/758 | mid 0.040 spr 50.0% | C:NO_LLENA None 20.2s | V:None None Nones | ida-vuelta None$
11:46:19 p5 | P a3 mny-5 (real -5.36) 760/757 | mid 0.040 spr 50.0% | C:NO_LLENA None 20.2s | V:None None Nones | ida-vuelta None$
11:46:44 p5 | P a4 mny-5 (real -5.36) 760/756 | mid 0.040 spr 50.0% | C:NO_LLENA None 20.2s | V:None None Nones | ida-vuelta None$
11:47:09 p5 | P a2 mny-3 (real -3.36) 762/760 | mid 0.120 spr 16.7% | C:Filled 0.12 0.5s | V:FORZADO 0.09 40.4s | ida-vuelta -3.0$
11:48:00 p5 | P a3 mny-3 (real -3.36) 762/759 | mid 0.140 spr 14.3% | C:NO_LLENA None 20.2s | V:None None Nones | ida-vuelta None$
11:48:24 p5 | P a4 mny-3 (real -3.36) 762/758 | mid 0.160 spr 12.5% | C:Filled 0.13 2.0s | V:FORZADO 0.11000000000000001 16.1s | ida-vuelta -2.0$
11:48:57 p5 | C a2 mny-1 (real -1.38) 767/769 | mid 0.330 spr 6.1% | C:Filled 0.34 5.0s | V:FORZADO 0.30000000000000004 16.1s | ida-vuelta -4.0$
11:49:32 p5 | P a2 mny-1 (real -0.62) 765/763 | mid 0.460 spr 4.3% | C:Filled 0.46 7.0s | V:FORZADO 0.47 40.4s | ida-vuelta 1.0$
11:50:29 p5 | C a3 mny-1 (real -1.38) 767/770 | mid 0.380 spr 5.3% | C:NO_LLENA None 20.2s | V:None None Nones | ida-vuelta None$
11:50:54 p5 | P a3 mny-1 (real -0.62) 765/762 | mid 0.560 spr 3.6% | C:NO_LLENA None 20.3s | V:None None Nones | ida-vuelta None$
11:51:18 p5 | C a4 mny-1 (real -1.38) 767/771 | mid 0.390 spr 5.1% | C:Filled 0.36 6.6s | V:FORZADO 0.41000000000000003 16.1s | ida-vuelta 5.0$
11:51:52 p5 | P a4 mny-1 (real -0.62) 765/761 | mid 0.620 spr 3.2% | C:Filled 0.53 2.0s | V:FORZADO 0.48000000000000004 16.7s | ida-vuelta -5.0$
11:52:48 p5 | P a3 mny+0 (real +0.08) 766/763 | mid 0.790 spr 2.5% | C:Filled 0.82 7.1s | V:FORZADO 0.8300000000000001 16.1s | ida-vuelta 1.0$
11:53:26 p5 | P a4 mny+0 (real +0.08) 766/762 | mid 0.870 spr 2.3% | C:Filled 0.95 2.5s | V:FORZADO 0.93 16.1s | ida-vuelta -2.0$
11:53:54 p5 | C a2 mny+2 (real +1.92) 764/766 | mid 1.350 spr 3.0% | C:NO_LLENA None 20.2s | V:None None Nones | ida-vuelta None$
11:54:19 p5 | C a2 mny+3 (real +2.92) 763/765 | mid 1.590 spr 2.5% | C:NO_LLENA None 20.3s | V:None None Nones | ida-vuelta None$
11:54:43 p5 | C a3 mny+3 (real +2.92) 763/766 | mid 2.200 spr 1.8% | C:Filled 2.19 18.7s | V:FORZADO 2.13 16.1s | ida-vuelta -6.0$
11:55:29 p5 | C a2 mny+5 (real +4.92) 761/763 | mid 1.920 spr 13.5% | C:NO_LLENA None 20.2s | V:None None Nones | ida-vuelta None$
11:56:07 p5 | C a3 mny+5 (real +4.85) 761/764 | mid 2.740 spr 6.6% | C:NO_LLENA None 20.2s | V:None None Nones | ida-vuelta None$
11:56:37 p5 | C a2 mny+10 (real +9.85) 756/758 | mid 1.990 spr 19.1% | C:NO_LLENA None 20.2s | V:None None Nones | ida-vuelta None$
11:57:02 p5 | C a3 mny+10 (real +9.85) 756/759 | mid 2.985 spr 13.1% | C:NO_LLENA None 20.3s | V:None None Nones | ida-vuelta None$
11:57:26 p5 | C a4 mny+10 (real +9.85) 756/760 | mid 3.965 spr 9.3% | C:NO_LLENA None 20.2s | V:None None Nones | ida-vuelta None$
11:57:51 p5 | C a2 mny+20 (real +19.85) 746/748 | mid 2.000 spr 20.0% | C:NO_LLENA None 20.2s | V:None None Nones | ida-vuelta None$
11:58:16 p5 | C a3 mny+20 (real +19.85) 746/749 | mid 2.775 spr 34.2% | C:NO_LLENA None 20.2s | V:None None Nones | ida-vuelta None$
11:58:53 p5 | C a4 mny+20 (real +19.74) 746/750 | mid 3.975 spr 10.3% | C:NO_LLENA None 20.2s | V:None None Nones | ida-vuelta None$
11:59:33 p6 | P a2 mny-5 (real -4.74) 761/759 | mid 0.040 spr 50.0% | C:NO_LLENA None 20.3s | V:None None Nones | ida-vuelta None$
12:00:01 p6 | P a3 mny-5 (real -4.74) 761/758 | mid 0.050 spr 40.0% | C:Filled 0.05 6.0s | V:FORZADO 0.04000000000000001 40.3s | ida-vuelta -1.0$
12:00:59 p6 | P a4 mny-5 (real -4.74) 761/757 | mid 0.050 spr 40.0% | C:NO_LLENA None 20.2s | V:None None Nones | ida-vuelta None$
12:01:23 p6 | P a2 mny-3 (real -2.74) 763/761 | mid 0.140 spr 14.3% | C:NO_LLENA None 20.3s | V:None None Nones | ida-vuelta None$
12:01:48 p6 | P a3 mny-3 (real -2.74) 763/760 | mid 0.170 spr 11.8% | C:NO_LLENA None 20.2s | V:None None Nones | ida-vuelta None$
12:02:12 p6 | P a4 mny-3 (real -2.74) 763/759 | mid 0.180 spr 11.1% | C:Filled 0.19 4.1s | V:FORZADO 0.13 40.5s | ida-vuelta -6.0$
12:03:12 p6 | C a2 mny-1 (real -0.99) 767/769 | mid 0.400 spr 5.0% | C:Filled 0.39 5.6s | V:FORZADO 0.38 16.1s | ida-vuelta -1.0$
12:03:47 p6 | P a2 mny-1 (real -1.01) 765/763 | mid 0.360 spr 5.6% | C:NO_LLENA None 20.2s | V:None None Nones | ida-vuelta None$
12:04:11 p6 | C a3 mny-1 (real -0.99) 767/770 | mid 0.450 spr 4.4% | C:Filled 0.39 10.6s | V:FORZADO 0.35 16.1s | ida-vuelta -4.0$
12:04:48 p6 | P a3 mny-1 (real -1.01) 765/762 | mid 0.430 spr 4.7% | C:NO_LLENA None 20.2s | V:None None Nones | ida-vuelta None$
12:05:12 p6 | P a4 mny-1 (real -1.01) 765/761 | mid 0.470 spr 4.3% | C:Filled 0.52 1.0s | V:FORZADO 0.5800000000000001 24.2s | ida-vuelta 6.0$
12:05:48 p6 | C a2 mny+0 (real +0.01) 766/768 | mid 0.720 spr 2.8% | C:Filled 0.59 2.5s | V:FORZADO 0.55 40.4s | ida-vuelta -4.0$
12:08:57 p6 | C a2 mny+3 (real +2.61) 763/765 | mid 1.620 spr 2.5% | C:NO_LLENA None 20.2s | V:None None Nones | ida-vuelta None$
12:09:24 p6 | C a2 mny+5 (real +4.61) 761/763 | mid 1.875 spr 5.9% | C:NO_LLENA None 20.3s | V:None None Nones | ida-vuelta None$
12:09:49 p6 | C a3 mny+5 (real +4.61) 761/764 | mid 2.735 spr 4.0% | C:NO_LLENA None 20.2s | V:None None Nones | ida-vuelta None$
12:10:14 p6 | C a4 mny+5 (real +4.61) 761/765 | mid 3.495 spr 2.6% | C:NO_LLENA None 20.2s | V:None None Nones | ida-vuelta None$
12:10:38 p6 | C a2 mny+10 (real +9.61) 756/758 | mid 1.985 spr 22.7% | C:NO_LLENA None 20.3s | V:None None Nones | ida-vuelta None$
12:11:03 p6 | C a3 mny+10 (real +9.61) 756/759 | mid 2.980 spr 14.1% | C:NO_LLENA None 20.2s | V:None None Nones | ida-vuelta None$
12:11:40 p6 | C a4 mny+10 (real +9.86) 756/760 | mid 3.965 spr 8.8% | C:NO_LLENA None 20.2s | V:None None Nones | ida-vuelta None$
12:12:08 p6 | C a2 mny+20 (real +19.86) 746/748 | mid 2.010 spr 18.9% | C:NO_LLENA None 20.2s | V:None None Nones | ida-vuelta None$
12:12:33 p6 | C a3 mny+20 (real +19.86) 746/749 | mid 3.245 spr 78.0% | C:NO_LLENA None 20.2s | V:None None Nones | ida-vuelta None$
12:12:58 p6 | C a4 mny+20 (real +19.86) 746/750 | mid 4.000 spr 9.0% | C:NO_LLENA None 20.3s | V:None None Nones | ida-vuelta None$
12:13:28 p7 | C a2 mny-5 (real -5.23) 771/773 | mid 0.020 spr 100.0% | C:Filled 0.03 0.5s | V:FORZADO 0.009999999999999998 16.1s | ida-vuelta -2.0$
12:13:57 p7 | P a2 mny-5 (real -4.77) 761/759 | mid 0.030 spr 66.7% | C:NO_LLENA None 20.2s | V:None None Nones | ida-vuelta None$
12:14:22 p7 | C a3 mny-5 (real -5.23) 771/774 | mid 0.020 spr 100.0% | C:NO_LLENA None 20.2s | V:None None Nones | ida-vuelta None$
12:14:46 p7 | P a3 mny-5 (real -4.77) 761/758 | mid 0.040 spr 50.0% | C:NO_LLENA None 20.2s | V:None None Nones | ida-vuelta None$
12:15:11 p7 | C a4 mny-5 (real -5.23) 771/775 | mid 0.020 spr 100.0% | C:NO_LLENA None 20.3s | V:None None Nones | ida-vuelta None$
12:15:36 p7 | P a4 mny-5 (real -4.77) 761/757 | mid 0.040 spr 50.0% | C:NO_LLENA None 20.2s | V:None None Nones | ida-vuelta None$
12:16:16 p7 | P a2 mny-3 (real -2.54) 763/761 | mid 0.140 spr 14.3% | C:NO_LLENA None 20.3s | V:None None Nones | ida-vuelta None$
12:16:44 p7 | P a3 mny-3 (real -2.54) 763/760 | mid 0.160 spr 12.5% | C:Filled 0.17 8.1s | V:FORZADO 0.15000000000000002 40.5s | ida-vuelta -2.0$
12:17:43 p7 | P a4 mny-3 (real -2.54) 763/759 | mid 0.170 spr 11.8% | C:Filled 0.17 1.0s | V:FORZADO 0.16 40.5s | ida-vuelta -1.0$
12:18:34 p7 | P a2 mny-1 (real -0.54) 765/763 | mid 0.460 spr 4.3% | C:Filled 0.45 1.0s | V:FORZADO 0.43 16.1s | ida-vuelta -2.0$
12:19:01 p7 | P a3 mny-1 (real -0.54) 765/762 | mid 0.550 spr 3.6% | C:Filled 0.53 2.0s | V:FORZADO 0.5 16.2s | ida-vuelta -3.0$
12:19:30 p7 | P a4 mny-1 (real -0.54) 765/761 | mid 0.600 spr 3.3% | C:Filled 0.56 8.6s | V:FORZADO 0.54 16.1s | ida-vuelta -2.0$
12:20:19 p7 | P a2 mny+0 (real +0.39) 766/764 | mid 0.740 spr 2.7% | C:Filled 0.74 1.0s | V:FORZADO 0.7599999999999999 16.1s | ida-vuelta 2.0$
12:20:49 p7 | P a3 mny+0 (real +0.39) 766/763 | mid 0.910 spr 2.2% | C:Filled 0.91 4.6s | V:FORZADO 0.9000000000000001 16.7s | ida-vuelta -1.0$
12:21:19 p7 | P a4 mny+0 (real +0.39) 766/762 | mid 1.000 spr 2.0% | C:Filled 1.01 1.0s | V:FORZADO 0.9400000000000001 16.1s | ida-vuelta -7.0$
12:21:46 p7 | C a2 mny+3 (real +2.61) 763/765 | mid 1.545 spr 1.9% | C:NO_LLENA None 20.2s | V:None None Nones | ida-vuelta None$
12:22:10 p7 | C a2 mny+5 (real +4.61) 761/763 | mid 1.885 spr 10.1% | C:NO_LLENA None 20.2s | V:None None Nones | ida-vuelta None$
12:22:35 p7 | C a3 mny+5 (real +4.61) 761/764 | mid 2.720 spr 7.4% | C:NO_LLENA None 20.2s | V:None None Nones | ida-vuelta None$
12:23:15 p7 | C a4 mny+5 (real +4.54) 761/765 | mid 3.480 spr 4.0% | C:NO_LLENA None 20.2s | V:None None Nones | ida-vuelta None$
12:23:42 p7 | C a2 mny+10 (real +9.54) 756/758 | mid 1.985 spr 17.6% | C:NO_LLENA None 20.2s | V:None None Nones | ida-vuelta None$
12:24:07 p7 | C a3 mny+10 (real +9.54) 756/759 | mid 2.985 spr 11.7% | C:NO_LLENA None 20.3s | V:None None Nones | ida-vuelta None$
12:24:32 p7 | C a4 mny+10 (real +9.54) 756/760 | mid 3.965 spr 7.8% | C:NO_LLENA None 20.2s | V:None None Nones | ida-vuelta None$
12:24:57 p7 | C a2 mny+20 (real +19.54) 746/748 | mid 1.995 spr 19.5% | C:NO_LLENA None 20.3s | V:None None Nones | ida-vuelta None$
12:25:22 p7 | C a3 mny+20 (real +19.54) 746/749 | mid 2.990 spr 12.0% | C:NO_LLENA None 20.2s | V:None None Nones | ida-vuelta None$
12:25:59 p7 | C a4 mny+20 (real +19.93) 746/750 | mid 4.000 spr 9.5% | C:NO_LLENA None 20.2s | V:None None Nones | ida-vuelta None$
12:26:39 p8 | P a2 mny-5 (real -4.99) 761/759 | mid 0.030 spr 66.7% | C:NO_LLENA None 20.2s | V:None None Nones | ida-vuelta None$
12:27:07 p8 | P a3 mny-5 (real -4.99) 761/758 | mid 0.030 spr 66.7% | C:NO_LLENA None 20.2s | V:None None Nones | ida-vuelta None$
12:27:33 p8 | P a4 mny-5 (real -4.99) 761/757 | mid 0.030 spr 66.7% | C:Filled 0.04 0.5s | V:FORZADO 0.020000000000000004 16.1s | ida-vuelta -2.0$
12:28:00 p8 | P a2 mny-3 (real -2.99) 763/761 | mid 0.090 spr 22.2% | C:NO_LLENA None 20.2s | V:None None Nones | ida-vuelta None$
12:28:25 p8 | P a3 mny-3 (real -2.99) 763/760 | mid 0.110 spr 18.2% | C:Filled 0.13 3.0s | V:FORZADO 0.10999999999999999 41.4s | ida-vuelta -2.0$
12:29:19 p8 | P a4 mny-3 (real -2.99) 763/759 | mid 0.120 spr 16.7% | C:NO_LLENA None 20.2s | V:None None Nones | ida-vuelta None$
12:30:36 p8 | C a2 mny+0 (real -0.25) 766/768 | mid 0.480 spr 4.2% | C:Filled 0.47 6.1s | V:FORZADO 0.45999999999999996 40.4s | ida-vuelta -1.0$
12:31:36 p8 | P a2 mny+0 (real +0.25) 766/764 | mid 0.770 spr 2.6% | C:Filled 0.8 0.5s | V:FORZADO 0.7300000000000001 40.4s | ida-vuelta -7.0$
12:33:36 p1 | P a4 mny-5 (real -5.49) 760/756 | mid 0.020 spr 100.0% | C:NO_LLENA None 20.3s | V:None None Nones | ida-vuelta None$
12:34:04 p1 | P a2 mny-3 (real -3.49) 762/760 | mid 0.050 spr 40.0% | C:NO_LLENA None 20.3s | V:None None Nones | ida-vuelta None$
12:34:30 p1 | P a3 mny-3 (real -3.49) 762/759 | mid 0.060 spr 33.3% | C:NO_LLENA None 20.3s | V:None None Nones | ida-vuelta None$
12:34:55 p1 | P a4 mny-3 (real -3.49) 762/758 | mid 0.060 spr 33.3% | C:Filled 0.06 1.0s | V:FORZADO 0.04000000000000001 48.5s | ida-vuelta -2.0$
12:35:57 p1 | P a2 mny-2 (real -2.49) 763/761 | mid 0.100 spr 20.0% | C:NO_LLENA None 20.3s | V:None None Nones | ida-vuelta None$
12:36:21 p1 | P a3 mny-2 (real -2.49) 763/760 | mid 0.120 spr 16.7% | C:Filled 0.09 10.6s | V:FORZADO 0.07 41.3s | ida-vuelta -2.0$
12:37:36 p1 | P a4 mny-2 (real -2.28) 764/760 | mid 0.160 spr 12.5% | C:NO_LLENA None 20.2s | V:None None Nones | ida-vuelta None$
12:38:04 p1 | P a2 mny-1 (real -1.28) 765/763 | mid 0.280 spr 7.1% | C:NO_LLENA None 20.3s | V:None None Nones | ida-vuelta None$
12:38:30 p1 | P a3 mny-1 (real -1.28) 765/762 | mid 0.320 spr 6.3% | C:Filled 0.34 1.0s | V:FORZADO 0.32 16.1s | ida-vuelta -2.0$
12:38:57 p1 | P a4 mny-1 (real -1.28) 765/761 | mid 0.340 spr 5.9% | C:NO_LLENA None 20.2s | V:None None Nones | ida-vuelta None$
12:39:22 p1 | P a2 mny+0 (real -0.28) 766/764 | mid 0.500 spr 4.0% | C:Filled 0.5 6.1s | V:FORZADO 0.48000000000000004 41.3s | ida-vuelta -2.0$
12:40:19 p1 | P a3 mny+0 (real -0.28) 766/763 | mid 0.590 spr 3.4% | C:Filled 0.55 3.6s | V:FORZADO 0.5 16.1s | ida-vuelta -5.0$
12:41:01 p1 | P a4 mny+0 (real -0.30) 766/762 | mid 0.560 spr 3.6% | C:Filled 0.56 3.1s | V:FORZADO 0.55 16.1s | ida-vuelta -1.0$
12:41:36 p1 | C a2 mny+1 (real +1.30) 765/767 | mid 1.235 spr 2.4% | C:Filled 1.23 6.1s | V:FORZADO 1.21 16.1s | ida-vuelta -2.0$
12:42:08 p1 | P a2 mny+1 (real +0.70) 767/765 | mid 0.770 spr 2.6% | C:Filled 0.8 1.5s | V:FORZADO 0.76 16.1s | ida-vuelta -4.0$
12:42:36 p1 | P a3 mny+1 (real +0.70) 767/764 | mid 0.930 spr 2.2% | C:NO_LLENA None 20.2s | V:None None Nones | ida-vuelta None$
12:43:01 p1 | P a4 mny+1 (real +0.70) 767/763 | mid 1.010 spr 2.0% | C:Filled 1.06 2.0s | V:FORZADO 1.0399999999999998 16.1s | ida-vuelta -2.0$
12:43:29 p1 | C a2 mny+2 (real +2.30) 764/766 | mid 1.560 spr 2.6% | C:Filled 1.54 1.5s | V:FORZADO 1.5299999999999998 40.9s | ida-vuelta -1.0$
12:44:34 p1 | C a3 mny+2 (real +2.33) 764/767 | mid 2.080 spr 1.9% | C:NO_LLENA None 20.3s | V:None None Nones | ida-vuelta None$
12:45:01 p1 | P a3 mny+2 (real +1.67) 768/765 | mid 1.470 spr 2.7% | C:RECHAZADA None 1.5s | V:None None Nones | ida-vuelta None$
12:45:10 p1 | C a4 mny+2 (real +2.33) 764/768 | mid 2.380 spr 1.7% | C:RECHAZADA None 0.5s | V:None None Nones | ida-vuelta None$
12:45:15 p1 | P a4 mny+2 (real +1.67) 768/764 | mid 1.610 spr 2.5% | C:RECHAZADA None 0.5s | V:None None Nones | ida-vuelta None$
12:45:20 p1 | C a2 mny+3 (real +3.33) 763/765 | mid 1.775 spr 2.8% | C:RECHAZADA None 0.5s | V:None None Nones | ida-vuelta None$
12:45:25 p1 | P a2 mny+3 (real +2.67) 769/767 | mid 1.590 spr 2.5% | C:RECHAZADA None 0.5s | V:None None Nones | ida-vuelta None$
12:46:02 p1 | C a3 mny+3 (real +2.64) 764/767 | mid 2.030 spr 2.0% | C:NO_LLENA None 20.3s | V:None None Nones | ida-vuelta None$
12:46:29 p1 | P a3 mny+3 (real +3.36) 770/767 | mid 2.555 spr 4.3% | C:Filled 2.54 16.7s | V:NO_PLANA None 56.5s | ida-vuelta None$
12:47:52 p1 | C a4 mny+3 (real +2.64) 764/768 | mid 2.300 spr 1.7% | C:RECHAZADA None 0.5s | V:None None Nones | ida-vuelta None$
12:47:58 p1 | P a4 mny+3 (real +3.36) 770/766 | mid 3.065 spr 3.6% | C:RECHAZADA None 0.5s | V:None None Nones | ida-vuelta None$
12:48:03 p1 | C a2 mny+4 (real +3.64) 763/765 | mid 1.755 spr 2.8% | C:RECHAZADA None 1.5s | V:None None Nones | ida-vuelta None$
12:48:10 p1 | P a2 mny+4 (real +4.36) 771/769 | mid 1.885 spr 13.3% | C:RECHAZADA None 0.5s | V:None None Nones | ida-vuelta None$
12:48:56 p1 | C a3 mny+4 (real +3.55) 763/766 | mid 2.530 spr 1.6% | C:RECHAZADA None 0.5s | V:None None Nones | ida-vuelta None$
12:49:02 p1 | C a4 mny+4 (real +3.55) 763/767 | mid 3.070 spr 1.3% | C:RECHAZADA None 1.5s | V:None None Nones | ida-vuelta None$
12:49:10 p1 | C a2 mny+5 (real +4.55) 762/764 | mid 1.900 spr 9.5% | C:RECHAZADA None 0.5s | V:None None Nones | ida-vuelta None$
12:49:15 p1 | C a3 mny+5 (real +4.55) 762/765 | mid 2.760 spr 6.5% | C:RECHAZADA None 0.5s | V:None None Nones | ida-vuelta None$
12:49:19 p1 | C a4 mny+5 (real +4.55) 762/766 | mid 3.500 spr 4.6% | C:RECHAZADA None 0.5s | V:None None Nones | ida-vuelta None$
12:52:56 p2 | P a4 mny-5 (real -5.29) 761/757 | mid 0.020 spr 100.0% | C:NO_LLENA None 20.2s | V:None None Nones | ida-vuelta None$
12:53:23 p2 | P a2 mny-3 (real -3.29) 763/761 | mid 0.050 spr 40.0% | C:NO_LLENA None 20.2s | V:None None Nones | ida-vuelta None$
12:53:48 p2 | P a3 mny-3 (real -3.29) 763/760 | mid 0.060 spr 33.3% | C:NO_LLENA None 20.2s | V:None None Nones | ida-vuelta None$
12:54:12 p2 | P a4 mny-3 (real -3.29) 763/759 | mid 0.060 spr 33.3% | C:NO_LLENA None 20.2s | V:None None Nones | ida-vuelta None$
12:54:37 p2 | P a2 mny-2 (real -2.29) 764/762 | mid 0.130 spr 15.4% | C:NO_LLENA None 20.2s | V:None None Nones | ida-vuelta None$
12:55:01 p2 | P a3 mny-2 (real -2.29) 764/761 | mid 0.140 spr 14.3% | C:Filled 0.14 15.2s | V:NO_PLANA 0.13 73.2s | ida-vuelta -1.0$
12:57:19 p2 | C a4 mny-2 (real -1.86) 768/772 | mid 0.120 spr 16.7% | C:NO_LLENA None 20.3s | V:None None Nones | ida-vuelta None$
12:57:46 p2 | P a4 mny-2 (real -2.14) 764/760 | mid 0.160 spr 12.5% | C:Filled 0.15 11.2s | V:NO_PLANA 0.12 72.8s | ida-vuelta -3.0$
12:59:20 p2 | C a2 mny-1 (real -0.86) 767/769 | mid 0.280 spr 7.1% | C:NO_LLENA None 20.2s | V:None None Nones | ida-vuelta None$
12:59:46 p2 | P a2 mny-1 (real -1.14) 765/763 | mid 0.280 spr 7.1% | C:NO_LLENA None 20.2s | V:None None Nones | ida-vuelta None$
13:00:10 p2 | C a3 mny-1 (real -0.86) 767/770 | mid 0.300 spr 6.7% | C:Filled 0.4 16.1s | V:NO_PLANA 0.3 73.7s | ida-vuelta -10.0$
13:01:51 p2 | P a3 mny-1 (real -1.14) 765/762 | mid 0.320 spr 6.3% | C:Filled 0.3 13.1s | V:NO_PLANA 0.3 48.4s | ida-vuelta 0.0$
13:04:28 p2 | P a4 mny-1 (real -1.02) 765/761 | mid 0.340 spr 5.9% | C:NO_LLENA None 20.2s | V:None None Nones | ida-vuelta None$
13:04:54 p2 | C a2 mny+2 (real +2.02) 764/766 | mid 1.450 spr 2.8% | C:RECHAZADA None 0.5s | V:None None Nones | ida-vuelta None$
13:04:59 p2 | C a2 mny+3 (real +3.02) 763/765 | mid 1.725 spr 2.9% | C:RECHAZADA None 0.5s | V:None None Nones | ida-vuelta None$
13:05:04 p2 | C a3 mny+3 (real +3.02) 763/766 | mid 2.360 spr 1.7% | C:RECHAZADA None 1.5s | V:None None Nones | ida-vuelta None$
13:05:11 p2 | C a2 mny+4 (real +4.02) 762/764 | mid 1.865 spr 5.9% | C:RECHAZADA None 0.5s | V:None None Nones | ida-vuelta None$
13:05:16 p2 | C a3 mny+4 (real +4.02) 762/765 | mid 2.680 spr 3.7% | C:RECHAZADA None 0.5s | V:None None Nones | ida-vuelta None$
13:08:06 p2 | C a2 mny+5 (real +4.81) 761/763 | mid 1.985 spr 10.6% | C:RECHAZADA None 0.5s | V:None None Nones | ida-vuelta None$
13:08:14 p2 | C a3 mny+5 (real +4.81) 761/764 | mid 2.870 spr 7.7% | C:RECHAZADA None 0.5s | V:None None Nones | ida-vuelta None$
13:08:18 p2 | C a4 mny+5 (real +4.81) 761/765 | mid 3.645 spr 5.2% | C:RECHAZADA None 0.5s | V:None None Nones | ida-vuelta None$
13:09:11 p3 | P a2 mny-5 (real -4.75) 761/759 | mid 0.020 spr 100.0% | C:NO_LLENA None 20.2s | V:None None Nones | ida-vuelta None$
13:09:38 p3 | P a3 mny-5 (real -4.75) 761/758 | mid 0.020 spr 100.0% | C:NO_LLENA None 20.2s | V:None None Nones | ida-vuelta None$
13:10:02 p3 | P a4 mny-5 (real -4.75) 761/757 | mid 0.020 spr 100.0% | C:NO_LLENA None 20.2s | V:None None Nones | ida-vuelta None$
13:10:28 p3 | P a2 mny-3 (real -2.75) 763/761 | mid 0.080 spr 25.0% | C:NO_LLENA None 20.2s | V:None None Nones | ida-vuelta None$
13:10:52 p3 | P a3 mny-3 (real -2.75) 763/760 | mid 0.090 spr 22.2% | C:NO_LLENA None 20.2s | V:None None Nones | ida-vuelta None$
13:11:17 p3 | P a4 mny-3 (real -2.75) 763/759 | mid 0.100 spr 20.0% | C:Filled 0.1 12.6s | V:NO_PLANA 0.08 73.8s | ida-vuelta -2.0$
13:14:16 p3 | P a2 mny-2 (real -1.77) 764/762 | mid 0.130 spr 15.4% | C:NO_LLENA None 20.2s | V:None None Nones | ida-vuelta None$
13:14:54 p3 | P a3 mny-2 (real -1.77) 764/761 | mid 0.150 spr 13.3% | C:Filled 0.21 10.1s | V:NO_PLANA 0.29000000000000004 72.6s | ida-vuelta 8.0$
13:16:28 p3 | P a4 mny-2 (real -1.77) 764/760 | mid 0.160 spr 12.5% | C:NO_LLENA None 20.1s | V:None None Nones | ida-vuelta None$
13:16:54 p3 | C a2 mny+4 (real +3.77) 762/764 | mid 1.860 spr 5.4% | C:RECHAZADA None 0.5s | V:None None Nones | ida-vuelta None$
13:16:59 p3 | C a2 mny+5 (real +4.77) 761/763 | mid 1.940 spr 9.3% | C:RECHAZADA None 0.5s | V:None None Nones | ida-vuelta None$
13:17:04 p3 | C a3 mny+5 (real +4.77) 761/764 | mid 2.845 spr 6.7% | C:RECHAZADA None 1.0s | V:None None Nones | ida-vuelta None$
13:20:42 p4 | P a2 mny-5 (real -5.04) 760/758 | mid 0.020 spr 100.0% | C:NO_LLENA None 20.2s | V:None None Nones | ida-vuelta None$
13:21:08 p4 | P a3 mny-5 (real -5.04) 760/757 | mid 0.020 spr 100.0% | C:NO_LLENA None 20.2s | V:None None Nones | ida-vuelta None$
13:21:33 p4 | P a4 mny-5 (real -5.04) 760/756 | mid 0.020 spr 100.0% | C:NO_LLENA None 20.2s | V:None None Nones | ida-vuelta None$
13:21:58 p4 | P a2 mny-3 (real -3.04) 762/760 | mid 0.090 spr 22.2% | C:Filled 0.06 15.7s | V:NO_PLANA 0.04 73.3s | ida-vuelta -2.0$
13:23:38 p4 | P a3 mny-3 (real -3.04) 762/759 | mid 0.100 spr 20.0% | C:NO_LLENA None 20.1s | V:None None Nones | ida-vuelta None$
13:24:04 p4 | P a4 mny-3 (real -3.04) 762/758 | mid 0.110 spr 18.2% | C:Filled 0.07 5.6s | V:NO_PLANA 0.06999999999999999 73.9s | ida-vuelta -0.0$
13:26:16 p4 | C a2 mny-2 (real -1.98) 767/769 | mid 0.090 spr 22.2% | C:NO_LLENA None 20.3s | V:None None Nones | ida-vuelta None$
13:29:57 p1 | P a2 mny-5 (real -4.79) 760/758 | mid 0.020 spr 100.0% | C:NO_LLENA None 20.2s | V:None None Nones | ida-vuelta None$
13:30:26 p1 | P a3 mny-5 (real -4.79) 760/757 | mid 0.020 spr 100.0% | C:NO_LLENA None 20.2s | V:None None Nones | ida-vuelta None$
13:30:50 p1 | P a4 mny-5 (real -4.79) 760/756 | mid 0.020 spr 100.0% | C:NO_LLENA None 20.3s | V:None None Nones | ida-vuelta None$
13:31:15 p1 | P a2 mny-3 (real -2.79) 762/760 | mid 0.070 spr 28.6% | C:Filled 0.07 15.7s | V:FORZADO 0.049999999999999996 16.2s | ida-vuelta -2.0$
13:31:57 p1 | P a3 mny-3 (real -2.79) 762/759 | mid 0.080 spr 25.0% | C:NO_LLENA None 20.3s | V:None None Nones | ida-vuelta None$
13:32:21 p1 | P a4 mny-3 (real -2.79) 762/758 | mid 0.090 spr 22.2% | C:NO_LLENA None 20.2s | V:None None Nones | ida-vuelta None$
13:32:59 p1 | P a2 mny-2 (real -1.85) 763/761 | mid 0.150 spr 13.3% | C:Filled 0.15 5.1s | V:FORZADO 0.13 16.1s | ida-vuelta -2.0$
13:33:34 p1 | P a3 mny-2 (real -1.85) 763/760 | mid 0.170 spr 11.8% | C:NO_LLENA None 20.2s | V:None None Nones | ida-vuelta None$
13:33:59 p1 | P a4 mny-2 (real -1.85) 763/759 | mid 0.180 spr 11.1% | C:NO_LLENA None 20.2s | V:None None Nones | ida-vuelta None$
13:34:25 p1 | C a2 mny+4 (real +3.85) 761/763 | mid 1.830 spr 8.7% | C:Filled 1.85 19.7s | V:FORZADO 1.77 17.2s | ida-vuelta -8.0$
13:35:12 p1 | C a2 mny+5 (real +4.85) 760/762 | mid 1.910 spr 8.4% | C:NO_LLENA None 20.2s | V:None None Nones | ida-vuelta None$
13:35:37 p1 | C a3 mny+5 (real +4.85) 760/763 | mid 2.800 spr 5.7% | C:NO_LLENA None 20.2s | V:None None Nones | ida-vuelta None$
13:36:15 p1 | C a4 mny+5 (real +4.65) 760/764 | mid 3.580 spr 3.4% | C:NO_LLENA None 20.2s | V:None None Nones | ida-vuelta None$
13:36:55 p2 | P a2 mny-5 (real -4.65) 760/758 | mid 0.020 spr 100.0% | C:NO_LLENA None 20.3s | V:None None Nones | ida-vuelta None$
13:37:23 p2 | P a3 mny-5 (real -4.65) 760/757 | mid 0.020 spr 100.0% | C:NO_LLENA None 20.2s | V:None None Nones | ida-vuelta None$
13:37:48 p2 | P a4 mny-5 (real -4.65) 760/756 | mid 0.020 spr 100.0% | C:NO_LLENA None 20.2s | V:None None Nones | ida-vuelta None$
13:38:12 p2 | P a2 mny-3 (real -2.65) 762/760 | mid 0.080 spr 25.0% | C:NO_LLENA None 20.2s | V:None None Nones | ida-vuelta None$
13:38:37 p2 | P a3 mny-3 (real -2.65) 762/759 | mid 0.090 spr 22.2% | C:Filled 0.12 3.0s | V:FORZADO 0.09 16.1s | ida-vuelta -3.0$
13:39:06 p2 | P a4 mny-3 (real -2.65) 762/758 | mid 0.100 spr 20.0% | C:Filled 0.1 3.5s | V:FORZADO 0.09 16.1s | ida-vuelta -1.0$
13:39:51 p2 | P a2 mny-2 (real -2.50) 762/760 | mid 0.080 spr 25.0% | C:NO_LLENA None 20.2s | V:None None Nones | ida-vuelta None$
13:40:19 p2 | P a3 mny-2 (real -2.50) 762/759 | mid 0.090 spr 22.2% | C:NO_LLENA None 20.2s | V:None None Nones | ida-vuelta None$
13:40:43 p2 | P a4 mny-2 (real -2.50) 762/758 | mid 0.100 spr 20.0% | C:NO_LLENA None 20.3s | V:None None Nones | ida-vuelta None$
13:41:08 p2 | P a2 mny-1 (real -0.50) 764/762 | mid 0.390 spr 5.1% | C:Filled 0.42 12.1s | V:FORZADO 0.41000000000000003 16.1s | ida-vuelta -1.0$
13:41:48 p2 | P a3 mny-1 (real -0.50) 764/761 | mid 0.440 spr 4.5% | C:NO_LLENA None 20.3s | V:None None Nones | ida-vuelta None$
13:42:13 p2 | P a4 mny-1 (real -0.50) 764/760 | mid 0.470 spr 4.3% | C:Filled 0.59 0.5s | V:FORZADO 0.5499999999999999 16.1s | ida-vuelta -4.0$
13:43:25 p2 | P a4 mny+0 (real -0.35) 764/760 | mid 0.560 spr 3.6% | C:NO_LLENA None 20.2s | V:None None Nones | ida-vuelta None$
13:43:53 p2 | C a2 mny+2 (real +2.35) 762/764 | mid 1.550 spr 2.6% | C:NO_LLENA None 20.3s | V:None None Nones | ida-vuelta None$
13:44:18 p2 | C a2 mny+3 (real +3.35) 761/763 | mid 1.775 spr 2.8% | C:NO_LLENA None 20.3s | V:None None Nones | ida-vuelta None$
13:44:42 p2 | C a3 mny+3 (real +3.35) 761/764 | mid 2.480 spr 1.6% | C:NO_LLENA None 20.3s | V:None None Nones | ida-vuelta None$
13:45:07 p2 | C a2 mny+4 (real +4.35) 760/762 | mid 1.920 spr 5.2% | C:NO_LLENA None 20.2s | V:None None Nones | ida-vuelta None$
13:45:32 p2 | C a3 mny+4 (real +4.35) 760/763 | mid 2.765 spr 3.3% | C:NO_LLENA None 23.2s | V:None None Nones | ida-vuelta None$
13:46:31 p2 | C a2 mny+5 (real +4.58) 760/762 | mid 1.935 spr 6.7% | C:NO_LLENA None 20.2s | V:None None Nones | ida-vuelta None$
13:46:59 p2 | C a3 mny+5 (real +4.58) 760/763 | mid 2.815 spr 4.6% | C:NO_LLENA None 20.2s | V:None None Nones | ida-vuelta None$
13:47:36 p3 | P a2 mny-5 (real -4.66) 760/758 | mid 0.020 spr 100.0% | C:Filled 0.02 18.7s | V:FORZADO 0.0 16.6s | ida-vuelta -2.0$
13:48:26 p3 | P a3 mny-5 (real -4.66) 760/757 | mid 0.020 spr 100.0% | C:NO_LLENA None 20.2s | V:None None Nones | ida-vuelta None$
13:48:50 p3 | P a4 mny-5 (real -4.66) 760/756 | mid 0.020 spr 100.0% | C:NO_LLENA None 20.3s | V:None None Nones | ida-vuelta None$
13:49:15 p3 | P a2 mny-3 (real -2.66) 762/760 | mid 0.060 spr 33.3% | C:NO_LLENA None 20.3s | V:None None Nones | ida-vuelta None$
13:49:40 p3 | P a3 mny-3 (real -2.66) 762/759 | mid 0.070 spr 28.6% | C:NO_LLENA None 20.3s | V:None None Nones | ida-vuelta None$
13:50:04 p3 | P a4 mny-3 (real -2.66) 762/758 | mid 0.080 spr 25.0% | C:Filled 0.07 14.7s | V:FORZADO 0.05 16.1s | ida-vuelta -2.0$
13:50:59 p3 | P a2 mny-2 (real -1.72) 763/761 | mid 0.110 spr 18.2% | C:NO_LLENA None 20.3s | V:None None Nones | ida-vuelta None$
13:51:28 p3 | C a3 mny-2 (real -2.28) 767/770 | mid 0.080 spr 25.0% | C:NO_LLENA None 20.2s | V:None None Nones | ida-vuelta None$
13:51:52 p3 | P a3 mny-2 (real -1.72) 763/760 | mid 0.120 spr 16.7% | C:NO_LLENA None 20.3s | V:None None Nones | ida-vuelta None$
13:52:17 p3 | C a4 mny-2 (real -2.28) 767/771 | mid 0.080 spr 25.0% | C:NO_LLENA None 20.2s | V:None None Nones | ida-vuelta None$
13:52:42 p3 | P a4 mny-2 (real -1.72) 763/759 | mid 0.130 spr 15.4% | C:NO_LLENA None 20.2s | V:None None Nones | ida-vuelta None$
13:53:06 p3 | C a2 mny-1 (real -1.28) 766/768 | mid 0.220 spr 9.1% | C:NO_LLENA None 20.2s | V:None None Nones | ida-vuelta None$
13:53:51 p3 | P a3 mny-1 (real -0.82) 764/761 | mid 0.310 spr 6.5% | C:NO_LLENA None 20.3s | V:None None Nones | ida-vuelta None$
13:54:19 p3 | P a4 mny-1 (real -0.82) 764/760 | mid 0.320 spr 6.2% | C:Filled 0.34 1.5s | V:FORZADO 0.31000000000000005 16.2s | ida-vuelta -3.0$
13:54:46 p3 | P a2 mny+0 (real +0.18) 765/763 | mid 0.570 spr 3.5% | C:Filled 0.61 5.0s | V:FORZADO 0.63 16.2s | ida-vuelta 2.0$
13:55:18 p3 | P a3 mny+0 (real +0.18) 765/762 | mid 0.650 spr 3.1% | C:Filled 0.75 0.5s | V:FORZADO 0.7100000000000001 16.1s | ida-vuelta -4.0$
13:55:45 p3 | P a4 mny+0 (real +0.18) 765/761 | mid 0.690 spr 2.9% | C:Filled 0.79 1.5s | V:FORZADO 0.77 16.8s | ida-vuelta -2.0$
13:56:12 p3 | C a2 mny+2 (real +1.82) 763/765 | mid 1.425 spr 2.1% | C:Filled 1.39 1.0s | V:FORZADO 1.3699999999999999 16.1s | ida-vuelta -2.0$
13:57:26 p3 | C a2 mny+3 (real +2.79) 762/764 | mid 1.715 spr 2.9% | C:NO_LLENA None 20.2s | V:None None Nones | ida-vuelta None$
13:57:53 p3 | C a2 mny+4 (real +3.79) 761/763 | mid 1.890 spr 7.4% | C:NO_LLENA None 20.3s | V:None None Nones | ida-vuelta None$
13:58:18 p3 | C a3 mny+4 (real +3.79) 761/764 | mid 2.695 spr 4.8% | C:NO_LLENA None 20.3s | V:None None Nones | ida-vuelta None$
13:58:43 p3 | C a2 mny+5 (real +4.79) 760/762 | mid 1.955 spr 6.6% | C:NO_LLENA None 20.3s | V:None None Nones | ida-vuelta None$
13:59:07 p3 | C a3 mny+5 (real +4.79) 760/763 | mid 2.865 spr 4.5% | C:NO_LLENA None 20.3s | V:None None Nones | ida-vuelta None$
13:59:32 p3 | C a4 mny+5 (real +4.79) 760/764 | mid 3.670 spr 3.3% | C:Filled 3.65 19.8s | V:FORZADO 3.4699999999999998 16.2s | ida-vuelta -18.0$
14:00:45 p4 | P a2 mny-5 (real -4.54) 760/758 | mid 0.020 spr 100.0% | C:NO_LLENA None 20.3s | V:None None Nones | ida-vuelta None$
14:01:13 p4 | P a3 mny-5 (real -4.54) 760/757 | mid 0.020 spr 100.0% | C:NO_LLENA None 20.2s | V:None None Nones | ida-vuelta None$
14:01:38 p4 | P a4 mny-5 (real -4.54) 760/756 | mid 0.020 spr 100.0% | C:NO_LLENA None 20.3s | V:None None Nones | ida-vuelta None$
14:02:03 p4 | P a2 mny-3 (real -2.54) 762/760 | mid 0.090 spr 22.2% | C:NO_LLENA None 20.3s | V:None None Nones | ida-vuelta None$
14:02:29 p4 | P a3 mny-3 (real -2.54) 762/759 | mid 0.110 spr 18.2% | C:NO_LLENA None 20.3s | V:None None Nones | ida-vuelta None$
14:02:54 p4 | P a4 mny-3 (real -2.54) 762/758 | mid 0.110 spr 18.2% | C:Filled 0.16 1.0s | V:FORZADO 0.14 16.6s | ida-vuelta -2.0$
14:03:36 p4 | P a2 mny-2 (real -2.05) 762/760 | mid 0.110 spr 18.2% | C:NO_LLENA None 20.3s | V:None None Nones | ida-vuelta None$
14:04:04 p4 | P a3 mny-2 (real -2.05) 762/759 | mid 0.130 spr 15.4% | C:Filled 0.14 18.2s | V:FORZADO 0.13 41.5s | ida-vuelta -1.0$
14:05:14 p4 | P a4 mny-2 (real -2.05) 762/758 | mid 0.140 spr 14.3% | C:NO_LLENA None 20.2s | V:None None Nones | ida-vuelta None$
14:05:38 p4 | C a2 mny+4 (real +4.05) 760/762 | mid 1.835 spr 8.2% | C:Filled 1.88 12.7s | V:FORZADO 1.8199999999999998 16.3s | ida-vuelta -6.0$
14:06:18 p4 | C a2 mny+5 (real +5.05) 759/761 | mid 1.935 spr 12.9% | C:NO_LLENA None 20.3s | V:None None Nones | ida-vuelta None$
14:06:42 p4 | C a3 mny+5 (real +5.05) 759/762 | mid 2.855 spr 8.8% | C:NO_LLENA None 20.3s | V:None None Nones | ida-vuelta None$
14:07:12 p4 | P a3 mny+5 (real +5.20) 769/766 | mid 2.895 spr 5.2% | C:NO_LLENA None 20.3s | V:None None Nones | ida-vuelta None$
14:07:40 p4 | C a4 mny+5 (real +4.80) 759/763 | mid 3.570 spr 3.4% | C:NO_LLENA None 20.3s | V:None None Nones | ida-vuelta None$
14:08:05 p4 | P a4 mny+5 (real +5.20) 769/765 | mid 3.725 spr 3.5% | C:NO_LLENA None 20.3s | V:None None Nones | ida-vuelta None$
14:08:43 p5 | P a2 mny-5 (real -4.69) 759/757 | mid 0.020 spr 100.0% | C:NO_LLENA None 20.3s | V:None None Nones | ida-vuelta None$
14:09:11 p5 | P a3 mny-5 (real -4.69) 759/756 | mid 0.020 spr 100.0% | C:NO_LLENA None 20.3s | V:None None Nones | ida-vuelta None$
14:09:35 p5 | P a4 mny-5 (real -4.69) 759/755 | mid 0.020 spr 100.0% | C:NO_LLENA None 20.2s | V:None None Nones | ida-vuelta None$
14:10:00 p5 | P a2 mny-3 (real -2.69) 761/759 | mid 0.100 spr 20.0% | C:Filled 0.1 1.5s | V:FORZADO 0.09000000000000001 16.1s | ida-vuelta -1.0$
14:10:28 p5 | P a3 mny-3 (real -2.69) 761/758 | mid 0.110 spr 18.2% | C:NO_LLENA None 20.2s | V:None None Nones | ida-vuelta None$
14:10:53 p5 | P a4 mny-3 (real -2.69) 761/757 | mid 0.120 spr 16.7% | C:Filled 0.16 18.3s | V:FORZADO 0.14 16.1s | ida-vuelta -2.0$
14:11:51 p5 | P a2 mny-2 (real -2.41) 761/759 | mid 0.100 spr 20.0% | C:Filled 0.1 20.3s | V:FORZADO None 24.2s | ida-vuelta None$
14:12:48 p5 | P a3 mny-2 (real -2.41) 761/758 | mid 0.120 spr 16.7% | C:NO_LLENA None 20.3s | V:None None Nones | ida-vuelta None$
14:13:14 p5 | P a4 mny-2 (real -2.41) 761/757 | mid 0.130 spr 15.4% | C:NO_LLENA None 20.3s | V:None None Nones | ida-vuelta None$
14:13:39 p5 | C a2 mny+2 (real +2.41) 761/763 | mid 1.630 spr 2.5% | C:NO_LLENA None 20.3s | V:None None Nones | ida-vuelta None$
14:14:04 p5 | C a3 mny+3 (real +3.41) 760/763 | mid 2.560 spr 1.6% | C:Filled 2.58 8.6s | V:FORZADO 2.44 16.1s | ida-vuelta -14.0$
14:14:40 p5 | C a2 mny+4 (real +4.41) 759/761 | mid 1.855 spr 11.3% | C:NO_LLENA None 20.2s | V:None None Nones | ida-vuelta None$
14:15:20 p5 | C a3 mny+4 (real +3.58) 760/763 | mid 2.530 spr 1.6% | C:RECHAZADA None 0.5s | V:None None Nones | ida-vuelta None$
14:15:28 p5 | C a4 mny+4 (real +3.58) 760/764 | mid 3.075 spr 1.0% | C:RECHAZADA None 0.5s | V:None None Nones | ida-vuelta None$
14:15:33 p5 | C a2 mny+5 (real +4.58) 759/761 | mid 1.915 spr 9.9% | C:RECHAZADA None 0.5s | V:None None Nones | ida-vuelta None$
14:15:38 p5 | C a3 mny+5 (real +4.58) 759/762 | mid 2.780 spr 7.2% | C:RECHAZADA None 0.5s | V:None None Nones | ida-vuelta None$
14:15:42 p5 | C a4 mny+5 (real +4.58) 759/763 | mid 3.515 spr 5.4% | C:RECHAZADA None 0.5s | V:None None Nones | ida-vuelta None$
14:16:17 p6 | P a3 mny-5 (real -5.46) 758/755 | mid 0.020 spr 100.0% | C:NO_LLENA None 20.3s | V:None None Nones | ida-vuelta None$
14:16:45 p6 | P a2 mny-3 (real -3.46) 760/758 | mid 0.060 spr 33.3% | C:NO_LLENA None 20.3s | V:None None Nones | ida-vuelta None$
14:17:10 p6 | P a3 mny-3 (real -3.46) 760/757 | mid 0.070 spr 28.6% | C:NO_LLENA None 20.3s | V:None None Nones | ida-vuelta None$
14:17:34 p6 | P a4 mny-3 (real -3.46) 760/756 | mid 0.080 spr 25.0% | C:Filled 0.09 20.3s | V:FORZADO 0.06999999999999999 17.2s | ida-vuelta -2.0$
14:18:22 p6 | P a2 mny-2 (real -2.46) 761/759 | mid 0.120 spr 16.7% | C:Filled 0.11 2.0s | V:FORZADO 0.07 40.8s | ida-vuelta -4.0$
14:19:16 p6 | P a3 mny-2 (real -2.46) 761/758 | mid 0.140 spr 14.3% | C:Filled 0.1 1.5s | V:FORZADO 0.07999999999999999 16.1s | ida-vuelta -2.0$
14:19:56 p6 | P a4 mny-2 (real -1.54) 762/758 | mid 0.200 spr 10.0% | C:Filled 0.19 5.5s | V:FORZADO 0.17 16.1s | ida-vuelta -2.0$
14:20:30 p6 | C a2 mny+3 (real +2.54) 761/763 | mid 1.660 spr 2.4% | C:RECHAZADA None 0.5s | V:None None Nones | ida-vuelta None$
14:20:35 p6 | C a2 mny+4 (real +3.54) 760/762 | mid 1.840 spr 2.2% | C:RECHAZADA None 0.5s | V:None None Nones | ida-vuelta None$
14:20:40 p6 | C a3 mny+4 (real +3.54) 760/763 | mid 2.605 spr 1.2% | C:RECHAZADA None 0.5s | V:None None Nones | ida-vuelta None$
14:20:45 p6 | C a2 mny+5 (real +4.54) 759/761 | mid 1.885 spr 9.0% | C:NO_LLENA None 20.2s | V:None None Nones | ida-vuelta None$
14:21:10 p6 | C a3 mny+5 (real +4.54) 759/762 | mid 2.780 spr 5.8% | C:RECHAZADA None 0.5s | V:None None Nones | ida-vuelta None$
14:21:27 p6 | C a4 mny+5 (real +4.88) 759/763 | mid 3.645 spr 3.0% | C:RECHAZADA None 0.5s | V:None None Nones | ida-vuelta None$
14:21:35 p6 | P a4 mny+5 (real +5.12) 769/765 | mid 3.735 spr 4.0% | C:RECHAZADA None 0.5s | V:None None Nones | ida-vuelta None$
14:21:52 p7 | P a2 mny-5 (real -4.88) 759/757 | mid 0.020 spr 100.0% | C:NO_LLENA None 20.3s | V:None None Nones | ida-vuelta None$
14:22:20 p7 | P a3 mny-5 (real -4.88) 759/756 | mid 0.020 spr 100.0% | C:NO_LLENA None 20.3s | V:None None Nones | ida-vuelta None$
14:22:45 p7 | P a4 mny-5 (real -4.88) 759/755 | mid 0.020 spr 100.0% | C:NO_LLENA None 20.3s | V:None None Nones | ida-vuelta None$
14:23:10 p7 | P a2 mny-3 (real -2.88) 761/759 | mid 0.070 spr 28.6% | C:NO_LLENA None 20.4s | V:None None Nones | ida-vuelta None$
14:23:34 p7 | P a3 mny-3 (real -2.88) 761/758 | mid 0.080 spr 25.0% | C:NO_LLENA None 20.3s | V:None None Nones | ida-vuelta None$
14:23:59 p7 | P a4 mny-3 (real -2.88) 761/757 | mid 0.090 spr 22.2% | C:NO_LLENA None 20.3s | V:None None Nones | ida-vuelta None$
14:24:37 p7 | P a2 mny-2 (real -1.76) 762/760 | mid 0.130 spr 15.4% | C:NO_LLENA None 20.2s | V:None None Nones | ida-vuelta None$
14:25:04 p7 | P a3 mny-2 (real -1.76) 762/759 | mid 0.150 spr 13.3% | C:Filled 0.19 4.6s | V:FORZADO 0.21 40.4s | ida-vuelta 2.0$
14:26:00 p7 | P a4 mny-2 (real -1.76) 762/758 | mid 0.160 spr 12.5% | C:Filled 0.22 1.5s | V:FORZADO 0.2 16.1s | ida-vuelta -2.0$
14:26:28 p7 | C a2 mny+3 (real +2.76) 761/763 | mid 1.710 spr 2.3% | C:RECHAZADA None 0.5s | V:None None Nones | ida-vuelta None$
14:26:33 p7 | C a2 mny+4 (real +3.76) 760/762 | mid 1.860 spr 7.5% | C:RECHAZADA None 0.5s | V:None None Nones | ida-vuelta None$
14:26:38 p7 | C a3 mny+4 (real +3.76) 760/763 | mid 2.660 spr 4.5% | C:RECHAZADA None 0.5s | V:None None Nones | ida-vuelta None$
14:26:55 p7 | C a4 mny+4 (real +3.54) 760/764 | mid 3.120 spr 1.3% | C:RECHAZADA None 1.5s | V:None None Nones | ida-vuelta None$
14:27:04 p7 | C a2 mny+5 (real +4.54) 759/761 | mid 1.925 spr 9.9% | C:NO_LLENA None 20.2s | V:None None Nones | ida-vuelta None$
14:27:29 p7 | C a3 mny+5 (real +4.54) 759/762 | mid 2.805 spr 6.8% | C:RECHAZADA None 0.5s | V:None None Nones | ida-vuelta None$
14:27:34 p7 | C a4 mny+5 (real +4.54) 759/763 | mid 3.560 spr 5.1% | C:RECHAZADA None 0.5s | V:None None Nones | ida-vuelta None$
14:27:51 p8 | P a2 mny-5 (real -4.51) 759/757 | mid 0.020 spr 100.0% | C:NO_LLENA None 20.3s | V:None None Nones | ida-vuelta None$
14:28:19 p8 | P a3 mny-5 (real -4.51) 759/756 | mid 0.020 spr 100.0% | C:NO_LLENA None 20.2s | V:None None Nones | ida-vuelta None$
14:28:44 p8 | P a4 mny-5 (real -4.51) 759/755 | mid 0.020 spr 100.0% | C:NO_LLENA None 20.2s | V:None None Nones | ida-vuelta None$
14:29:08 p8 | P a2 mny-3 (real -2.51) 761/759 | mid 0.090 spr 22.2% | C:Filled 0.07 11.6s | V:FORZADO 0.060000000000000005 40.5s | ida-vuelta -1.0$
14:30:11 p8 | P a3 mny-3 (real -2.51) 761/758 | mid 0.100 spr 20.0% | C:Filled 0.08 11.7s | V:FORZADO 0.07 16.2s | ida-vuelta -1.0$
14:30:49 p8 | P a4 mny-3 (real -2.51) 761/757 | mid 0.110 spr 18.2% | C:NO_LLENA None 20.2s | V:None None Nones | ida-vuelta None$
14:31:26 p8 | P a2 mny-2 (real -1.50) 762/760 | mid 0.160 spr 12.5% | C:NO_LLENA None 20.2s | V:None None Nones | ida-vuelta None$
14:31:54 p8 | P a3 mny-2 (real -1.50) 762/759 | mid 0.180 spr 11.1% | C:Filled 0.19 0.5s | V:FORZADO 0.16999999999999998 40.5s | ida-vuelta -2.0$
14:32:44 p8 | P a4 mny-2 (real -1.50) 762/758 | mid 0.190 spr 10.5% | C:NO_LLENA None 20.2s | V:None None Nones | ida-vuelta None$
14:33:09 p8 | P a2 mny-1 (real -1.50) 762/760 | mid 0.160 spr 12.5% | C:NO_LLENA None 20.2s | V:None None Nones | ida-vuelta None$
14:33:34 p8 | P a3 mny-1 (real -1.50) 762/759 | mid 0.180 spr 11.1% | C:NO_LLENA None 20.2s | V:None None Nones | ida-vuelta None$
14:33:59 p8 | P a4 mny-1 (real -1.50) 762/758 | mid 0.190 spr 10.5% | C:Filled 0.24 1.5s | V:FORZADO 0.22 16.1s | ida-vuelta -2.0$
14:34:40 p8 | P a2 mny+0 (real -0.29) 763/761 | mid 0.430 spr 4.7% | C:RECHAZADA None 0.5s | V:None None Nones | ida-vuelta None$
14:34:48 p8 | P a3 mny+0 (real -0.29) 763/760 | mid 0.490 spr 4.1% | C:RECHAZADA None 0.5s | V:None None Nones | ida-vuelta None$
14:34:53 p8 | P a4 mny+0 (real -0.29) 763/759 | mid 0.520 spr 3.8% | C:RECHAZADA None 0.5s | V:None None Nones | ida-vuelta None$
14:34:58 p8 | C a2 mny+2 (real +2.29) 761/763 | mid 1.575 spr 1.9% | C:RECHAZADA None 0.5s | V:None None Nones | ida-vuelta None$
14:35:03 p8 | C a2 mny+3 (real +3.29) 760/762 | mid 1.800 spr 2.2% | C:RECHAZADA None 1.0s | V:None None Nones | ida-vuelta None$
14:35:09 p8 | C a3 mny+3 (real +3.29) 760/763 | mid 2.515 spr 1.2% | C:RECHAZADA None 0.5s | V:None None Nones | ida-vuelta None$
14:35:41 p8 | C a2 mny+4 (real +4.32) 759/761 | mid 1.950 spr 9.2% | C:NO_LLENA None 20.3s | V:None None Nones | ida-vuelta None$
14:36:09 p8 | P a2 mny+4 (real +3.68) 767/765 | mid 1.855 spr 8.1% | C:RECHAZADA None 0.5s | V:None None Nones | ida-vuelta None$
14:36:15 p8 | C a3 mny+4 (real +4.32) 759/762 | mid 2.825 spr 6.0% | C:RECHAZADA None 0.5s | V:None None Nones | ida-vuelta None$
14:36:20 p8 | P a3 mny+4 (real +3.68) 767/764 | mid 2.600 spr 5.4% | C:RECHAZADA None 0.5s | V:None None Nones | ida-vuelta None$
14:36:25 p8 | C a4 mny+4 (real +4.32) 759/763 | mid 3.560 spr 4.5% | C:RECHAZADA None 0.5s | V:None None Nones | ida-vuelta None$
14:36:30 p8 | P a4 mny+4 (real +3.68) 767/763 | mid 3.095 spr 4.2% | C:RECHAZADA None 0.5s | V:None None Nones | ida-vuelta None$
14:36:40 p8 | C a2 mny+5 (real +5.37) 758/760 | mid 1.970 spr 11.2% | C:NO_LLENA None 20.2s | V:None None Nones | ida-vuelta None$
14:37:08 p8 | C a3 mny+5 (real +5.37) 758/761 | mid 2.925 spr 5.1% | C:NO_LLENA None 20.2s | V:None None Nones | ida-vuelta None$
14:37:33 p8 | C a4 mny+5 (real +5.37) 758/762 | mid 3.815 spr 3.9% | C:RECHAZADA None 0.5s | V:None None Nones | ida-vuelta None$
14:37:50 p9 | P a2 mny-5 (real -4.60) 759/757 | mid 0.020 spr 100.0% | C:NO_LLENA None 20.2s | V:None None Nones | ida-vuelta None$
14:38:18 p9 | P a3 mny-5 (real -4.60) 759/756 | mid 0.020 spr 100.0% | C:NO_LLENA None 20.2s | V:None None Nones | ida-vuelta None$
14:38:43 p9 | P a4 mny-5 (real -4.60) 759/755 | mid 0.020 spr 100.0% | C:NO_LLENA None 20.2s | V:None None Nones | ida-vuelta None$
14:39:08 p9 | P a2 mny-3 (real -2.60) 761/759 | mid 0.060 spr 33.3% | C:Filled 0.06 0.5s | V:FORZADO 0.04 40.4s | ida-vuelta -2.0$
14:40:00 p9 | P a3 mny-3 (real -2.60) 761/758 | mid 0.070 spr 28.6% | C:NO_LLENA None 20.3s | V:None None Nones | ida-vuelta None$
14:40:25 p9 | P a4 mny-3 (real -2.60) 761/757 | mid 0.080 spr 25.0% | C:NO_LLENA None 20.4s | V:None None Nones | ida-vuelta None$
14:41:20 p9 | P a3 mny-2 (real -2.32) 761/758 | mid 0.080 spr 25.0% | C:NO_LLENA None 20.4s | V:None None Nones | ida-vuelta None$
14:41:48 p9 | P a4 mny-2 (real -2.32) 761/757 | mid 0.090 spr 22.2% | C:NO_LLENA None 20.3s | V:None None Nones | ida-vuelta None$
14:42:13 p9 | P a2 mny-1 (real -1.32) 762/760 | mid 0.170 spr 11.8% | C:Filled 0.17 5.1s | V:FORZADO 0.13 16.1s | ida-vuelta -4.0$
14:42:44 p9 | P a3 mny-1 (real -1.32) 762/759 | mid 0.190 spr 10.5% | C:NO_LLENA None 20.2s | V:None None Nones | ida-vuelta None$
14:43:08 p9 | P a4 mny-1 (real -1.32) 762/758 | mid 0.200 spr 10.0% | C:Filled 0.16 17.2s | V:FORZADO 0.15 16.2s | ida-vuelta -1.0$
14:43:52 p9 | C a2 mny+2 (real +2.32) 761/763 | mid 1.605 spr 1.9% | C:RECHAZADA None 0.5s | V:None None Nones | ida-vuelta None$
14:44:42 p9 | C a2 mny+3 (real +2.54) 761/763 | mid 1.660 spr 2.4% | C:RECHAZADA None 0.5s | V:None None Nones | ida-vuelta None$
14:44:50 p9 | C a2 mny+4 (real +3.54) 760/762 | mid 1.870 spr 6.4% | C:RECHAZADA None 0.5s | V:None None Nones | ida-vuelta None$
14:44:55 p9 | C a3 mny+4 (real +3.54) 760/763 | mid 2.630 spr 3.8% | C:RECHAZADA None 0.5s | V:None None Nones | ida-vuelta None$
14:45:00 p9 | C a2 mny+5 (real +4.54) 759/761 | mid 1.985 spr 9.6% | C:Filled 2.0 15.8s | V:FORZADO 1.83 16.1s | ida-vuelta -17.0$
14:45:41 p9 | C a3 mny+5 (real +4.54) 759/762 | mid 2.885 spr 6.6% | C:RECHAZADA None 0.5s | V:None None Nones | ida-vuelta None$
14:45:46 p9 | C a4 mny+5 (real +4.54) 759/763 | mid 3.645 spr 4.7% | C:RECHAZADA None 0.5s | V:None None Nones | ida-vuelta None$
14:47:06 p10 | P a2 mny-3 (real -2.53) 761/759 | mid 0.060 spr 33.3% | C:NO_LLENA None 20.2s | V:None None Nones | ida-vuelta None$
14:47:37 p10 | P a3 mny-3 (real -2.53) 761/758 | mid 0.070 spr 28.6% | C:NO_LLENA None 20.3s | V:None None Nones | ida-vuelta None$
14:48:01 p10 | P a4 mny-3 (real -2.53) 761/757 | mid 0.070 spr 28.6% | C:Filled 0.06 11.7s | V:FORZADO 0.039999999999999994 16.2s | ida-vuelta -2.0$
14:48:39 p10 | C a2 mny+4 (real +3.53) 760/762 | mid 1.825 spr 8.2% | C:RECHAZADA None 0.5s | V:None None Nones | ida-vuelta None$
14:48:44 p10 | C a2 mny+5 (real +4.53) 759/761 | mid 1.915 spr 9.9% | C:NO_LLENA None 20.2s | V:None None Nones | ida-vuelta None$
14:49:09 p10 | C a3 mny+5 (real +4.53) 759/762 | mid 2.815 spr 6.7% | C:RECHAZADA None 0.5s | V:None None Nones | ida-vuelta None$
14:49:19 p10 | P a3 mny+5 (real +5.21) 769/766 | mid 2.920 spr 5.5% | C:NO_LLENA None 20.3s | V:None None Nones | ida-vuelta None$
14:49:47 p10 | C a4 mny+5 (real +4.79) 759/763 | mid 3.715 spr 3.5% | C:RECHAZADA None 0.5s | V:None None Nones | ida-vuelta None$
14:49:51 p10 | P a4 mny+5 (real +5.21) 769/765 | mid 3.795 spr 4.5% | C:RECHAZADA None 0.5s | V:None None Nones | ida-vuelta None$
14:50:56 p11 | P a2 mny-3 (real -2.71) 761/759 | mid 0.040 spr 50.0% | C:NO_LLENA None 20.4s | V:None None Nones | ida-vuelta None$
14:51:24 p11 | P a3 mny-3 (real -2.71) 761/758 | mid 0.050 spr 40.0% | C:NO_LLENA None 20.2s | V:None None Nones | ida-vuelta None$
14:51:48 p11 | P a4 mny-3 (real -2.71) 761/757 | mid 0.050 spr 40.0% | C:NO_LLENA None 20.3s | V:None None Nones | ida-vuelta None$
14:52:13 p11 | P a2 mny-2 (real -1.71) 762/760 | mid 0.110 spr 18.2% | C:NO_LLENA None 20.2s | V:None None Nones | ida-vuelta None$
14:52:38 p11 | P a3 mny-2 (real -1.71) 762/759 | mid 0.120 spr 16.7% | C:NO_LLENA None 20.2s | V:None None Nones | ida-vuelta None$
14:53:02 p11 | P a4 mny-2 (real -1.71) 762/758 | mid 0.130 spr 15.4% | C:NO_LLENA None 20.3s | V:None None Nones | ida-vuelta None$
14:53:54 p11 | P a3 mny-1 (real -0.64) 763/760 | mid 0.330 spr 6.1% | C:RECHAZADA None 0.5s | V:None None Nones | ida-vuelta None$
14:54:02 p11 | P a4 mny-1 (real -0.64) 763/759 | mid 0.340 spr 5.9% | C:RECHAZADA None 1.0s | V:None None Nones | ida-vuelta None$
14:54:09 p11 | C a2 mny+3 (real +2.64) 761/763 | mid 1.685 spr 3.0% | C:RECHAZADA None 0.5s | V:None None Nones | ida-vuelta None$
14:54:14 p11 | C a2 mny+4 (real +3.64) 760/762 | mid 1.920 spr 8.3% | C:RECHAZADA None 0.5s | V:None None Nones | ida-vuelta None$
14:54:19 p11 | C a3 mny+4 (real +3.64) 760/763 | mid 2.695 spr 5.6% | C:RECHAZADA None 0.5s | V:None None Nones | ida-vuelta None$
14:54:24 p11 | C a2 mny+5 (real +4.64) 759/761 | mid 2.005 spr 9.5% | C:NO_LLENA None 20.3s | V:None None Nones | ida-vuelta None$
14:55:01 p11 | C a3 mny+5 (real +4.55) 759/762 | mid 2.875 spr 6.6% | C:RECHAZADA None 1.5s | V:None None Nones | ida-vuelta None$
14:55:10 p11 | P a3 mny+5 (real +5.45) 769/766 | mid 2.950 spr 6.1% | C:NO_LLENA None 20.2s | V:None None Nones | ida-vuelta None$
14:55:35 p11 | C a4 mny+5 (real +4.55) 759/763 | mid 3.665 spr 5.2% | C:RECHAZADA None 0.5s | V:None None Nones | ida-vuelta None$
14:55:40 p11 | P a4 mny+5 (real +5.45) 769/765 | mid 3.865 spr 3.4% | C:RECHAZADA None 0.5s | V:None None Nones | ida-vuelta None$
14:56:44 p12 | P a2 mny-3 (real -2.60) 761/759 | mid 0.030 spr 66.7% | C:NO_LLENA None 20.2s | V:None None Nones | ida-vuelta None$
14:57:12 p12 | P a3 mny-3 (real -2.60) 761/758 | mid 0.040 spr 50.0% | C:NO_LLENA None 20.2s | V:None None Nones | ida-vuelta None$
14:57:36 p12 | P a4 mny-3 (real -2.60) 761/757 | mid 0.040 spr 50.0% | C:NO_LLENA None 20.2s | V:None None Nones | ida-vuelta None$
14:58:01 p12 | P a2 mny-2 (real -1.60) 762/760 | mid 0.100 spr 20.0% | C:NO_LLENA None 20.2s | V:None None Nones | ida-vuelta None$
14:58:27 p12 | P a3 mny-2 (real -1.60) 762/759 | mid 0.110 spr 18.2% | C:NO_LLENA None 20.2s | V:None None Nones | ida-vuelta None$
14:58:52 p12 | P a4 mny-2 (real -1.60) 762/758 | mid 0.120 spr 16.7% | C:Filled 0.15 2.0s | V:FORZADO 0.13 16.2s | ida-vuelta -2.0$
14:59:32 p12 | P a2 mny-1 (real -1.46) 762/760 | mid 0.120 spr 16.7% | C:NO_LLENA None 20.2s | V:None None Nones | ida-vuelta None$
15:00:00 p12 | P a3 mny-1 (real -1.46) 762/759 | mid 0.130 spr 15.4% | C:Filled 0.17 19.8s | V:FORZADO 0.14 40.5s | ida-vuelta -3.0$
15:01:11 p12 | P a4 mny-1 (real -1.46) 762/758 | mid 0.140 spr 14.3% | C:NO_LLENA None 20.3s | V:None None Nones | ida-vuelta None$
15:01:36 p12 | P a2 mny+0 (real -0.46) 763/761 | mid 0.330 spr 6.1% | C:RECHAZADA None 0.5s | V:None None Nones | ida-vuelta None$
15:01:41 p12 | P a3 mny+0 (real -0.46) 763/760 | mid 0.360 spr 5.6% | C:RECHAZADA None 0.5s | V:None None Nones | ida-vuelta None$
15:01:46 p12 | P a4 mny+0 (real -0.46) 763/759 | mid 0.370 spr 5.4% | C:RECHAZADA None 0.5s | V:None None Nones | ida-vuelta None$
15:01:56 p12 | C a2 mny+1 (real +1.27) 762/764 | mid 1.165 spr 2.6% | C:RECHAZADA None 0.5s | V:None None Nones | ida-vuelta None$
15:02:03 p12 | P a2 mny+1 (real +0.73) 764/762 | mid 0.835 spr 3.6% | C:RECHAZADA None 1.0s | V:None None Nones | ida-vuelta None$
15:02:09 p12 | C a3 mny+1 (real +1.27) 762/765 | mid 1.355 spr 2.2% | C:RECHAZADA None 0.5s | V:None None Nones | ida-vuelta None$
15:02:14 p12 | P a3 mny+1 (real +0.73) 764/761 | mid 0.945 spr 3.2% | C:RECHAZADA None 0.5s | V:None None Nones | ida-vuelta None$
15:02:19 p12 | C a4 mny+1 (real +1.27) 762/766 | mid 1.415 spr 2.1% | C:RECHAZADA None 0.5s | V:None None Nones | ida-vuelta None$
15:02:24 p12 | P a4 mny+1 (real +0.73) 764/760 | mid 0.985 spr 3.0% | C:RECHAZADA None 0.5s | V:None None Nones | ida-vuelta None$
15:02:34 p12 | C a2 mny+2 (real +2.22) 761/763 | mid 1.605 spr 1.9% | C:RECHAZADA None 0.5s | V:None None Nones | ida-vuelta None$
15:02:42 p12 | C a2 mny+3 (real +3.22) 760/762 | mid 1.840 spr 6.5% | C:RECHAZADA None 0.5s | V:None None Nones | ida-vuelta None$
15:02:47 p12 | C a3 mny+3 (real +3.22) 760/763 | mid 2.555 spr 4.3% | C:RECHAZADA None 0.5s | V:None None Nones | ida-vuelta None$
15:02:52 p12 | C a2 mny+4 (real +4.22) 759/761 | mid 1.935 spr 6.7% | C:NO_LLENA None 20.4s | V:None None Nones | ida-vuelta None$
15:03:16 p12 | C a3 mny+4 (real +4.22) 759/762 | mid 2.825 spr 4.6% | C:RECHAZADA None 0.5s | V:None None Nones | ida-vuelta None$
15:03:21 p12 | C a4 mny+4 (real +4.22) 759/763 | mid 3.540 spr 3.4% | C:RECHAZADA None 0.5s | V:None None Nones | ida-vuelta None$
15:03:39 p12 | C a2 mny+5 (real +5.37) 758/760 | mid 1.980 spr 13.1% | C:NO_LLENA None 20.3s | V:None None Nones | ida-vuelta None$
15:04:07 p12 | C a3 mny+5 (real +5.37) 758/761 | mid 2.940 spr 7.5% | C:NO_LLENA None 20.4s | V:None None Nones | ida-vuelta None$
15:04:33 p12 | C a4 mny+5 (real +5.37) 758/762 | mid 3.840 spr 5.7% | C:RECHAZADA None 0.5s | V:None None Nones | ida-vuelta None$
15:05:37 p13 | P a2 mny-3 (real -3.42) 760/758 | mid 0.020 spr 100.0% | C:Filled 0.02 19.3s | V:FORZADO None 32.4s | ida-vuelta None$
15:06:42 p13 | P a3 mny-3 (real -3.42) 760/757 | mid 0.020 spr 100.0% | C:NO_LLENA None 20.3s | V:None None Nones | ida-vuelta None$
15:07:08 p13 | P a4 mny-3 (real -3.42) 760/756 | mid 0.020 spr 100.0% | C:NO_LLENA None 20.3s | V:None None Nones | ida-vuelta None$
15:07:33 p13 | P a2 mny-2 (real -2.42) 761/759 | mid 0.040 spr 50.0% | C:Filled 0.04 4.1s | V:FORZADO 0.02 40.6s | ida-vuelta -2.0$
15:08:28 p13 | P a3 mny-2 (real -2.42) 761/758 | mid 0.040 spr 50.0% | C:NO_LLENA None 20.3s | V:None None Nones | ida-vuelta None$
15:08:53 p13 | P a4 mny-2 (real -2.42) 761/757 | mid 0.040 spr 50.0% | C:NO_LLENA None 20.2s | V:None None Nones | ida-vuelta None$
15:09:59 p13 | P a4 mny-1 (real -0.62) 763/759 | mid 0.270 spr 7.4% | C:RECHAZADA None 1.5s | V:None None Nones | ida-vuelta None$
15:10:09 p13 | C a2 mny+2 (real +1.62) 762/764 | mid 1.375 spr 2.2% | C:RECHAZADA None 0.5s | V:None None Nones | ida-vuelta None$
15:10:15 p13 | C a2 mny+3 (real +2.62) 761/763 | mid 1.735 spr 7.5% | C:RECHAZADA None 0.5s | V:None None Nones | ida-vuelta None$
15:10:20 p13 | C a3 mny+3 (real +2.62) 761/764 | mid 2.300 spr 5.2% | C:RECHAZADA None 0.5s | V:None None Nones | ida-vuelta None$
15:10:25 p13 | C a2 mny+4 (real +3.62) 760/762 | mid 1.930 spr 8.3% | C:RECHAZADA None 0.5s | V:None None Nones | ida-vuelta None$
15:10:30 p13 | C a3 mny+4 (real +3.62) 760/763 | mid 2.740 spr 5.8% | C:RECHAZADA None 0.5s | V:None None Nones | ida-vuelta None$
15:10:47 p13 | C a4 mny+4 (real +3.62) 760/764 | mid 3.250 spr 3.7% | C:RECHAZADA None 0.5s | V:None None Nones | ida-vuelta None$
15:10:55 p13 | C a2 mny+5 (real +4.62) 759/761 | mid 1.985 spr 12.6% | C:NO_LLENA None 20.2s | V:None None Nones | ida-vuelta None$
15:11:20 p13 | C a3 mny+5 (real +4.62) 759/762 | mid 2.930 spr 6.1% | C:RECHAZADA None 0.5s | V:None None Nones | ida-vuelta None$
15:11:25 p13 | C a4 mny+5 (real +4.62) 759/763 | mid 3.720 spr 4.8% | C:RECHAZADA None 0.5s | V:None None Nones | ida-vuelta None$
15:13:17 p14 | P a2 mny-2 (real -2.44) 761/759 | mid 0.030 spr 66.7% | C:NO_LLENA None 20.3s | V:None None Nones | ida-vuelta None$
15:13:45 p14 | P a3 mny-2 (real -2.44) 761/758 | mid 0.030 spr 66.7% | C:NO_LLENA None 20.3s | V:None None Nones | ida-vuelta None$
15:14:10 p14 | P a4 mny-2 (real -2.44) 761/757 | mid 0.030 spr 66.7% | C:Filled 0.03 8.6s | V:FORZADO 0.009999999999999998 16.1s | ida-vuelta -2.0$
15:14:45 p14 | P a2 mny-1 (real -1.44) 762/760 | mid 0.080 spr 25.0% | C:Filled 0.07 1.0s | V:FORZADO 0.04000000000000001 40.5s | ida-vuelta -3.0$
15:15:36 p14 | P a3 mny-1 (real -1.44) 762/759 | mid 0.090 spr 22.2% | C:NO_LLENA None 20.3s | V:None None Nones | ida-vuelta None$
15:16:01 p14 | P a4 mny-1 (real -1.44) 762/758 | mid 0.090 spr 22.2% | C:NO_LLENA None 20.3s | V:None None Nones | ida-vuelta None$
15:16:38 p14 | P a2 mny+0 (real +0.27) 764/762 | mid 0.550 spr 3.6% | C:RECHAZADA None 0.5s | V:None None Nones | ida-vuelta None$
15:16:46 p14 | P a3 mny+0 (real +0.27) 764/761 | mid 0.590 spr 3.4% | C:RECHAZADA None 0.5s | V:None None Nones | ida-vuelta None$
15:16:51 p14 | P a4 mny+0 (real +0.27) 764/760 | mid 0.610 spr 3.3% | C:RECHAZADA None 0.5s | V:None None Nones | ida-vuelta None$
15:16:56 p14 | C a2 mny+2 (real +1.73) 762/764 | mid 1.445 spr 2.1% | C:RECHAZADA None 0.5s | V:None None Nones | ida-vuelta None$
15:17:01 p14 | C a2 mny+3 (real +2.73) 761/763 | mid 1.800 spr 5.6% | C:RECHAZADA None 1.0s | V:None None Nones | ida-vuelta None$
15:17:07 p14 | C a3 mny+3 (real +2.73) 761/764 | mid 2.395 spr 3.8% | C:RECHAZADA None 0.5s | V:None None Nones | ida-vuelta None$
15:17:40 p14 | C a2 mny+4 (real +3.64) 760/762 | mid 1.910 spr 6.3% | C:RECHAZADA None 0.5s | V:None None Nones | ida-vuelta None$
15:17:48 p14 | P a2 mny+4 (real +4.36) 768/766 | mid 1.990 spr 8.0% | C:NO_LLENA None 20.2s | V:None None Nones | ida-vuelta None$
15:18:13 p14 | C a3 mny+4 (real +3.64) 760/763 | mid 2.725 spr 4.0% | C:RECHAZADA None 0.5s | V:None None Nones | ida-vuelta None$
15:18:18 p14 | P a3 mny+4 (real +4.36) 768/765 | mid 2.940 spr 4.1% | C:RECHAZADA None 0.5s | V:None None Nones | ida-vuelta None$
15:18:22 p14 | C a4 mny+4 (real +3.64) 760/764 | mid 3.270 spr 3.1% | C:RECHAZADA None 0.5s | V:None None Nones | ida-vuelta None$
15:18:27 p14 | P a4 mny+4 (real +4.36) 768/764 | mid 3.710 spr 2.7% | C:RECHAZADA None 0.5s | V:None None Nones | ida-vuelta None$
15:18:37 p14 | C a2 mny+5 (real +5.45) 758/760 | mid 1.960 spr 13.3% | C:NO_LLENA None 20.4s | V:None None Nones | ida-vuelta None$
15:19:05 p14 | C a3 mny+5 (real +5.45) 758/761 | mid 2.940 spr 8.2% | C:NO_LLENA None 20.2s | V:None None Nones | ida-vuelta None$
15:21:19 p15 | P a2 mny-2 (real -2.25) 761/759 | mid 0.020 spr 100.0% | C:NO_LLENA None 20.2s | V:None None Nones | ida-vuelta None$
15:21:47 p15 | P a3 mny-2 (real -2.25) 761/758 | mid 0.020 spr 100.0% | C:NO_LLENA None 20.2s | V:None None Nones | ida-vuelta None$
15:22:12 p15 | P a4 mny-2 (real -2.25) 761/757 | mid 0.020 spr 100.0% | C:NO_LLENA None 20.2s | V:None None Nones | ida-vuelta None$
15:22:36 p15 | P a2 mny-1 (real -1.25) 762/760 | mid 0.100 spr 20.0% | C:Filled 0.07 19.2s | V:FORZADO 0.05 16.6s | ida-vuelta -2.0$
15:23:22 p15 | P a3 mny-1 (real -1.25) 762/759 | mid 0.100 spr 20.0% | C:NO_LLENA None 20.2s | V:None None Nones | ida-vuelta None$
15:23:46 p15 | P a4 mny-1 (real -1.25) 762/758 | mid 0.100 spr 20.0% | C:NO_LLENA None 20.2s | V:None None Nones | ida-vuelta None$
15:24:23 p15 | P a2 mny+0 (real +0.42) 764/762 | mid 0.580 spr 3.4% | C:RECHAZADA None 0.5s | V:None None Nones | ida-vuelta None$
15:24:31 p15 | P a3 mny+0 (real +0.42) 764/761 | mid 0.610 spr 3.3% | C:RECHAZADA None 0.5s | V:None None Nones | ida-vuelta None$
15:24:36 p15 | P a4 mny+0 (real +0.42) 764/760 | mid 0.630 spr 3.2% | C:RECHAZADA None 0.5s | V:None None Nones | ida-vuelta None$
15:24:41 p15 | C a2 mny+2 (real +1.58) 762/764 | mid 1.420 spr 2.8% | C:RECHAZADA None 0.5s | V:None None Nones | ida-vuelta None$
15:24:46 p15 | C a2 mny+3 (real +2.58) 761/763 | mid 1.815 spr 3.9% | C:RECHAZADA None 0.5s | V:None None Nones | ida-vuelta None$
15:24:50 p15 | C a3 mny+3 (real +2.58) 761/764 | mid 2.390 spr 2.5% | C:RECHAZADA None 0.5s | V:None None Nones | ida-vuelta None$
15:25:26 p15 | C a2 mny+4 (real +3.65) 760/762 | mid 1.945 spr 5.7% | C:RECHAZADA None 0.5s | V:None None Nones | ida-vuelta None$
15:25:34 p15 | C a3 mny+4 (real +3.65) 760/763 | mid 2.790 spr 3.6% | C:RECHAZADA None 0.5s | V:None None Nones | ida-vuelta None$
15:25:39 p15 | C a4 mny+4 (real +3.65) 760/764 | mid 3.365 spr 2.7% | C:RECHAZADA None 0.5s | V:None None Nones | ida-vuelta None$
15:25:44 p15 | C a2 mny+5 (real +4.65) 759/761 | mid 1.995 spr 12.5% | C:NO_LLENA None 20.1s | V:None None Nones | ida-vuelta None$
15:26:08 p15 | C a3 mny+5 (real +4.65) 759/762 | mid 2.960 spr 7.4% | C:RECHAZADA None 0.5s | V:None None Nones | ida-vuelta None$
15:26:13 p15 | C a4 mny+5 (real +4.65) 759/763 | mid 3.805 spr 5.5% | C:RECHAZADA None 0.5s | V:None None Nones | ida-vuelta None$
15:28:20 p16 | P a2 mny-2 (real -1.56) 762/760 | mid 0.050 spr 40.0% | C:NO_LLENA None 20.2s | V:None None Nones | ida-vuelta None$
15:28:47 p16 | P a3 mny-2 (real -1.56) 762/759 | mid 0.050 spr 40.0% | C:Filled 0.06 9.6s | V:FORZADO 0.039999999999999994 40.5s | ida-vuelta -2.0$
15:29:49 p16 | P a4 mny-2 (real -1.56) 762/758 | mid 0.050 spr 40.0% | C:NO_LLENA None 20.3s | V:None None Nones | ida-vuelta None$
15:30:14 p16 | C a2 mny+3 (real +2.56) 761/763 | mid 1.785 spr 6.2% | C:RECHAZADA None 0.5s | V:None None Nones | ida-vuelta None$
15:30:18 p16 | C a2 mny+4 (real +3.56) 760/762 | mid 1.980 spr 10.1% | C:RECHAZADA None 0.5s | V:None None Nones | ida-vuelta None$
15:30:23 p16 | C a3 mny+4 (real +3.56) 760/763 | mid 2.805 spr 6.8% | C:RECHAZADA None 0.5s | V:None None Nones | ida-vuelta None$
15:30:41 p16 | C a4 mny+4 (real +4.49) 759/763 | mid 3.765 spr 5.0% | C:RECHAZADA None 0.5s | V:None None Nones | ida-vuelta None$
15:30:49 p16 | C a2 mny+5 (real +5.49) 758/760 | mid 2.010 spr 17.9% | C:NO_LLENA None 20.3s | V:None None Nones | ida-vuelta None$
15:31:13 p16 | C a3 mny+5 (real +5.49) 758/761 | mid 3.035 spr 9.6% | C:NO_LLENA None 20.3s | V:None None Nones | ida-vuelta None$
15:31:38 p16 | C a4 mny+5 (real +5.49) 758/762 | mid 3.970 spr 6.0% | C:RECHAZADA None 0.5s | V:None None Nones | ida-vuelta None$
15:34:17 p17 | P a2 mny-1 (real -1.20) 762/760 | mid 0.080 spr 25.0% | C:NO_LLENA None 20.3s | V:None None Nones | ida-vuelta None$
15:34:45 p17 | P a3 mny-1 (real -1.20) 762/759 | mid 0.080 spr 25.0% | C:Filled 0.1 7.6s | V:FORZADO 0.08 40.5s | ida-vuelta -2.0$
15:35:44 p17 | P a4 mny-1 (real -1.20) 762/758 | mid 0.080 spr 25.0% | C:NO_LLENA None 20.1s | V:None None Nones | ida-vuelta None$
15:36:09 p17 | P a2 mny+0 (real -0.20) 763/761 | mid 0.340 spr 5.9% | C:RECHAZADA None 0.5s | V:None None Nones | ida-vuelta None$
15:36:15 p17 | P a3 mny+0 (real -0.20) 763/760 | mid 0.350 spr 5.7% | C:RECHAZADA None 0.5s | V:None None Nones | ida-vuelta None$
15:36:20 p17 | P a4 mny+0 (real -0.20) 763/759 | mid 0.350 spr 5.7% | C:RECHAZADA None 0.5s | V:None None Nones | ida-vuelta None$
15:37:34 p17 | C a2 mny+2 (real +2.49) 761/763 | mid 1.785 spr 6.2% | C:RECHAZADA None 0.5s | V:None None Nones | ida-vuelta None$
15:37:42 p17 | C a2 mny+3 (real +3.49) 760/762 | mid 1.990 spr 12.1% | C:RECHAZADA None 0.5s | V:None None Nones | ida-vuelta None$
15:37:47 p17 | C a3 mny+3 (real +3.49) 760/763 | mid 2.815 spr 8.2% | C:RECHAZADA None 0.5s | V:None None Nones | ida-vuelta None$
15:37:52 p17 | C a2 mny+4 (real +4.49) 759/761 | mid 2.030 spr 14.8% | C:NO_LLENA None 20.3s | V:None None Nones | ida-vuelta None$
15:38:16 p17 | C a3 mny+4 (real +4.49) 759/762 | mid 2.990 spr 8.0% | C:RECHAZADA None 0.5s | V:None None Nones | ida-vuelta None$
15:38:21 p17 | C a4 mny+4 (real +4.49) 759/763 | mid 3.815 spr 6.0% | C:RECHAZADA None 0.5s | V:None None Nones | ida-vuelta None$
15:38:39 p17 | C a2 mny+5 (real +5.35) 758/760 | mid 2.005 spr 18.5% | C:NO_LLENA None 20.3s | V:None None Nones | ida-vuelta None$
15:39:07 p17 | C a3 mny+5 (real +5.35) 758/761 | mid 3.010 spr 10.6% | C:NO_LLENA None 20.3s | V:None None Nones | ida-vuelta None$
15:42:23 p18 | P a3 mny-1 (real -1.39) 762/759 | mid 0.050 spr 40.0% | C:NO_LLENA None 20.2s | V:None None Nones | ida-vuelta None$
15:42:51 p18 | P a4 mny-1 (real -1.39) 762/758 | mid 0.050 spr 40.0% | C:NO_LLENA None 20.1s | V:None None Nones | ida-vuelta None$
15:43:15 p18 | C a2 mny+0 (real +0.39) 763/765 | mid 0.520 spr 3.8% | C:RECHAZADA None 0.5s | V:None None Nones | ida-vuelta None$
15:43:20 p18 | P a2 mny+0 (real -0.39) 763/761 | mid 0.250 spr 8.0% | C:RECHAZADA None 0.5s | V:None None Nones | ida-vuelta None$
15:43:25 p18 | C a3 mny+0 (real +0.39) 763/766 | mid 0.540 spr 3.7% | C:RECHAZADA None 0.5s | V:None None Nones | ida-vuelta None$
15:43:30 p18 | P a3 mny+0 (real -0.39) 763/760 | mid 0.260 spr 7.7% | C:RECHAZADA None 0.5s | V:None None Nones | ida-vuelta None$
15:44:02 p18 | P a2 mny+1 (real +0.77) 764/762 | mid 0.940 spr 4.3% | C:RECHAZADA None 0.5s | V:None None Nones | ida-vuelta None$
15:44:12 p18 | C a3 mny+1 (real +1.23) 762/765 | mid 1.145 spr 2.6% | C:RECHAZADA None 0.5s | V:None None Nones | ida-vuelta None$
15:44:17 p18 | P a3 mny+1 (real +0.77) 764/761 | mid 1.000 spr 4.0% | C:RECHAZADA None 0.5s | V:None None Nones | ida-vuelta None$
15:44:22 p18 | C a4 mny+1 (real +1.23) 762/766 | mid 1.165 spr 2.6% | C:RECHAZADA None 0.5s | V:None None Nones | ida-vuelta None$
15:44:27 p18 | P a4 mny+1 (real +0.77) 764/760 | mid 1.010 spr 4.0% | C:RECHAZADA None 0.5s | V:None None Nones | ida-vuelta None$
15:44:31 p18 | C a2 mny+2 (real +2.23) 761/763 | mid 1.690 spr 7.1% | C:RECHAZADA None 0.5s | V:None None Nones | ida-vuelta None$
15:45:21 p18 | C a2 mny+3 (real +3.10) 760/762 | mid 1.940 spr 9.3% | C:RECHAZADA None 0.5s | V:None None Nones | ida-vuelta None$
15:45:29 p18 | C a3 mny+3 (real +3.10) 760/763 | mid 2.630 spr 6.1% | C:RECHAZADA None 0.5s | V:None None Nones | ida-vuelta None$
15:45:34 p18 | C a2 mny+4 (real +4.10) 759/761 | mid 2.015 spr 16.4% | C:NO_LLENA None 20.3s | V:None None Nones | ida-vuelta None$
15:45:59 p18 | C a3 mny+4 (real +4.10) 759/762 | mid 2.925 spr 7.9% | C:RECHAZADA None 0.5s | V:None None Nones | ida-vuelta None$
