2026-08-20 11:00:16 | DATA   | IBKR conectando a 127.0.0.1:4002 clientId=34
════════════════════════════════════════════════════════════
🔔 2026-08-20 11:00:16 | IBKR | IBKR conectado (paper 4002)
════════════════════════════════════════════════════════════
BARRIDO EXHAUSTIVO | paciencia 20s | 60 combinaciones/pasada | saldo 724.98


═══ PASADA 1 — 11:00 ═══
2026-08-20 11:00:21 | DATA   | cadena 20260820: 98 contratos (ITM+OTM C/P) capturados y cancelados (spot 767.15)
2026-08-20 11:00:29 | DATA   | cadena 20260820: 98 contratos (ITM+OTM C/P) capturados y cancelados (spot 767.15)
════════════════════════════════════════════════════════════
🔔 2026-08-20 11:00:35 | ORDEN | COMPRA VERTICAL SPY P L=762/S=760 x1 débito<=0.06
════════════════════════════════════════════════════════════
  11:00:29 P a2 mny -5 -> NO_LLENA    (mid 0.060, spr 33.3%)
════════════════════════════════════════════════════════════
🔔 2026-08-20 11:01:00 | ORDEN | COMPRA VERTICAL SPY P L=762/S=759 x1 débito<=0.08
════════════════════════════════════════════════════════════
2026-08-20 11:01:19 | DATA   | cadena 20260820: 14 contratos (ITM+OTM C/P) capturados y cancelados (spot 767.15)
════════════════════════════════════════════════════════════
🔔 2026-08-20 11:01:22 | RIESGO | BAG no cerró (2 pata/s viva/s) — cierre por patas al MID
════════════════════════════════════════════════════════════
════════════════════════════════════════════════════════════
🔔 2026-08-20 11:01:22 | ORDEN | CIERRE MERCADO SPY P 759 x1
════════════════════════════════════════════════════════════
════════════════════════════════════════════════════════════
🔔 2026-08-20 11:01:30 | ORDEN | CIERRE MERCADO SPY P 762 x1
════════════════════════════════════════════════════════════
════════════════════════════════════════════════════════════
🔔 2026-08-20 11:01:38 | RIESGO | BAG no cerró (1 pata/s viva/s) — cierre por patas a MERCADO (último recurso)
════════════════════════════════════════════════════════════
════════════════════════════════════════════════════════════
🔔 2026-08-20 11:01:38 | ORDEN | CIERRE MERCADO SPY P 762 x1
════════════════════════════════════════════════════════════
════════════════════════════════════════════════════════════
🔔 2026-08-20 11:01:46 | RIESGO | ⚠️ NO SE PUDO CERRAR: [(762.0, 'P', 1.0)] — CERRAR A MANO ANTES DE LAS 16:00 (§12)
════════════════════════════════════════════════════════════
  11:00:57 P a3 mny -5 -> C 0.080 en 15.7s (+0.0%) | V ? en 24.2s FORZ | None$
════════════════════════════════════════════════════════════
🔔 2026-08-20 11:01:50 | ORDEN | COMPRA VERTICAL SPY P L=762/S=758 x1 débito<=0.06
════════════════════════════════════════════════════════════
  11:01:46 P a4 mny -5 -> NO_LLENA    (mid 0.080, spr 25.0%)
════════════════════════════════════════════════════════════
🔔 2026-08-20 11:02:13 | ORDEN | COMPRA VERTICAL SPY P L=764/S=762 x1 débito<=0.11
════════════════════════════════════════════════════════════
  11:02:11 P a2 mny -3 -> RECHAZADA  ORDEN_CRUZADA (mid 0.160, spr 12.5%)
════════════════════════════════════════════════════════════
🔔 2026-08-20 11:02:20 | ORDEN | COMPRA VERTICAL SPY P L=764/S=761 x1 débito<=0.14
════════════════════════════════════════════════════════════
  11:02:15 P a3 mny -3 -> NO_LLENA    (mid 0.200, spr 10.0%)
════════════════════════════════════════════════════════════
🔔 2026-08-20 11:02:46 | ORDEN | COMPRA VERTICAL SPY P L=764/S=760 x1 débito<=0.17
════════════════════════════════════════════════════════════
  11:02:41 P a4 mny -3 -> NO_LLENA    (mid 0.220, spr 9.1%)
2026-08-20 11:03:14 | DATA   | cadena 20260820: 98 contratos (ITM+OTM C/P) capturados y cancelados (spot 767.78)
2026-08-20 11:03:21 | DATA   | cadena 20260820: 98 contratos (ITM+OTM C/P) capturados y cancelados (spot 767.78)
2026-08-20 11:03:29 | DATA   | cadena 20260820: 98 contratos (ITM+OTM C/P) capturados y cancelados (spot 767.78)
2026-08-20 11:03:36 | DATA   | cadena 20260820: 98 contratos (ITM+OTM C/P) capturados y cancelados (spot 767.78)
════════════════════════════════════════════════════════════
🔔 2026-08-20 11:03:42 | ORDEN | COMPRA VERTICAL SPY P L=767/S=764 x1 débito<=0.65
════════════════════════════════════════════════════════════
2026-08-20 11:03:54 | DATA   | cadena 20260820: 14 contratos (ITM+OTM C/P) capturados y cancelados (spot 767.78)
════════════════════════════════════════════════════════════
🔔 2026-08-20 11:03:58 | RIESGO | BAG no cerró (2 pata/s viva/s) — cierre por patas al MID
════════════════════════════════════════════════════════════
════════════════════════════════════════════════════════════
🔔 2026-08-20 11:03:58 | ORDEN | CIERRE MERCADO SPY P 764 x1
════════════════════════════════════════════════════════════
════════════════════════════════════════════════════════════
🔔 2026-08-20 11:04:08 | ORDEN | CIERRE MERCADO SPY P 767 x1
════════════════════════════════════════════════════════════
  11:03:36 P a3 mny -1 -> C 0.580 en  8.6s (-10.8%) | V 0.520 en 17.5s FORZ | -6.0$
════════════════════════════════════════════════════════════
🔔 2026-08-20 11:04:19 | ORDEN | COMPRA VERTICAL SPY P L=767/S=763 x1 débito<=0.58
════════════════════════════════════════════════════════════
  11:04:16 P a4 mny -1 -> NO_LLENA    (mid 0.740, spr 2.7%)
════════════════════════════════════════════════════════════
🔔 2026-08-20 11:04:43 | ORDEN | COMPRA VERTICAL SPY C L=766/S=768 x1 débito<=1.34
════════════════════════════════════════════════════════════
2026-08-20 11:04:59 | DATA   | cadena 20260820: 14 contratos (ITM+OTM C/P) capturados y cancelados (spot 767.78)
════════════════════════════════════════════════════════════
🔔 2026-08-20 11:05:02 | RIESGO | BAG no cerró (2 pata/s viva/s) — cierre por patas al MID
════════════════════════════════════════════════════════════
════════════════════════════════════════════════════════════
🔔 2026-08-20 11:05:03 | ORDEN | CIERRE MERCADO SPY C 768 x1
════════════════════════════════════════════════════════════
════════════════════════════════════════════════════════════
🔔 2026-08-20 11:05:11 | ORDEN | CIERRE MERCADO SPY C 766 x1
════════════════════════════════════════════════════════════
  11:04:40 C a2 mny +2 -> C 1.320 en 11.7s (+5.6%) | V 1.240 en 16.2s FORZ | -8.0$
════════════════════════════════════════════════════════════
🔔 2026-08-20 11:05:21 | ORDEN | COMPRA VERTICAL SPY C L=765/S=767 x1 débito<=1.50
════════════════════════════════════════════════════════════
2026-08-20 11:05:29 | DATA   | cadena 20260820: 14 contratos (ITM+OTM C/P) capturados y cancelados (spot 767.78)
════════════════════════════════════════════════════════════
🔔 2026-08-20 11:05:33 | RIESGO | BAG no cerró (2 pata/s viva/s) — cierre por patas al MID
════════════════════════════════════════════════════════════
════════════════════════════════════════════════════════════
🔔 2026-08-20 11:05:33 | ORDEN | CIERRE MERCADO SPY C 767 x1
════════════════════════════════════════════════════════════
════════════════════════════════════════════════════════════
🔔 2026-08-20 11:05:41 | ORDEN | CIERRE MERCADO SPY C 765 x1
════════════════════════════════════════════════════════════
════════════════════════════════════════════════════════════
🔔 2026-08-20 11:05:49 | RIESGO | BAG no cerró (1 pata/s viva/s) — cierre por patas a MERCADO (último recurso)
════════════════════════════════════════════════════════════
════════════════════════════════════════════════════════════
🔔 2026-08-20 11:05:49 | ORDEN | CIERRE MERCADO SPY C 765 x1
════════════════════════════════════════════════════════════
  11:05:19 C a2 mny +3 -> C 1.500 en  4.0s (+1.0%) | V ? en 24.2s FORZ | None$
════════════════════════════════════════════════════════════
🔔 2026-08-20 11:06:01 | ORDEN | COMPRA VERTICAL SPY C L=765/S=768 x1 débito<=2.04
════════════════════════════════════════════════════════════
2026-08-20 11:06:20 | DATA   | cadena 20260820: 14 contratos (ITM+OTM C/P) capturados y cancelados (spot 767.78)
════════════════════════════════════════════════════════════
🔔 2026-08-20 11:06:24 | RIESGO | BAG no cerró (2 pata/s viva/s) — cierre por patas al MID
════════════════════════════════════════════════════════════
════════════════════════════════════════════════════════════
🔔 2026-08-20 11:06:24 | ORDEN | CIERRE MERCADO SPY C 768 x1
════════════════════════════════════════════════════════════
════════════════════════════════════════════════════════════
🔔 2026-08-20 11:06:32 | ORDEN | CIERRE MERCADO SPY C 765 x1
════════════════════════════════════════════════════════════
  11:05:57 C a3 mny +3 -> C 1.870 en 14.7s (-8.3%) | V 1.870 en 16.1s FORZ | 0.0$
════════════════════════════════════════════════════════════
🔔 2026-08-20 11:06:43 | ORDEN | COMPRA VERTICAL SPY C L=763/S=765 x1 débito<=1.73
════════════════════════════════════════════════════════════
  11:06:40 C a2 mny +5 -> NO_LLENA    (mid 1.780, spr 3.4%)
2026-08-20 11:07:12 | DATA   | cadena 20260820: 98 contratos (ITM+OTM C/P) capturados y cancelados (spot 767.11)
2026-08-20 11:07:19 | DATA   | cadena 20260820: 98 contratos (ITM+OTM C/P) capturados y cancelados (spot 767.11)
════════════════════════════════════════════════════════════
🔔 2026-08-20 11:07:25 | ORDEN | COMPRA VERTICAL SPY C L=762/S=765 x1 débito<=2.65
════════════════════════════════════════════════════════════
  11:07:19 C a3 mny +5 -> NO_LLENA    (mid 2.650, spr 3.0%)
════════════════════════════════════════════════════════════
🔔 2026-08-20 11:07:49 | ORDEN | COMPRA VERTICAL SPY C L=762/S=766 x1 débito<=3.40
════════════════════════════════════════════════════════════
2026-08-20 11:08:02 | DATA   | cadena 20260820: 14 contratos (ITM+OTM C/P) capturados y cancelados (spot 767.11)
════════════════════════════════════════════════════════════
🔔 2026-08-20 11:08:05 | RIESGO | BAG no cerró (2 pata/s viva/s) — cierre por patas al MID
════════════════════════════════════════════════════════════
════════════════════════════════════════════════════════════
🔔 2026-08-20 11:08:06 | ORDEN | CIERRE MERCADO SPY C 766 x1
════════════════════════════════════════════════════════════
════════════════════════════════════════════════════════════
🔔 2026-08-20 11:08:14 | ORDEN | CIERRE MERCADO SPY C 762 x1
════════════════════════════════════════════════════════════
════════════════════════════════════════════════════════════
🔔 2026-08-20 11:08:22 | RIESGO | BAG no cerró (1 pata/s viva/s) — cierre por patas a MERCADO (último recurso)
════════════════════════════════════════════════════════════
════════════════════════════════════════════════════════════
🔔 2026-08-20 11:08:22 | ORDEN | CIERRE MERCADO SPY C 762 x1
════════════════════════════════════════════════════════════
  11:07:46 C a4 mny +5 -> C 3.390 en  8.6s (-0.3%) | V ? en 25.0s FORZ | None$
════════════════════════════════════════════════════════════
🔔 2026-08-20 11:08:35 | ORDEN | COMPRA VERTICAL SPY C L=757/S=759 x1 débito<=1.98
════════════════════════════════════════════════════════════
  11:08:30 C a2 mny+10 -> NO_LLENA    (mid 1.985, spr 25.7%)
════════════════════════════════════════════════════════════
🔔 2026-08-20 11:08:59 | ORDEN | COMPRA VERTICAL SPY C L=757/S=760 x1 débito<=3.04
════════════════════════════════════════════════════════════
  11:08:57 C a3 mny+10 -> NO_LLENA    (mid 3.040, spr 11.8%)
════════════════════════════════════════════════════════════
🔔 2026-08-20 11:09:24 | ORDEN | COMPRA VERTICAL SPY C L=757/S=761 x1 débito<=3.92
════════════════════════════════════════════════════════════
  11:09:21 C a4 mny+10 -> NO_LLENA    (mid 4.010, spr 9.0%)
════════════════════════════════════════════════════════════
🔔 2026-08-20 11:09:49 | ORDEN | COMPRA VERTICAL SPY C L=747/S=749 x1 débito<=1.96
════════════════════════════════════════════════════════════
  11:09:46 C a2 mny+20 -> NO_LLENA    (mid 2.000, spr 30.0%)
2026-08-20 11:10:15 | DATA   | cadena 20260820: 98 contratos (ITM+OTM C/P) capturados y cancelados (spot 766.56)
2026-08-20 11:10:23 | DATA   | cadena 20260820: 98 contratos (ITM+OTM C/P) capturados y cancelados (spot 766.56)
════════════════════════════════════════════════════════════
🔔 2026-08-20 11:10:29 | ORDEN | COMPRA VERTICAL SPY C L=747/S=750 x1 débito<=3.00
════════════════════════════════════════════════════════════
  11:10:23 C a3 mny+20 -> NO_LLENA    (mid 3.000, spr 18.7%)
════════════════════════════════════════════════════════════
🔔 2026-08-20 11:10:55 | ORDEN | COMPRA VERTICAL SPY C L=747/S=751 x1 débito<=4.01
════════════════════════════════════════════════════════════
  11:10:50 C a4 mny+20 -> NO_LLENA    (mid 4.000, spr 14.0%)
  -> pasada 1: 20 pruebas

═══ PASADA 2 — 11:11 ═══
2026-08-20 11:11:22 | DATA   | cadena 20260820: 98 contratos (ITM+OTM C/P) capturados y cancelados (spot 766.31)
════════════════════════════════════════════════════════════
🔔 2026-08-20 11:11:28 | ORDEN | COMPRA VERTICAL SPY C L=771/S=773 x1 débito<=0.04
════════════════════════════════════════════════════════════
  11:11:22 C a2 mny -5 -> NO_LLENA    (mid 0.040, spr 50.0%)
════════════════════════════════════════════════════════════
🔔 2026-08-20 11:11:52 | ORDEN | COMPRA VERTICAL SPY P L=761/S=759 x1 débito<=0.05
════════════════════════════════════════════════════════════
  11:11:50 P a2 mny -5 -> NO_LLENA    (mid 0.060, spr 33.3%)
════════════════════════════════════════════════════════════
🔔 2026-08-20 11:12:18 | ORDEN | COMPRA VERTICAL SPY P L=761/S=758 x1 débito<=0.08
════════════════════════════════════════════════════════════
2026-08-20 11:12:37 | DATA   | cadena 20260820: 14 contratos (ITM+OTM C/P) capturados y cancelados (spot 766.31)
════════════════════════════════════════════════════════════
🔔 2026-08-20 11:12:41 | RIESGO | BAG no cerró (2 pata/s viva/s) — cierre por patas al MID
════════════════════════════════════════════════════════════
════════════════════════════════════════════════════════════
🔔 2026-08-20 11:12:41 | ORDEN | CIERRE MERCADO SPY P 758 x1
════════════════════════════════════════════════════════════
════════════════════════════════════════════════════════════
🔔 2026-08-20 11:12:49 | ORDEN | CIERRE MERCADO SPY P 761 x1
════════════════════════════════════════════════════════════
  11:12:14 P a3 mny -5 -> C 0.080 en 15.2s (+0.0%) | V 0.060 en 16.2s FORZ | -2.0$
════════════════════════════════════════════════════════════
🔔 2026-08-20 11:13:00 | ORDEN | COMPRA VERTICAL SPY P L=761/S=757 x1 débito<=0.07
════════════════════════════════════════════════════════════
2026-08-20 11:13:18 | DATA   | cadena 20260820: 14 contratos (ITM+OTM C/P) capturados y cancelados (spot 766.31)
════════════════════════════════════════════════════════════
🔔 2026-08-20 11:13:22 | RIESGO | BAG no cerró (2 pata/s viva/s) — cierre por patas al MID
════════════════════════════════════════════════════════════
════════════════════════════════════════════════════════════
🔔 2026-08-20 11:13:22 | ORDEN | CIERRE MERCADO SPY P 757 x1
════════════════════════════════════════════════════════════
════════════════════════════════════════════════════════════
🔔 2026-08-20 11:13:30 | ORDEN | CIERRE MERCADO SPY P 761 x1
════════════════════════════════════════════════════════════
  11:12:57 P a4 mny -5 -> C 0.070 en 14.7s (-22.2%) | V 0.050 en 16.1s FORZ | -2.0$
════════════════════════════════════════════════════════════
🔔 2026-08-20 11:13:41 | ORDEN | COMPRA VERTICAL SPY C L=769/S=771 x1 débito<=0.20
════════════════════════════════════════════════════════════
  11:13:38 C a2 mny -3 -> NO_LLENA    (mid 0.170, spr 11.8%)
════════════════════════════════════════════════════════════
🔔 2026-08-20 11:14:07 | ORDEN | COMPRA VERTICAL SPY P L=763/S=761 x1 débito<=0.11
════════════════════════════════════════════════════════════
2026-08-20 11:14:15 | DATA   | cadena 20260820: 14 contratos (ITM+OTM C/P) capturados y cancelados (spot 766.31)
════════════════════════════════════════════════════════════
🔔 2026-08-20 11:14:18 | RIESGO | BAG no cerró (2 pata/s viva/s) — cierre por patas al MID
════════════════════════════════════════════════════════════
════════════════════════════════════════════════════════════
🔔 2026-08-20 11:14:18 | ORDEN | CIERRE MERCADO SPY P 761 x1
════════════════════════════════════════════════════════════
════════════════════════════════════════════════════════════
🔔 2026-08-20 11:14:26 | ORDEN | CIERRE MERCADO SPY P 763 x1
════════════════════════════════════════════════════════════
  11:14:02 P a2 mny -3 -> C 0.110 en  3.5s (-35.3%) | V 0.110 en 16.1s FORZ | 0.0$
2026-08-20 11:14:40 | DATA   | cadena 20260820: 98 contratos (ITM+OTM C/P) capturados y cancelados (spot 766.96)
2026-08-20 11:14:47 | DATA   | cadena 20260820: 98 contratos (ITM+OTM C/P) capturados y cancelados (spot 766.96)
════════════════════════════════════════════════════════════
🔔 2026-08-20 11:14:53 | ORDEN | COMPRA VERTICAL SPY P L=764/S=761 x1 débito<=0.25
════════════════════════════════════════════════════════════
2026-08-20 11:15:02 | DATA   | cadena 20260820: 14 contratos (ITM+OTM C/P) capturados y cancelados (spot 766.96)
════════════════════════════════════════════════════════════
🔔 2026-08-20 11:15:05 | RIESGO | BAG no cerró (2 pata/s viva/s) — cierre por patas al MID
════════════════════════════════════════════════════════════
════════════════════════════════════════════════════════════
🔔 2026-08-20 11:15:06 | ORDEN | CIERRE MERCADO SPY P 761 x1
════════════════════════════════════════════════════════════
════════════════════════════════════════════════════════════
🔔 2026-08-20 11:15:14 | ORDEN | CIERRE MERCADO SPY P 764 x1
════════════════════════════════════════════════════════════
  11:14:47 P a3 mny -3 -> C 0.250 en  4.5s (+0.0%) | V 0.280 en 16.9s FORZ | 3.0$
════════════════════════════════════════════════════════════
🔔 2026-08-20 11:15:25 | ORDEN | COMPRA VERTICAL SPY P L=764/S=760 x1 débito<=0.28
════════════════════════════════════════════════════════════
2026-08-20 11:15:30 | DATA   | cadena 20260820: 14 contratos (ITM+OTM C/P) capturados y cancelados (spot 766.96)
════════════════════════════════════════════════════════════
🔔 2026-08-20 11:15:33 | RIESGO | BAG no cerró (2 pata/s viva/s) — cierre por patas al MID
════════════════════════════════════════════════════════════
════════════════════════════════════════════════════════════
🔔 2026-08-20 11:15:33 | ORDEN | CIERRE MERCADO SPY P 760 x1
════════════════════════════════════════════════════════════
════════════════════════════════════════════════════════════
🔔 2026-08-20 11:15:41 | ORDEN | CIERRE MERCADO SPY P 764 x1
════════════════════════════════════════════════════════════
  11:15:22 P a4 mny -3 -> C 0.280 en  1.0s (+0.0%) | V 0.270 en 16.1s FORZ | -1.0$
════════════════════════════════════════════════════════════
🔔 2026-08-20 11:15:52 | ORDEN | COMPRA VERTICAL SPY P L=766/S=764 x1 débito<=0.49
════════════════════════════════════════════════════════════
  11:15:49 P a2 mny -1 -> NO_LLENA    (mid 0.480, spr 4.2%)
════════════════════════════════════════════════════════════
🔔 2026-08-20 11:16:17 | ORDEN | COMPRA VERTICAL SPY P L=766/S=763 x1 débito<=0.63
════════════════════════════════════════════════════════════
  11:16:14 P a3 mny -1 -> NO_LLENA    (mid 0.610, spr 3.3%)
════════════════════════════════════════════════════════════
🔔 2026-08-20 11:16:41 | ORDEN | COMPRA VERTICAL SPY P L=766/S=762 x1 débito<=0.80
════════════════════════════════════════════════════════════
2026-08-20 11:16:46 | DATA   | cadena 20260820: 14 contratos (ITM+OTM C/P) capturados y cancelados (spot 766.96)
════════════════════════════════════════════════════════════
🔔 2026-08-20 11:16:50 | RIESGO | BAG no cerró (2 pata/s viva/s) — cierre por patas al MID
════════════════════════════════════════════════════════════
════════════════════════════════════════════════════════════
🔔 2026-08-20 11:16:50 | ORDEN | CIERRE MERCADO SPY P 762 x1
════════════════════════════════════════════════════════════
════════════════════════════════════════════════════════════
🔔 2026-08-20 11:16:58 | ORDEN | CIERRE MERCADO SPY P 766 x1
════════════════════════════════════════════════════════════
  11:16:39 P a4 mny -1 -> C 0.780 en  1.5s (+14.7%) | V 0.700 en 16.2s FORZ | -8.0$
════════════════════════════════════════════════════════════
🔔 2026-08-20 11:17:10 | ORDEN | COMPRA VERTICAL SPY P L=767/S=765 x1 débito<=0.76
════════════════════════════════════════════════════════════
2026-08-20 11:17:15 | DATA   | cadena 20260820: 14 contratos (ITM+OTM C/P) capturados y cancelados (spot 766.96)
════════════════════════════════════════════════════════════
🔔 2026-08-20 11:17:18 | RIESGO | BAG no cerró (2 pata/s viva/s) — cierre por patas al MID
════════════════════════════════════════════════════════════
════════════════════════════════════════════════════════════
🔔 2026-08-20 11:17:18 | ORDEN | CIERRE MERCADO SPY P 765 x1
════════════════════════════════════════════════════════════
════════════════════════════════════════════════════════════
🔔 2026-08-20 11:17:27 | ORDEN | CIERRE MERCADO SPY P 767 x1
════════════════════════════════════════════════════════════
  11:17:06 P a2 mny +0 -> C 0.760 en  1.5s (+8.6%) | V 0.760 en 16.1s FORZ | 0.0$
2026-08-20 11:17:40 | DATA   | cadena 20260820: 98 contratos (ITM+OTM C/P) capturados y cancelados (spot 766.59)
2026-08-20 11:17:47 | DATA   | cadena 20260820: 98 contratos (ITM+OTM C/P) capturados y cancelados (spot 766.59)
2026-08-20 11:17:55 | DATA   | cadena 20260820: 98 contratos (ITM+OTM C/P) capturados y cancelados (spot 766.59)
2026-08-20 11:18:02 | DATA   | cadena 20260820: 98 contratos (ITM+OTM C/P) capturados y cancelados (spot 766.59)
2026-08-20 11:18:10 | DATA   | cadena 20260820: 98 contratos (ITM+OTM C/P) capturados y cancelados (spot 766.59)
2026-08-20 11:18:20 | DATA   | cadena 20260820: 98 contratos (ITM+OTM C/P) capturados y cancelados (spot 766.77)
2026-08-20 11:18:27 | DATA   | cadena 20260820: 98 contratos (ITM+OTM C/P) capturados y cancelados (spot 766.77)
2026-08-20 11:18:35 | DATA   | cadena 20260820: 98 contratos (ITM+OTM C/P) capturados y cancelados (spot 766.77)
════════════════════════════════════════════════════════════
🔔 2026-08-20 11:18:41 | ORDEN | COMPRA VERTICAL SPY P L=768/S=765 x1 débito<=1.26
════════════════════════════════════════════════════════════
2026-08-20 11:18:50 | DATA   | cadena 20260820: 14 contratos (ITM+OTM C/P) capturados y cancelados (spot 766.77)
════════════════════════════════════════════════════════════
🔔 2026-08-20 11:18:53 | RIESGO | BAG no cerró (2 pata/s viva/s) — cierre por patas al MID
════════════════════════════════════════════════════════════
════════════════════════════════════════════════════════════
🔔 2026-08-20 11:18:53 | ORDEN | CIERRE MERCADO SPY P 765 x1
════════════════════════════════════════════════════════════
════════════════════════════════════════════════════════════
🔔 2026-08-20 11:19:03 | ORDEN | CIERRE MERCADO SPY P 768 x1
════════════════════════════════════════════════════════════
  11:18:35 P a3 mny +1 -> C 1.250 en  4.6s (+1.6%) | V 1.150 en 17.3s FORZ | -10.0$
════════════════════════════════════════════════════════════
🔔 2026-08-20 11:19:13 | ORDEN | COMPRA VERTICAL SPY C L=766/S=770 x1 débito<=1.53
════════════════════════════════════════════════════════════
2026-08-20 11:19:21 | DATA   | cadena 20260820: 14 contratos (ITM+OTM C/P) capturados y cancelados (spot 766.77)
════════════════════════════════════════════════════════════
🔔 2026-08-20 11:19:24 | RIESGO | BAG no cerró (2 pata/s viva/s) — cierre por patas al MID
════════════════════════════════════════════════════════════
════════════════════════════════════════════════════════════
🔔 2026-08-20 11:19:24 | ORDEN | CIERRE MERCADO SPY C 770 x1
════════════════════════════════════════════════════════════
════════════════════════════════════════════════════════════
🔔 2026-08-20 11:19:32 | ORDEN | CIERRE MERCADO SPY C 766 x1
════════════════════════════════════════════════════════════
  11:19:11 C a4 mny +1 -> C 1.520 en  3.6s (+3.4%) | V 1.520 en 16.2s FORZ | 0.0$
════════════════════════════════════════════════════════════
🔔 2026-08-20 11:19:43 | ORDEN | COMPRA VERTICAL SPY P L=768/S=764 x1 débito<=1.39
════════════════════════════════════════════════════════════
2026-08-20 11:19:50 | DATA   | cadena 20260820: 14 contratos (ITM+OTM C/P) capturados y cancelados (spot 766.77)
════════════════════════════════════════════════════════════
🔔 2026-08-20 11:19:53 | RIESGO | BAG no cerró (2 pata/s viva/s) — cierre por patas al MID
════════════════════════════════════════════════════════════
════════════════════════════════════════════════════════════
🔔 2026-08-20 11:19:53 | ORDEN | CIERRE MERCADO SPY P 764 x1
════════════════════════════════════════════════════════════
════════════════════════════════════════════════════════════
🔔 2026-08-20 11:20:02 | ORDEN | CIERRE MERCADO SPY P 768 x1
════════════════════════════════════════════════════════════
  11:19:40 P a4 mny +1 -> C 1.390 en  2.6s (-1.4%) | V 1.480 en 17.4s FORZ | 9.0$
════════════════════════════════════════════════════════════
🔔 2026-08-20 11:20:13 | ORDEN | COMPRA VERTICAL SPY C L=765/S=767 x1 débito<=1.27
════════════════════════════════════════════════════════════
  11:20:10 C a2 mny +2 -> NO_LLENA    (mid 1.330, spr 3.0%)
════════════════════════════════════════════════════════════
🔔 2026-08-20 11:20:38 | ORDEN | COMPRA VERTICAL SPY P L=769/S=767 x1 débito<=1.39
════════════════════════════════════════════════════════════
2026-08-20 11:20:43 | DATA   | cadena 20260820: 14 contratos (ITM+OTM C/P) capturados y cancelados (spot 766.77)
════════════════════════════════════════════════════════════
🔔 2026-08-20 11:20:46 | RIESGO | BAG no cerró (2 pata/s viva/s) — cierre por patas al MID
════════════════════════════════════════════════════════════
════════════════════════════════════════════════════════════
🔔 2026-08-20 11:20:47 | ORDEN | CIERRE MERCADO SPY P 767 x1
════════════════════════════════════════════════════════════
════════════════════════════════════════════════════════════
🔔 2026-08-20 11:20:55 | ORDEN | CIERRE MERCADO SPY P 769 x1
════════════════════════════════════════════════════════════
  11:20:35 P a2 mny +2 -> C 1.390 en  2.0s (+8.6%) | V 1.410 en 16.1s FORZ | 2.0$
════════════════════════════════════════════════════════════
🔔 2026-08-20 11:21:06 | ORDEN | COMPRA VERTICAL SPY C L=765/S=768 x1 débito<=1.61
════════════════════════════════════════════════════════════
2026-08-20 11:21:11 | DATA   | cadena 20260820: 14 contratos (ITM+OTM C/P) capturados y cancelados (spot 766.77)
════════════════════════════════════════════════════════════
🔔 2026-08-20 11:21:15 | RIESGO | BAG no cerró (2 pata/s viva/s) — cierre por patas al MID
════════════════════════════════════════════════════════════
════════════════════════════════════════════════════════════
🔔 2026-08-20 11:21:15 | ORDEN | CIERRE MERCADO SPY C 768 x1
════════════════════════════════════════════════════════════
════════════════════════════════════════════════════════════
🔔 2026-08-20 11:21:23 | ORDEN | CIERRE MERCADO SPY C 765 x1
════════════════════════════════════════════════════════════
════════════════════════════════════════════════════════════
🔔 2026-08-20 11:21:31 | RIESGO | BAG no cerró (1 pata/s viva/s) — cierre por patas a MERCADO (último recurso)
════════════════════════════════════════════════════════════
════════════════════════════════════════════════════════════
🔔 2026-08-20 11:21:31 | ORDEN | CIERRE MERCADO SPY C 765 x1
════════════════════════════════════════════════════════════
  11:21:03 C a3 mny +2 -> C 1.610 en  1.5s (-9.0%) | V ? en 24.2s FORZ | None$
2026-08-20 11:21:44 | DATA   | cadena 20260820: 98 contratos (ITM+OTM C/P) capturados y cancelados (spot 766.48)
2026-08-20 11:21:51 | DATA   | cadena 20260820: 98 contratos (ITM+OTM C/P) capturados y cancelados (spot 766.48)
2026-08-20 11:21:59 | DATA   | cadena 20260820: 98 contratos (ITM+OTM C/P) capturados y cancelados (spot 766.48)
2026-08-20 11:22:06 | DATA   | cadena 20260820: 98 contratos (ITM+OTM C/P) capturados y cancelados (spot 766.48)
2026-08-20 11:22:16 | DATA   | cadena 20260820: 98 contratos (ITM+OTM C/P) capturados y cancelados (spot 766.26)
2026-08-20 11:22:24 | DATA   | cadena 20260820: 98 contratos (ITM+OTM C/P) capturados y cancelados (spot 766.26)
2026-08-20 11:22:31 | DATA   | cadena 20260820: 98 contratos (ITM+OTM C/P) capturados y cancelados (spot 766.26)
2026-08-20 11:22:38 | DATA   | cadena 20260820: 98 contratos (ITM+OTM C/P) capturados y cancelados (spot 766.26)
2026-08-20 11:22:46 | DATA   | cadena 20260820: 98 contratos (ITM+OTM C/P) capturados y cancelados (spot 766.26)
2026-08-20 11:22:53 | DATA   | cadena 20260820: 98 contratos (ITM+OTM C/P) capturados y cancelados (spot 766.26)
════════════════════════════════════════════════════════════
🔔 2026-08-20 11:22:59 | ORDEN | COMPRA VERTICAL SPY C L=761/S=763 x1 débito<=1.84
════════════════════════════════════════════════════════════
  11:22:53 C a2 mny +5 -> NO_LLENA    (mid 1.840, spr 3.3%)
════════════════════════════════════════════════════════════
🔔 2026-08-20 11:23:24 | ORDEN | COMPRA VERTICAL SPY C L=761/S=764 x1 débito<=2.69
════════════════════════════════════════════════════════════
  11:23:21 C a3 mny +5 -> NO_LLENA    (mid 2.680, spr 2.2%)
════════════════════════════════════════════════════════════
🔔 2026-08-20 11:23:48 | ORDEN | COMPRA VERTICAL SPY C L=761/S=765 x1 débito<=3.42
════════════════════════════════════════════════════════════
  11:23:45 C a4 mny +5 -> NO_LLENA    (mid 3.435, spr 1.5%)
════════════════════════════════════════════════════════════
🔔 2026-08-20 11:24:13 | ORDEN | COMPRA VERTICAL SPY C L=756/S=758 x1 débito<=1.99
════════════════════════════════════════════════════════════
  11:24:10 C a2 mny+10 -> NO_LLENA    (mid 1.985, spr 22.7%)
════════════════════════════════════════════════════════════
🔔 2026-08-20 11:24:37 | ORDEN | COMPRA VERTICAL SPY C L=756/S=759 x1 débito<=2.98
════════════════════════════════════════════════════════════
  11:24:35 C a3 mny+10 -> NO_LLENA    (mid 2.985, spr 14.4%)
════════════════════════════════════════════════════════════
🔔 2026-08-20 11:25:04 | ORDEN | COMPRA VERTICAL SPY C L=756/S=760 x1 débito<=3.96
════════════════════════════════════════════════════════════
  11:24:59 C a4 mny+10 -> NO_LLENA    (mid 3.985, spr 9.8%)
2026-08-20 11:25:31 | DATA   | cadena 20260820: 98 contratos (ITM+OTM C/P) capturados y cancelados (spot 766.29)
2026-08-20 11:25:38 | DATA   | cadena 20260820: 98 contratos (ITM+OTM C/P) capturados y cancelados (spot 766.29)
════════════════════════════════════════════════════════════
🔔 2026-08-20 11:25:44 | ORDEN | COMPRA VERTICAL SPY C L=746/S=748 x1 débito<=1.99
════════════════════════════════════════════════════════════
  11:25:38 C a2 mny+20 -> NO_LLENA    (mid 1.995, spr 16.5%)
════════════════════════════════════════════════════════════
🔔 2026-08-20 11:26:10 | ORDEN | COMPRA VERTICAL SPY C L=746/S=749 x1 débito<=2.44
════════════════════════════════════════════════════════════
  11:26:06 C a3 mny+20 -> NO_LLENA    (mid 2.450, spr 62.0%)
════════════════════════════════════════════════════════════
🔔 2026-08-20 11:26:34 | ORDEN | COMPRA VERTICAL SPY C L=746/S=750 x1 débito<=3.99
════════════════════════════════════════════════════════════
  11:26:31 C a4 mny+20 -> NO_LLENA    (mid 3.995, spr 8.3%)
  -> pasada 2: 27 pruebas

═══ PASADA 3 — 11:26 ═══
2026-08-20 11:27:01 | DATA   | cadena 20260820: 98 contratos (ITM+OTM C/P) capturados y cancelados (spot 766.12)
2026-08-20 11:27:09 | DATA   | cadena 20260820: 98 contratos (ITM+OTM C/P) capturados y cancelados (spot 766.12)
2026-08-20 11:27:19 | DATA   | cadena 20260820: 98 contratos (ITM+OTM C/P) capturados y cancelados (spot 766.28)
2026-08-20 11:27:26 | DATA   | cadena 20260820: 98 contratos (ITM+OTM C/P) capturados y cancelados (spot 766.28)
════════════════════════════════════════════════════════════
🔔 2026-08-20 11:27:32 | ORDEN | COMPRA VERTICAL SPY P L=761/S=758 x1 débito<=0.05
════════════════════════════════════════════════════════════
  11:27:26 P a3 mny -5 -> NO_LLENA    (mid 0.050, spr 40.0%)
════════════════════════════════════════════════════════════
🔔 2026-08-20 11:27:57 | ORDEN | COMPRA VERTICAL SPY P L=761/S=757 x1 débito<=0.05
════════════════════════════════════════════════════════════
  11:27:54 P a4 mny -5 -> NO_LLENA    (mid 0.050, spr 40.0%)
════════════════════════════════════════════════════════════
🔔 2026-08-20 11:28:22 | ORDEN | COMPRA VERTICAL SPY P L=763/S=761 x1 débito<=0.10
════════════════════════════════════════════════════════════
2026-08-20 11:28:29 | DATA   | cadena 20260820: 14 contratos (ITM+OTM C/P) capturados y cancelados (spot 766.28)
════════════════════════════════════════════════════════════
🔔 2026-08-20 11:28:57 | RIESGO | BAG no cerró (2 pata/s viva/s) — cierre por patas al MID
════════════════════════════════════════════════════════════
════════════════════════════════════════════════════════════
🔔 2026-08-20 11:28:57 | ORDEN | CIERRE MERCADO SPY P 761 x1
════════════════════════════════════════════════════════════
════════════════════════════════════════════════════════════
🔔 2026-08-20 11:29:06 | ORDEN | CIERRE MERCADO SPY P 763 x1
════════════════════════════════════════════════════════════
  11:28:19 P a2 mny -3 -> C 0.100 en  3.5s (-16.7%) | V 0.110 en 41.2s FORZ | 1.0$
════════════════════════════════════════════════════════════
🔔 2026-08-20 11:29:17 | ORDEN | COMPRA VERTICAL SPY P L=763/S=760 x1 débito<=0.12
════════════════════════════════════════════════════════════
2026-08-20 11:29:27 | DATA   | cadena 20260820: 14 contratos (ITM+OTM C/P) capturados y cancelados (spot 766.28)
════════════════════════════════════════════════════════════
🔔 2026-08-20 11:29:31 | RIESGO | BAG no cerró (2 pata/s viva/s) — cierre por patas al MID
════════════════════════════════════════════════════════════
════════════════════════════════════════════════════════════
🔔 2026-08-20 11:29:31 | ORDEN | CIERRE MERCADO SPY P 760 x1
════════════════════════════════════════════════════════════
════════════════════════════════════════════════════════════
🔔 2026-08-20 11:29:39 | ORDEN | CIERRE MERCADO SPY P 763 x1
════════════════════════════════════════════════════════════
  11:29:14 P a3 mny -3 -> C 0.120 en  6.6s (-14.3%) | V 0.120 en 16.1s FORZ | 0.0$
════════════════════════════════════════════════════════════
🔔 2026-08-20 11:29:50 | ORDEN | COMPRA VERTICAL SPY P L=763/S=759 x1 débito<=0.13
════════════════════════════════════════════════════════════
2026-08-20 11:30:05 | DATA   | cadena 20260820: 14 contratos (ITM+OTM C/P) capturados y cancelados (spot 766.28)
════════════════════════════════════════════════════════════
🔔 2026-08-20 11:30:10 | RIESGO | BAG no cerró (2 pata/s viva/s) — cierre por patas al MID
════════════════════════════════════════════════════════════
════════════════════════════════════════════════════════════
🔔 2026-08-20 11:30:10 | ORDEN | CIERRE MERCADO SPY P 759 x1
════════════════════════════════════════════════════════════
════════════════════════════════════════════════════════════
🔔 2026-08-20 11:30:18 | ORDEN | CIERRE MERCADO SPY P 763 x1
════════════════════════════════════════════════════════════
  11:29:47 P a4 mny -3 -> C 0.130 en 11.1s (-18.8%) | V 0.110 en 16.1s FORZ | -2.0$
════════════════════════════════════════════════════════════
🔔 2026-08-20 11:30:29 | ORDEN | COMPRA VERTICAL SPY P L=765/S=763 x1 débito<=0.28
════════════════════════════════════════════════════════════
  11:30:26 P a2 mny -1 -> NO_LLENA    (mid 0.340, spr 5.9%)
2026-08-20 11:30:56 | DATA   | cadena 20260820: 98 contratos (ITM+OTM C/P) capturados y cancelados (spot 766.75)
2026-08-20 11:31:03 | DATA   | cadena 20260820: 98 contratos (ITM+OTM C/P) capturados y cancelados (spot 766.75)
2026-08-20 11:31:12 | DATA   | cadena 20260820: 98 contratos (ITM+OTM C/P) capturados y cancelados (spot 766.68)
2026-08-20 11:31:21 | DATA   | cadena 20260820: 98 contratos (ITM+OTM C/P) capturados y cancelados (spot 766.68)
2026-08-20 11:31:28 | DATA   | cadena 20260820: 98 contratos (ITM+OTM C/P) capturados y cancelados (spot 766.68)
2026-08-20 11:31:35 | DATA   | cadena 20260820: 98 contratos (ITM+OTM C/P) capturados y cancelados (spot 766.68)
2026-08-20 11:31:43 | DATA   | cadena 20260820: 98 contratos (ITM+OTM C/P) capturados y cancelados (spot 766.68)
2026-08-20 11:31:50 | DATA   | cadena 20260820: 98 contratos (ITM+OTM C/P) capturados y cancelados (spot 766.68)
2026-08-20 11:31:58 | DATA   | cadena 20260820: 98 contratos (ITM+OTM C/P) capturados y cancelados (spot 766.68)
2026-08-20 11:32:05 | DATA   | cadena 20260820: 98 contratos (ITM+OTM C/P) capturados y cancelados (spot 766.68)
2026-08-20 11:32:14 | DATA   | cadena 20260820: 98 contratos (ITM+OTM C/P) capturados y cancelados (spot 766.54)
2026-08-20 11:32:23 | DATA   | cadena 20260820: 98 contratos (ITM+OTM C/P) capturados y cancelados (spot 766.54)
2026-08-20 11:32:30 | DATA   | cadena 20260820: 98 contratos (ITM+OTM C/P) capturados y cancelados (spot 766.54)
2026-08-20 11:32:37 | DATA   | cadena 20260820: 98 contratos (ITM+OTM C/P) capturados y cancelados (spot 766.54)
2026-08-20 11:32:45 | DATA   | cadena 20260820: 98 contratos (ITM+OTM C/P) capturados y cancelados (spot 766.54)
2026-08-20 11:32:52 | DATA   | cadena 20260820: 98 contratos (ITM+OTM C/P) capturados y cancelados (spot 766.54)
2026-08-20 11:32:59 | DATA   | cadena 20260820: 98 contratos (ITM+OTM C/P) capturados y cancelados (spot 766.54)
2026-08-20 11:33:07 | DATA   | cadena 20260820: 98 contratos (ITM+OTM C/P) capturados y cancelados (spot 766.54)
2026-08-20 11:33:16 | DATA   | cadena 20260820: 98 contratos (ITM+OTM C/P) capturados y cancelados (spot 766.61)
2026-08-20 11:33:24 | DATA   | cadena 20260820: 98 contratos (ITM+OTM C/P) capturados y cancelados (spot 766.61)
2026-08-20 11:33:32 | DATA   | cadena 20260820: 98 contratos (ITM+OTM C/P) capturados y cancelados (spot 766.61)
════════════════════════════════════════════════════════════
🔔 2026-08-20 11:33:38 | ORDEN | COMPRA VERTICAL SPY C L=765/S=769 x1 débito<=1.60
════════════════════════════════════════════════════════════
2026-08-20 11:33:43 | DATA   | cadena 20260820: 14 contratos (ITM+OTM C/P) capturados y cancelados (spot 766.61)
════════════════════════════════════════════════════════════
🔔 2026-08-20 11:33:47 | RIESGO | BAG no cerró (2 pata/s viva/s) — cierre por patas al MID
════════════════════════════════════════════════════════════
════════════════════════════════════════════════════════════
🔔 2026-08-20 11:33:47 | ORDEN | CIERRE MERCADO SPY C 769 x1
════════════════════════════════════════════════════════════
════════════════════════════════════════════════════════════
🔔 2026-08-20 11:33:55 | ORDEN | CIERRE MERCADO SPY C 765 x1
════════════════════════════════════════════════════════════
  11:33:32 C a4 mny +2 -> C 1.600 en  1.5s (-0.6%) | V 1.510 en 16.1s FORZ | -9.0$
════════════════════════════════════════════════════════════
🔔 2026-08-20 11:34:07 | ORDEN | COMPRA VERTICAL SPY P L=769/S=765 x1 débito<=2.46
════════════════════════════════════════════════════════════
2026-08-20 11:34:30 | DATA   | cadena 20260820: 14 contratos (ITM+OTM C/P) capturados y cancelados (spot 766.61)
════════════════════════════════════════════════════════════
🔔 2026-08-20 11:34:34 | RIESGO | BAG no cerró (2 pata/s viva/s) — cierre por patas al MID
════════════════════════════════════════════════════════════
════════════════════════════════════════════════════════════
🔔 2026-08-20 11:34:34 | ORDEN | CIERRE MERCADO SPY P 765 x1
════════════════════════════════════════════════════════════
════════════════════════════════════════════════════════════
🔔 2026-08-20 11:34:42 | ORDEN | CIERRE MERCADO SPY P 769 x1
════════════════════════════════════════════════════════════
  11:34:03 P a4 mny +2 -> C 2.450 en 18.8s (+3.2%) | V 2.400 en 16.1s FORZ | -5.0$
════════════════════════════════════════════════════════════
🔔 2026-08-20 11:34:52 | ORDEN | COMPRA VERTICAL SPY C L=764/S=766 x1 débito<=1.36
════════════════════════════════════════════════════════════
2026-08-20 11:35:08 | DATA   | cadena 20260820: 14 contratos (ITM+OTM C/P) capturados y cancelados (spot 766.61)
════════════════════════════════════════════════════════════
🔔 2026-08-20 11:35:11 | RIESGO | BAG no cerró (2 pata/s viva/s) — cierre por patas al MID
════════════════════════════════════════════════════════════
════════════════════════════════════════════════════════════
🔔 2026-08-20 11:35:11 | ORDEN | CIERRE MERCADO SPY C 766 x1
════════════════════════════════════════════════════════════
════════════════════════════════════════════════════════════
🔔 2026-08-20 11:35:19 | ORDEN | CIERRE MERCADO SPY C 764 x1
════════════════════════════════════════════════════════════
  11:34:50 C a2 mny +3 -> C 1.360 en 11.6s (-1.8%) | V 1.360 en 16.1s FORZ | 0.0$
════════════════════════════════════════════════════════════
🔔 2026-08-20 11:35:30 | ORDEN | COMPRA VERTICAL SPY P L=770/S=768 x1 débito<=1.76
════════════════════════════════════════════════════════════
  11:35:27 P a2 mny +3 -> NO_LLENA    (mid 1.690, spr 8.3%)
════════════════════════════════════════════════════════════
🔔 2026-08-20 11:35:55 | ORDEN | COMPRA VERTICAL SPY C L=764/S=767 x1 débito<=1.78
════════════════════════════════════════════════════════════
2026-08-20 11:36:00 | DATA   | cadena 20260820: 14 contratos (ITM+OTM C/P) capturados y cancelados (spot 766.61)
════════════════════════════════════════════════════════════
🔔 2026-08-20 11:36:04 | RIESGO | BAG no cerró (2 pata/s viva/s) — cierre por patas al MID
════════════════════════════════════════════════════════════
════════════════════════════════════════════════════════════
🔔 2026-08-20 11:36:05 | ORDEN | CIERRE MERCADO SPY C 767 x1
════════════════════════════════════════════════════════════
════════════════════════════════════════════════════════════
🔔 2026-08-20 11:36:13 | ORDEN | CIERRE MERCADO SPY C 764 x1
════════════════════════════════════════════════════════════
  11:35:52 C a3 mny +3 -> C 1.770 en  2.0s (-5.6%) | V 1.740 en 17.1s FORZ | -3.0$
════════════════════════════════════════════════════════════
🔔 2026-08-20 11:36:24 | ORDEN | COMPRA VERTICAL SPY P L=770/S=767 x1 débito<=2.54
════════════════════════════════════════════════════════════
2026-08-20 11:36:40 | DATA   | cadena 20260820: 14 contratos (ITM+OTM C/P) capturados y cancelados (spot 766.61)
════════════════════════════════════════════════════════════
🔔 2026-08-20 11:36:44 | RIESGO | BAG no cerró (2 pata/s viva/s) — cierre por patas al MID
════════════════════════════════════════════════════════════
════════════════════════════════════════════════════════════
🔔 2026-08-20 11:36:44 | ORDEN | CIERRE MERCADO SPY P 767 x1
════════════════════════════════════════════════════════════
════════════════════════════════════════════════════════════
🔔 2026-08-20 11:36:52 | ORDEN | CIERRE MERCADO SPY P 770 x1
════════════════════════════════════════════════════════════
  11:36:21 P a3 mny +3 -> C 2.520 en 12.1s (+6.3%) | V 2.400 en 16.1s FORZ | -12.0$
2026-08-20 11:37:05 | DATA   | cadena 20260820: 98 contratos (ITM+OTM C/P) capturados y cancelados (spot 765.77)
2026-08-20 11:37:15 | DATA   | cadena 20260820: 98 contratos (ITM+OTM C/P) capturados y cancelados (spot 765.86)
2026-08-20 11:37:23 | DATA   | cadena 20260820: 98 contratos (ITM+OTM C/P) capturados y cancelados (spot 765.86)
════════════════════════════════════════════════════════════
🔔 2026-08-20 11:37:29 | ORDEN | COMPRA VERTICAL SPY C L=761/S=763 x1 débito<=1.84
════════════════════════════════════════════════════════════
  11:37:23 C a2 mny +5 -> NO_LLENA    (mid 1.840, spr 3.3%)
════════════════════════════════════════════════════════════
🔔 2026-08-20 11:37:53 | ORDEN | COMPRA VERTICAL SPY C L=761/S=764 x1 débito<=2.73
════════════════════════════════════════════════════════════
2026-08-20 11:37:58 | DATA   | cadena 20260820: 14 contratos (ITM+OTM C/P) capturados y cancelados (spot 765.86)
════════════════════════════════════════════════════════════
🔔 2026-08-20 11:38:01 | RIESGO | BAG no cerró (2 pata/s viva/s) — cierre por patas al MID
════════════════════════════════════════════════════════════
════════════════════════════════════════════════════════════
🔔 2026-08-20 11:38:01 | ORDEN | CIERRE MERCADO SPY C 764 x1
════════════════════════════════════════════════════════════
════════════════════════════════════════════════════════════
🔔 2026-08-20 11:38:09 | ORDEN | CIERRE MERCADO SPY C 761 x1
════════════════════════════════════════════════════════════
  11:37:50 C a3 mny +5 -> C 2.720 en  1.0s (+1.5%) | V 2.660 en 16.3s FORZ | -6.0$
════════════════════════════════════════════════════════════
🔔 2026-08-20 11:38:20 | ORDEN | COMPRA VERTICAL SPY C L=756/S=758 x1 débito<=1.99
════════════════════════════════════════════════════════════
  11:38:17 C a2 mny+10 -> NO_LLENA    (mid 2.005, spr 25.4%)
════════════════════════════════════════════════════════════
🔔 2026-08-20 11:38:45 | ORDEN | COMPRA VERTICAL SPY C L=756/S=759 x1 débito<=2.98
════════════════════════════════════════════════════════════
  11:38:42 C a3 mny+10 -> NO_LLENA    (mid 2.985, spr 15.7%)
════════════════════════════════════════════════════════════
🔔 2026-08-20 11:39:11 | ORDEN | COMPRA VERTICAL SPY C L=756/S=760 x1 débito<=3.96
════════════════════════════════════════════════════════════
  11:39:07 C a4 mny+10 -> NO_LLENA    (mid 3.950, spr 9.1%)
════════════════════════════════════════════════════════════
🔔 2026-08-20 11:39:35 | ORDEN | COMPRA VERTICAL SPY C L=746/S=748 x1 débito<=1.99
════════════════════════════════════════════════════════════
  11:39:32 C a2 mny+20 -> NO_LLENA    (mid 1.990, spr 26.1%)
2026-08-20 11:40:02 | DATA   | cadena 20260820: 98 contratos (ITM+OTM C/P) capturados y cancelados (spot 765.60)
2026-08-20 11:40:10 | DATA   | cadena 20260820: 98 contratos (ITM+OTM C/P) capturados y cancelados (spot 765.60)
2026-08-20 11:40:20 | DATA   | cadena 20260820: 98 contratos (ITM+OTM C/P) capturados y cancelados (spot 765.56)
2026-08-20 11:40:27 | DATA   | cadena 20260820: 98 contratos (ITM+OTM C/P) capturados y cancelados (spot 765.56)
════════════════════════════════════════════════════════════
🔔 2026-08-20 11:40:33 | ORDEN | COMPRA VERTICAL SPY C L=746/S=750 x1 débito<=4.00
════════════════════════════════════════════════════════════
  11:40:27 C a4 mny+20 -> NO_LLENA    (mid 4.000, spr 10.0%)
  -> pasada 3: 19 pruebas

═══ PASADA 4 — 11:40 ═══
2026-08-20 11:41:00 | DATA   | cadena 20260820: 98 contratos (ITM+OTM C/P) capturados y cancelados (spot 765.56)
2026-08-20 11:41:07 | DATA   | cadena 20260820: 98 contratos (ITM+OTM C/P) capturados y cancelados (spot 765.56)
════════════════════════════════════════════════════════════
🔔 2026-08-20 11:41:15 | ORDEN | COMPRA VERTICAL SPY P L=761/S=759 x1 débito<=0.05
════════════════════════════════════════════════════════════
  11:41:07 P a2 mny -5 -> NO_LLENA    (mid 0.060, spr 33.3%)
════════════════════════════════════════════════════════════
🔔 2026-08-20 11:41:39 | ORDEN | COMPRA VERTICAL SPY P L=761/S=758 x1 débito<=0.08
════════════════════════════════════════════════════════════
2026-08-20 11:41:46 | DATA   | cadena 20260820: 14 contratos (ITM+OTM C/P) capturados y cancelados (spot 765.56)
════════════════════════════════════════════════════════════
🔔 2026-08-20 11:42:13 | RIESGO | BAG no cerró (2 pata/s viva/s) — cierre por patas al MID
════════════════════════════════════════════════════════════
════════════════════════════════════════════════════════════
🔔 2026-08-20 11:42:13 | ORDEN | CIERRE MERCADO SPY P 758 x1
════════════════════════════════════════════════════════════
════════════════════════════════════════════════════════════
🔔 2026-08-20 11:42:22 | ORDEN | CIERRE MERCADO SPY P 761 x1
════════════════════════════════════════════════════════════
  11:41:37 P a3 mny -5 -> C 0.080 en  2.6s (-0.0%) | V 0.060 en 40.4s FORZ | -2.0$
════════════════════════════════════════════════════════════
🔔 2026-08-20 11:42:32 | ORDEN | COMPRA VERTICAL SPY P L=761/S=757 x1 débito<=0.07
════════════════════════════════════════════════════════════
  11:42:30 P a4 mny -5 -> NO_LLENA    (mid 0.080, spr 25.0%)
════════════════════════════════════════════════════════════
🔔 2026-08-20 11:42:57 | ORDEN | COMPRA VERTICAL SPY C L=756/S=758 x1 débito<=2.00
════════════════════════════════════════════════════════════
  11:42:54 C a2 mny+10 -> NO_LLENA    (mid 1.985, spr 20.7%)
════════════════════════════════════════════════════════════
🔔 2026-08-20 11:43:23 | ORDEN | COMPRA VERTICAL SPY C L=756/S=759 x1 débito<=2.98
════════════════════════════════════════════════════════════
  11:43:19 C a3 mny+10 -> NO_LLENA    (mid 2.965, spr 13.2%)
════════════════════════════════════════════════════════════
🔔 2026-08-20 11:43:48 | ORDEN | COMPRA VERTICAL SPY C L=756/S=760 x1 débito<=3.99
════════════════════════════════════════════════════════════
  11:43:45 C a4 mny+10 -> NO_LLENA    (mid 3.960, spr 7.6%)
2026-08-20 11:44:15 | DATA   | cadena 20260820: 98 contratos (ITM+OTM C/P) capturados y cancelados (spot 765.51)
2026-08-20 11:44:22 | DATA   | cadena 20260820: 98 contratos (ITM+OTM C/P) capturados y cancelados (spot 765.51)
════════════════════════════════════════════════════════════
🔔 2026-08-20 11:44:28 | ORDEN | COMPRA VERTICAL SPY C L=746/S=748 x1 débito<=2.00
════════════════════════════════════════════════════════════
  11:44:22 C a2 mny+20 -> NO_LLENA    (mid 2.000, spr 24.0%)
════════════════════════════════════════════════════════════
🔔 2026-08-20 11:44:53 | ORDEN | COMPRA VERTICAL SPY C L=746/S=749 x1 débito<=2.43
════════════════════════════════════════════════════════════
  11:44:50 C a3 mny+20 -> NO_LLENA    (mid 2.450, spr 64.5%)
════════════════════════════════════════════════════════════
🔔 2026-08-20 11:45:17 | ORDEN | COMPRA VERTICAL SPY C L=746/S=750 x1 débito<=3.99
════════════════════════════════════════════════════════════
  11:45:15 C a4 mny+20 -> NO_LLENA    (mid 4.005, spr 11.2%)
  -> pasada 4: 9 pruebas

═══ PASADA 5 — 11:45 ═══
2026-08-20 11:45:44 | DATA   | cadena 20260820: 98 contratos (ITM+OTM C/P) capturados y cancelados (spot 765.36)
2026-08-20 11:45:52 | DATA   | cadena 20260820: 98 contratos (ITM+OTM C/P) capturados y cancelados (spot 765.36)
════════════════════════════════════════════════════════════
🔔 2026-08-20 11:45:58 | ORDEN | COMPRA VERTICAL SPY P L=760/S=758 x1 débito<=0.04
════════════════════════════════════════════════════════════
  11:45:52 P a2 mny -5 -> NO_LLENA    (mid 0.040, spr 50.0%)
════════════════════════════════════════════════════════════
🔔 2026-08-20 11:46:22 | ORDEN | COMPRA VERTICAL SPY P L=760/S=757 x1 débito<=0.05
════════════════════════════════════════════════════════════
  11:46:19 P a3 mny -5 -> NO_LLENA    (mid 0.040, spr 50.0%)
════════════════════════════════════════════════════════════
🔔 2026-08-20 11:46:47 | ORDEN | COMPRA VERTICAL SPY P L=760/S=756 x1 débito<=0.05
════════════════════════════════════════════════════════════
  11:46:44 P a4 mny -5 -> NO_LLENA    (mid 0.040, spr 50.0%)
════════════════════════════════════════════════════════════
🔔 2026-08-20 11:47:12 | ORDEN | COMPRA VERTICAL SPY P L=762/S=760 x1 débito<=0.12
════════════════════════════════════════════════════════════
2026-08-20 11:47:16 | DATA   | cadena 20260820: 14 contratos (ITM+OTM C/P) capturados y cancelados (spot 765.36)
════════════════════════════════════════════════════════════
🔔 2026-08-20 11:47:44 | RIESGO | BAG no cerró (2 pata/s viva/s) — cierre por patas al MID
════════════════════════════════════════════════════════════
════════════════════════════════════════════════════════════
🔔 2026-08-20 11:47:44 | ORDEN | CIERRE MERCADO SPY P 760 x1
════════════════════════════════════════════════════════════
════════════════════════════════════════════════════════════
🔔 2026-08-20 11:47:52 | ORDEN | CIERRE MERCADO SPY P 762 x1
════════════════════════════════════════════════════════════
  11:47:09 P a2 mny -3 -> C 0.120 en  0.5s (+0.0%) | V 0.090 en 40.4s FORZ | -3.0$
════════════════════════════════════════════════════════════
🔔 2026-08-20 11:48:03 | ORDEN | COMPRA VERTICAL SPY P L=762/S=759 x1 débito<=0.11
════════════════════════════════════════════════════════════
  11:48:00 P a3 mny -3 -> NO_LLENA    (mid 0.140, spr 14.3%)
════════════════════════════════════════════════════════════
🔔 2026-08-20 11:48:27 | ORDEN | COMPRA VERTICAL SPY P L=762/S=758 x1 débito<=0.13
════════════════════════════════════════════════════════════
2026-08-20 11:48:33 | DATA   | cadena 20260820: 14 contratos (ITM+OTM C/P) capturados y cancelados (spot 765.36)
════════════════════════════════════════════════════════════
🔔 2026-08-20 11:48:36 | RIESGO | BAG no cerró (2 pata/s viva/s) — cierre por patas al MID
════════════════════════════════════════════════════════════
════════════════════════════════════════════════════════════
🔔 2026-08-20 11:48:36 | ORDEN | CIERRE MERCADO SPY P 758 x1
════════════════════════════════════════════════════════════
════════════════════════════════════════════════════════════
🔔 2026-08-20 11:48:44 | ORDEN | CIERRE MERCADO SPY P 762 x1
════════════════════════════════════════════════════════════
  11:48:24 P a4 mny -3 -> C 0.130 en  2.0s (-18.8%) | V 0.110 en 16.1s FORZ | -2.0$
2026-08-20 11:48:57 | DATA   | cadena 20260820: 98 contratos (ITM+OTM C/P) capturados y cancelados (spot 765.62)
════════════════════════════════════════════════════════════
🔔 2026-08-20 11:49:04 | ORDEN | COMPRA VERTICAL SPY C L=767/S=769 x1 débito<=0.34
════════════════════════════════════════════════════════════
2026-08-20 11:49:13 | DATA   | cadena 20260820: 14 contratos (ITM+OTM C/P) capturados y cancelados (spot 765.62)
════════════════════════════════════════════════════════════
🔔 2026-08-20 11:49:16 | RIESGO | BAG no cerró (2 pata/s viva/s) — cierre por patas al MID
════════════════════════════════════════════════════════════
════════════════════════════════════════════════════════════
🔔 2026-08-20 11:49:16 | ORDEN | CIERRE MERCADO SPY C 769 x1
════════════════════════════════════════════════════════════
════════════════════════════════════════════════════════════
🔔 2026-08-20 11:49:24 | ORDEN | CIERRE MERCADO SPY C 767 x1
════════════════════════════════════════════════════════════
  11:48:57 C a2 mny -1 -> C 0.340 en  5.0s (+3.0%) | V 0.300 en 16.1s FORZ | -4.0$
════════════════════════════════════════════════════════════
🔔 2026-08-20 11:49:35 | ORDEN | COMPRA VERTICAL SPY P L=765/S=763 x1 débito<=0.46
════════════════════════════════════════════════════════════
2026-08-20 11:49:46 | DATA   | cadena 20260820: 14 contratos (ITM+OTM C/P) capturados y cancelados (spot 765.62)
════════════════════════════════════════════════════════════
🔔 2026-08-20 11:50:13 | RIESGO | BAG no cerró (2 pata/s viva/s) — cierre por patas al MID
════════════════════════════════════════════════════════════
════════════════════════════════════════════════════════════
🔔 2026-08-20 11:50:13 | ORDEN | CIERRE MERCADO SPY P 763 x1
════════════════════════════════════════════════════════════
════════════════════════════════════════════════════════════
🔔 2026-08-20 11:50:21 | ORDEN | CIERRE MERCADO SPY P 765 x1
════════════════════════════════════════════════════════════
  11:49:32 P a2 mny -1 -> C 0.460 en  7.0s (+0.0%) | V 0.470 en 40.4s FORZ | 1.0$
════════════════════════════════════════════════════════════
🔔 2026-08-20 11:50:32 | ORDEN | COMPRA VERTICAL SPY C L=767/S=770 x1 débito<=0.34
════════════════════════════════════════════════════════════
  11:50:29 C a3 mny -1 -> NO_LLENA    (mid 0.380, spr 5.3%)
════════════════════════════════════════════════════════════
🔔 2026-08-20 11:50:56 | ORDEN | COMPRA VERTICAL SPY P L=765/S=762 x1 débito<=0.56
════════════════════════════════════════════════════════════
  11:50:54 P a3 mny -1 -> NO_LLENA    (mid 0.560, spr 3.6%)
════════════════════════════════════════════════════════════
🔔 2026-08-20 11:51:21 | ORDEN | COMPRA VERTICAL SPY C L=767/S=771 x1 débito<=0.36
════════════════════════════════════════════════════════════
2026-08-20 11:51:32 | DATA   | cadena 20260820: 14 contratos (ITM+OTM C/P) capturados y cancelados (spot 765.62)
════════════════════════════════════════════════════════════
🔔 2026-08-20 11:51:35 | RIESGO | BAG no cerró (2 pata/s viva/s) — cierre por patas al MID
════════════════════════════════════════════════════════════
════════════════════════════════════════════════════════════
🔔 2026-08-20 11:51:36 | ORDEN | CIERRE MERCADO SPY C 771 x1
════════════════════════════════════════════════════════════
════════════════════════════════════════════════════════════
🔔 2026-08-20 11:51:44 | ORDEN | CIERRE MERCADO SPY C 767 x1
════════════════════════════════════════════════════════════
  11:51:18 C a4 mny -1 -> C 0.360 en  6.6s (-7.7%) | V 0.410 en 16.1s FORZ | 5.0$
════════════════════════════════════════════════════════════
🔔 2026-08-20 11:51:54 | ORDEN | COMPRA VERTICAL SPY P L=765/S=761 x1 débito<=0.53
════════════════════════════════════════════════════════════
2026-08-20 11:52:01 | DATA   | cadena 20260820: 14 contratos (ITM+OTM C/P) capturados y cancelados (spot 765.62)
════════════════════════════════════════════════════════════
🔔 2026-08-20 11:52:04 | RIESGO | BAG no cerró (2 pata/s viva/s) — cierre por patas al MID
════════════════════════════════════════════════════════════
════════════════════════════════════════════════════════════
🔔 2026-08-20 11:52:04 | ORDEN | CIERRE MERCADO SPY P 761 x1
════════════════════════════════════════════════════════════
════════════════════════════════════════════════════════════
🔔 2026-08-20 11:52:12 | ORDEN | CIERRE MERCADO SPY P 765 x1
════════════════════════════════════════════════════════════
  11:51:52 P a4 mny -1 -> C 0.530 en  2.0s (-14.5%) | V 0.480 en 16.7s FORZ | -5.0$
2026-08-20 11:52:26 | DATA   | cadena 20260820: 98 contratos (ITM+OTM C/P) capturados y cancelados (spot 765.92)
2026-08-20 11:52:33 | DATA   | cadena 20260820: 98 contratos (ITM+OTM C/P) capturados y cancelados (spot 765.92)
2026-08-20 11:52:40 | DATA   | cadena 20260820: 98 contratos (ITM+OTM C/P) capturados y cancelados (spot 765.92)
2026-08-20 11:52:48 | DATA   | cadena 20260820: 98 contratos (ITM+OTM C/P) capturados y cancelados (spot 765.92)
════════════════════════════════════════════════════════════
🔔 2026-08-20 11:52:54 | ORDEN | COMPRA VERTICAL SPY P L=766/S=763 x1 débito<=0.82
════════════════════════════════════════════════════════════
2026-08-20 11:53:05 | DATA   | cadena 20260820: 14 contratos (ITM+OTM C/P) capturados y cancelados (spot 765.92)
════════════════════════════════════════════════════════════
🔔 2026-08-20 11:53:10 | RIESGO | BAG no cerró (2 pata/s viva/s) — cierre por patas al MID
════════════════════════════════════════════════════════════
════════════════════════════════════════════════════════════
🔔 2026-08-20 11:53:10 | ORDEN | CIERRE MERCADO SPY P 763 x1
════════════════════════════════════════════════════════════
════════════════════════════════════════════════════════════
🔔 2026-08-20 11:53:18 | ORDEN | CIERRE MERCADO SPY P 766 x1
════════════════════════════════════════════════════════════
  11:52:48 P a3 mny +0 -> C 0.820 en  7.1s (+3.8%) | V 0.830 en 16.1s FORZ | 1.0$
════════════════════════════════════════════════════════════
🔔 2026-08-20 11:53:29 | ORDEN | COMPRA VERTICAL SPY P L=766/S=762 x1 débito<=0.95
════════════════════════════════════════════════════════════
2026-08-20 11:53:34 | DATA   | cadena 20260820: 14 contratos (ITM+OTM C/P) capturados y cancelados (spot 765.92)
════════════════════════════════════════════════════════════
🔔 2026-08-20 11:53:38 | RIESGO | BAG no cerró (2 pata/s viva/s) — cierre por patas al MID
════════════════════════════════════════════════════════════
════════════════════════════════════════════════════════════
🔔 2026-08-20 11:53:38 | ORDEN | CIERRE MERCADO SPY P 762 x1
════════════════════════════════════════════════════════════
════════════════════════════════════════════════════════════
🔔 2026-08-20 11:53:46 | ORDEN | CIERRE MERCADO SPY P 766 x1
════════════════════════════════════════════════════════════
  11:53:26 P a4 mny +0 -> C 0.950 en  2.5s (+9.2%) | V 0.930 en 16.1s FORZ | -2.0$
════════════════════════════════════════════════════════════
🔔 2026-08-20 11:53:57 | ORDEN | COMPRA VERTICAL SPY C L=764/S=766 x1 débito<=1.31
════════════════════════════════════════════════════════════
  11:53:54 C a2 mny +2 -> NO_LLENA    (mid 1.350, spr 3.0%)
════════════════════════════════════════════════════════════
🔔 2026-08-20 11:54:21 | ORDEN | COMPRA VERTICAL SPY C L=763/S=765 x1 débito<=1.57
════════════════════════════════════════════════════════════
  11:54:19 C a2 mny +3 -> NO_LLENA    (mid 1.590, spr 2.5%)
════════════════════════════════════════════════════════════
🔔 2026-08-20 11:54:46 | ORDEN | COMPRA VERTICAL SPY C L=763/S=766 x1 débito<=2.19
════════════════════════════════════════════════════════════
2026-08-20 11:55:09 | DATA   | cadena 20260820: 14 contratos (ITM+OTM C/P) capturados y cancelados (spot 765.92)
════════════════════════════════════════════════════════════
🔔 2026-08-20 11:55:13 | RIESGO | BAG no cerró (2 pata/s viva/s) — cierre por patas al MID
════════════════════════════════════════════════════════════
════════════════════════════════════════════════════════════
🔔 2026-08-20 11:55:13 | ORDEN | CIERRE MERCADO SPY C 766 x1
════════════════════════════════════════════════════════════
════════════════════════════════════════════════════════════
🔔 2026-08-20 11:55:21 | ORDEN | CIERRE MERCADO SPY C 763 x1
════════════════════════════════════════════════════════════
  11:54:43 C a3 mny +3 -> C 2.190 en 18.7s (-0.5%) | V 2.130 en 16.1s FORZ | -6.0$
════════════════════════════════════════════════════════════
🔔 2026-08-20 11:55:32 | ORDEN | COMPRA VERTICAL SPY C L=761/S=763 x1 débito<=1.91
════════════════════════════════════════════════════════════
  11:55:29 C a2 mny +5 -> NO_LLENA    (mid 1.920, spr 13.5%)
2026-08-20 11:55:59 | DATA   | cadena 20260820: 98 contratos (ITM+OTM C/P) capturados y cancelados (spot 765.85)
2026-08-20 11:56:07 | DATA   | cadena 20260820: 98 contratos (ITM+OTM C/P) capturados y cancelados (spot 765.85)
════════════════════════════════════════════════════════════
🔔 2026-08-20 11:56:16 | ORDEN | COMPRA VERTICAL SPY C L=761/S=764 x1 débito<=2.77
════════════════════════════════════════════════════════════
  11:56:07 C a3 mny +5 -> NO_LLENA    (mid 2.740, spr 6.6%)
════════════════════════════════════════════════════════════
🔔 2026-08-20 11:56:40 | ORDEN | COMPRA VERTICAL SPY C L=756/S=758 x1 débito<=1.98
════════════════════════════════════════════════════════════
  11:56:37 C a2 mny+10 -> NO_LLENA    (mid 1.990, spr 19.1%)
════════════════════════════════════════════════════════════
🔔 2026-08-20 11:57:05 | ORDEN | COMPRA VERTICAL SPY C L=756/S=759 x1 débito<=2.99
════════════════════════════════════════════════════════════
  11:57:02 C a3 mny+10 -> NO_LLENA    (mid 2.985, spr 13.1%)
════════════════════════════════════════════════════════════
🔔 2026-08-20 11:57:29 | ORDEN | COMPRA VERTICAL SPY C L=756/S=760 x1 débito<=3.98
════════════════════════════════════════════════════════════
  11:57:26 C a4 mny+10 -> NO_LLENA    (mid 3.965, spr 9.3%)
════════════════════════════════════════════════════════════
🔔 2026-08-20 11:57:54 | ORDEN | COMPRA VERTICAL SPY C L=746/S=748 x1 débito<=2.00
════════════════════════════════════════════════════════════
  11:57:51 C a2 mny+20 -> NO_LLENA    (mid 2.000, spr 20.0%)
════════════════════════════════════════════════════════════
🔔 2026-08-20 11:58:19 | ORDEN | COMPRA VERTICAL SPY C L=746/S=749 x1 débito<=2.67
════════════════════════════════════════════════════════════
  11:58:16 C a3 mny+20 -> NO_LLENA    (mid 2.775, spr 34.2%)
2026-08-20 11:58:46 | DATA   | cadena 20260820: 98 contratos (ITM+OTM C/P) capturados y cancelados (spot 765.74)
2026-08-20 11:58:53 | DATA   | cadena 20260820: 98 contratos (ITM+OTM C/P) capturados y cancelados (spot 765.74)
════════════════════════════════════════════════════════════
🔔 2026-08-20 11:58:59 | ORDEN | COMPRA VERTICAL SPY C L=746/S=750 x1 débito<=4.01
════════════════════════════════════════════════════════════
  11:58:53 C a4 mny+20 -> NO_LLENA    (mid 3.975, spr 10.3%)
  -> pasada 5: 25 pruebas

═══ PASADA 6 — 11:59 ═══
2026-08-20 11:59:26 | DATA   | cadena 20260820: 98 contratos (ITM+OTM C/P) capturados y cancelados (spot 765.74)
2026-08-20 11:59:33 | DATA   | cadena 20260820: 98 contratos (ITM+OTM C/P) capturados y cancelados (spot 765.74)
════════════════════════════════════════════════════════════
🔔 2026-08-20 11:59:39 | ORDEN | COMPRA VERTICAL SPY P L=761/S=759 x1 débito<=0.04
════════════════════════════════════════════════════════════
  11:59:33 P a2 mny -5 -> NO_LLENA    (mid 0.040, spr 50.0%)
════════════════════════════════════════════════════════════
🔔 2026-08-20 12:00:05 | ORDEN | COMPRA VERTICAL SPY P L=761/S=758 x1 débito<=0.05
════════════════════════════════════════════════════════════
2026-08-20 12:00:15 | DATA   | cadena 20260820: 14 contratos (ITM+OTM C/P) capturados y cancelados (spot 765.74)
════════════════════════════════════════════════════════════
🔔 2026-08-20 12:00:42 | RIESGO | BAG no cerró (2 pata/s viva/s) — cierre por patas al MID
════════════════════════════════════════════════════════════
════════════════════════════════════════════════════════════
🔔 2026-08-20 12:00:42 | ORDEN | CIERRE MERCADO SPY P 758 x1
════════════════════════════════════════════════════════════
════════════════════════════════════════════════════════════
🔔 2026-08-20 12:00:51 | ORDEN | CIERRE MERCADO SPY P 761 x1
════════════════════════════════════════════════════════════
  12:00:01 P a3 mny -5 -> C 0.050 en  6.0s (-0.0%) | V 0.040 en 40.3s FORZ | -1.0$
════════════════════════════════════════════════════════════
🔔 2026-08-20 12:01:01 | ORDEN | COMPRA VERTICAL SPY P L=761/S=757 x1 débito<=0.05
════════════════════════════════════════════════════════════
  12:00:59 P a4 mny -5 -> NO_LLENA    (mid 0.050, spr 40.0%)
════════════════════════════════════════════════════════════
🔔 2026-08-20 12:01:26 | ORDEN | COMPRA VERTICAL SPY P L=763/S=761 x1 débito<=0.13
════════════════════════════════════════════════════════════
  12:01:23 P a2 mny -3 -> NO_LLENA    (mid 0.140, spr 14.3%)
════════════════════════════════════════════════════════════
🔔 2026-08-20 12:01:51 | ORDEN | COMPRA VERTICAL SPY P L=763/S=760 x1 débito<=0.18
════════════════════════════════════════════════════════════
  12:01:48 P a3 mny -3 -> NO_LLENA    (mid 0.170, spr 11.8%)
════════════════════════════════════════════════════════════
🔔 2026-08-20 12:02:15 | ORDEN | COMPRA VERTICAL SPY P L=763/S=759 x1 débito<=0.19
════════════════════════════════════════════════════════════
2026-08-20 12:02:23 | DATA   | cadena 20260820: 14 contratos (ITM+OTM C/P) capturados y cancelados (spot 765.74)
════════════════════════════════════════════════════════════
🔔 2026-08-20 12:02:50 | RIESGO | BAG no cerró (2 pata/s viva/s) — cierre por patas al MID
════════════════════════════════════════════════════════════
════════════════════════════════════════════════════════════
🔔 2026-08-20 12:02:50 | ORDEN | CIERRE MERCADO SPY P 759 x1
════════════════════════════════════════════════════════════
════════════════════════════════════════════════════════════
🔔 2026-08-20 12:02:58 | ORDEN | CIERRE MERCADO SPY P 763 x1
════════════════════════════════════════════════════════════
  12:02:12 P a4 mny -3 -> C 0.190 en  4.1s (+5.6%) | V 0.130 en 40.5s FORZ | -6.0$
2026-08-20 12:03:12 | DATA   | cadena 20260820: 98 contratos (ITM+OTM C/P) capturados y cancelados (spot 766.01)
════════════════════════════════════════════════════════════
🔔 2026-08-20 12:03:18 | ORDEN | COMPRA VERTICAL SPY C L=767/S=769 x1 débito<=0.39
════════════════════════════════════════════════════════════
2026-08-20 12:03:27 | DATA   | cadena 20260820: 14 contratos (ITM+OTM C/P) capturados y cancelados (spot 766.01)
════════════════════════════════════════════════════════════
🔔 2026-08-20 12:03:31 | RIESGO | BAG no cerró (2 pata/s viva/s) — cierre por patas al MID
════════════════════════════════════════════════════════════
════════════════════════════════════════════════════════════
🔔 2026-08-20 12:03:31 | ORDEN | CIERRE MERCADO SPY C 769 x1
════════════════════════════════════════════════════════════
════════════════════════════════════════════════════════════
🔔 2026-08-20 12:03:39 | ORDEN | CIERRE MERCADO SPY C 767 x1
════════════════════════════════════════════════════════════
  12:03:12 C a2 mny -1 -> C 0.390 en  5.6s (-2.5%) | V 0.380 en 16.1s FORZ | -1.0$
════════════════════════════════════════════════════════════
🔔 2026-08-20 12:03:50 | ORDEN | COMPRA VERTICAL SPY P L=765/S=763 x1 débito<=0.38
════════════════════════════════════════════════════════════
  12:03:47 P a2 mny -1 -> NO_LLENA    (mid 0.360, spr 5.6%)
════════════════════════════════════════════════════════════
🔔 2026-08-20 12:04:14 | ORDEN | COMPRA VERTICAL SPY C L=767/S=770 x1 débito<=0.39
════════════════════════════════════════════════════════════
2026-08-20 12:04:28 | DATA   | cadena 20260820: 14 contratos (ITM+OTM C/P) capturados y cancelados (spot 766.01)
════════════════════════════════════════════════════════════
🔔 2026-08-20 12:04:31 | RIESGO | BAG no cerró (2 pata/s viva/s) — cierre por patas al MID
════════════════════════════════════════════════════════════
════════════════════════════════════════════════════════════
🔔 2026-08-20 12:04:32 | ORDEN | CIERRE MERCADO SPY C 770 x1
════════════════════════════════════════════════════════════
════════════════════════════════════════════════════════════
🔔 2026-08-20 12:04:40 | ORDEN | CIERRE MERCADO SPY C 767 x1
════════════════════════════════════════════════════════════
  12:04:11 C a3 mny -1 -> C 0.390 en 10.6s (-13.3%) | V 0.350 en 16.1s FORZ | -4.0$
════════════════════════════════════════════════════════════
🔔 2026-08-20 12:04:50 | ORDEN | COMPRA VERTICAL SPY P L=765/S=762 x1 débito<=0.54
════════════════════════════════════════════════════════════
  12:04:48 P a3 mny -1 -> NO_LLENA    (mid 0.430, spr 4.7%)
════════════════════════════════════════════════════════════
🔔 2026-08-20 12:05:16 | ORDEN | COMPRA VERTICAL SPY P L=765/S=761 x1 débito<=0.52
════════════════════════════════════════════════════════════
2026-08-20 12:05:21 | DATA   | cadena 20260820: 14 contratos (ITM+OTM C/P) capturados y cancelados (spot 766.01)
════════════════════════════════════════════════════════════
🔔 2026-08-20 12:05:24 | RIESGO | BAG no cerró (3 pata/s viva/s) — cierre por patas al MID
════════════════════════════════════════════════════════════
════════════════════════════════════════════════════════════
🔔 2026-08-20 12:05:24 | ORDEN | CIERRE MERCADO SPY P 762 x1
════════════════════════════════════════════════════════════
════════════════════════════════════════════════════════════
🔔 2026-08-20 12:05:32 | ORDEN | CIERRE MERCADO SPY P 761 x1
════════════════════════════════════════════════════════════
════════════════════════════════════════════════════════════
🔔 2026-08-20 12:05:40 | ORDEN | CIERRE MERCADO SPY P 765 x2
════════════════════════════════════════════════════════════
  12:05:12 P a4 mny -1 -> C 0.520 en  1.0s (+10.6%) | V 0.580 en 24.2s FORZ | 6.0$
════════════════════════════════════════════════════════════
🔔 2026-08-20 12:05:51 | ORDEN | COMPRA VERTICAL SPY C L=766/S=768 x1 débito<=0.59
════════════════════════════════════════════════════════════
2026-08-20 12:05:57 | DATA   | cadena 20260820: 14 contratos (ITM+OTM C/P) capturados y cancelados (spot 766.01)
════════════════════════════════════════════════════════════
🔔 2026-08-20 12:06:24 | RIESGO | BAG no cerró (2 pata/s viva/s) — cierre por patas al MID
════════════════════════════════════════════════════════════
════════════════════════════════════════════════════════════
🔔 2026-08-20 12:06:24 | ORDEN | CIERRE MERCADO SPY C 768 x1
════════════════════════════════════════════════════════════
════════════════════════════════════════════════════════════
🔔 2026-08-20 12:06:33 | ORDEN | CIERRE MERCADO SPY C 766 x1
════════════════════════════════════════════════════════════
  12:05:48 C a2 mny +0 -> C 0.590 en  2.5s (-18.1%) | V 0.550 en 40.4s FORZ | -4.0$
2026-08-20 12:06:46 | DATA   | cadena 20260820: 98 contratos (ITM+OTM C/P) capturados y cancelados (spot 765.59)
2026-08-20 12:06:53 | DATA   | cadena 20260820: 98 contratos (ITM+OTM C/P) capturados y cancelados (spot 765.59)
2026-08-20 12:07:01 | DATA   | cadena 20260820: 98 contratos (ITM+OTM C/P) capturados y cancelados (spot 765.59)
2026-08-20 12:07:09 | DATA   | cadena 20260820: 98 contratos (ITM+OTM C/P) capturados y cancelados (spot 765.59)
2026-08-20 12:07:18 | DATA   | cadena 20260820: 98 contratos (ITM+OTM C/P) capturados y cancelados (spot 765.68)
2026-08-20 12:07:25 | DATA   | cadena 20260820: 98 contratos (ITM+OTM C/P) capturados y cancelados (spot 765.68)
2026-08-20 12:07:33 | DATA   | cadena 20260820: 98 contratos (ITM+OTM C/P) capturados y cancelados (spot 765.68)
2026-08-20 12:07:40 | DATA   | cadena 20260820: 98 contratos (ITM+OTM C/P) capturados y cancelados (spot 765.68)
2026-08-20 12:07:48 | DATA   | cadena 20260820: 98 contratos (ITM+OTM C/P) capturados y cancelados (spot 765.68)
2026-08-20 12:07:55 | DATA   | cadena 20260820: 98 contratos (ITM+OTM C/P) capturados y cancelados (spot 765.68)
2026-08-20 12:08:02 | DATA   | cadena 20260820: 98 contratos (ITM+OTM C/P) capturados y cancelados (spot 765.68)
2026-08-20 12:08:11 | DATA   | cadena 20260820: 98 contratos (ITM+OTM C/P) capturados y cancelados (spot 765.68)
2026-08-20 12:08:20 | DATA   | cadena 20260820: 98 contratos (ITM+OTM C/P) capturados y cancelados (spot 765.61)
2026-08-20 12:08:27 | DATA   | cadena 20260820: 98 contratos (ITM+OTM C/P) capturados y cancelados (spot 765.61)
2026-08-20 12:08:35 | DATA   | cadena 20260820: 98 contratos (ITM+OTM C/P) capturados y cancelados (spot 765.61)
2026-08-20 12:08:42 | DATA   | cadena 20260820: 98 contratos (ITM+OTM C/P) capturados y cancelados (spot 765.61)
2026-08-20 12:08:49 | DATA   | cadena 20260820: 98 contratos (ITM+OTM C/P) capturados y cancelados (spot 765.61)
2026-08-20 12:08:57 | DATA   | cadena 20260820: 98 contratos (ITM+OTM C/P) capturados y cancelados (spot 765.61)
════════════════════════════════════════════════════════════
🔔 2026-08-20 12:09:03 | ORDEN | COMPRA VERTICAL SPY C L=763/S=765 x1 débito<=1.61
════════════════════════════════════════════════════════════
  12:08:57 C a2 mny +3 -> NO_LLENA    (mid 1.620, spr 2.5%)
════════════════════════════════════════════════════════════
🔔 2026-08-20 12:09:27 | ORDEN | COMPRA VERTICAL SPY C L=761/S=763 x1 débito<=1.90
════════════════════════════════════════════════════════════
  12:09:24 C a2 mny +5 -> NO_LLENA    (mid 1.875, spr 5.9%)
════════════════════════════════════════════════════════════
🔔 2026-08-20 12:09:52 | ORDEN | COMPRA VERTICAL SPY C L=761/S=764 x1 débito<=2.76
════════════════════════════════════════════════════════════
  12:09:49 C a3 mny +5 -> NO_LLENA    (mid 2.735, spr 4.0%)
════════════════════════════════════════════════════════════
🔔 2026-08-20 12:10:16 | ORDEN | COMPRA VERTICAL SPY C L=761/S=765 x1 débito<=3.49
════════════════════════════════════════════════════════════
  12:10:14 C a4 mny +5 -> NO_LLENA    (mid 3.495, spr 2.6%)
════════════════════════════════════════════════════════════
🔔 2026-08-20 12:10:41 | ORDEN | COMPRA VERTICAL SPY C L=756/S=758 x1 débito<=1.98
════════════════════════════════════════════════════════════
  12:10:38 C a2 mny+10 -> NO_LLENA    (mid 1.985, spr 22.7%)
════════════════════════════════════════════════════════════
🔔 2026-08-20 12:11:06 | ORDEN | COMPRA VERTICAL SPY C L=756/S=759 x1 débito<=2.99
════════════════════════════════════════════════════════════
  12:11:03 C a3 mny+10 -> NO_LLENA    (mid 2.980, spr 14.1%)
2026-08-20 12:11:33 | DATA   | cadena 20260820: 98 contratos (ITM+OTM C/P) capturados y cancelados (spot 765.86)
2026-08-20 12:11:40 | DATA   | cadena 20260820: 98 contratos (ITM+OTM C/P) capturados y cancelados (spot 765.86)
════════════════════════════════════════════════════════════
🔔 2026-08-20 12:11:46 | ORDEN | COMPRA VERTICAL SPY C L=756/S=760 x1 débito<=3.98
════════════════════════════════════════════════════════════
  12:11:40 C a4 mny+10 -> NO_LLENA    (mid 3.965, spr 8.8%)
════════════════════════════════════════════════════════════
🔔 2026-08-20 12:12:12 | ORDEN | COMPRA VERTICAL SPY C L=746/S=748 x1 débito<=2.02
════════════════════════════════════════════════════════════
  12:12:08 C a2 mny+20 -> NO_LLENA    (mid 2.010, spr 18.9%)
════════════════════════════════════════════════════════════
🔔 2026-08-20 12:12:36 | ORDEN | COMPRA VERTICAL SPY C L=746/S=749 x1 débito<=3.13
════════════════════════════════════════════════════════════
  12:12:33 C a3 mny+20 -> NO_LLENA    (mid 3.245, spr 78.0%)
════════════════════════════════════════════════════════════
🔔 2026-08-20 12:13:01 | ORDEN | COMPRA VERTICAL SPY C L=746/S=750 x1 débito<=4.00
════════════════════════════════════════════════════════════
  12:12:58 C a4 mny+20 -> NO_LLENA    (mid 4.000, spr 9.0%)
  -> pasada 6: 22 pruebas

═══ PASADA 7 — 12:13 ═══
2026-08-20 12:13:28 | DATA   | cadena 20260820: 98 contratos (ITM+OTM C/P) capturados y cancelados (spot 765.77)
════════════════════════════════════════════════════════════
🔔 2026-08-20 12:13:34 | ORDEN | COMPRA VERTICAL SPY C L=771/S=773 x1 débito<=0.03
════════════════════════════════════════════════════════════
2026-08-20 12:13:38 | DATA   | cadena 20260820: 14 contratos (ITM+OTM C/P) capturados y cancelados (spot 765.77)
════════════════════════════════════════════════════════════
🔔 2026-08-20 12:13:41 | RIESGO | BAG no cerró (2 pata/s viva/s) — cierre por patas al MID
════════════════════════════════════════════════════════════
════════════════════════════════════════════════════════════
🔔 2026-08-20 12:13:41 | ORDEN | CIERRE MERCADO SPY C 773 x1
════════════════════════════════════════════════════════════
════════════════════════════════════════════════════════════
🔔 2026-08-20 12:13:49 | ORDEN | CIERRE MERCADO SPY C 771 x1
════════════════════════════════════════════════════════════
  12:13:28 C a2 mny -5 -> C 0.030 en  0.5s (+50.0%) | V 0.010 en 16.1s FORZ | -2.0$
════════════════════════════════════════════════════════════
🔔 2026-08-20 12:14:00 | ORDEN | COMPRA VERTICAL SPY P L=761/S=759 x1 débito<=0.03
════════════════════════════════════════════════════════════
  12:13:57 P a2 mny -5 -> NO_LLENA    (mid 0.030, spr 66.7%)
════════════════════════════════════════════════════════════
🔔 2026-08-20 12:14:25 | ORDEN | COMPRA VERTICAL SPY C L=771/S=774 x1 débito<=0.02
════════════════════════════════════════════════════════════
  12:14:22 C a3 mny -5 -> NO_LLENA    (mid 0.020, spr 100.0%)
════════════════════════════════════════════════════════════
🔔 2026-08-20 12:14:49 | ORDEN | COMPRA VERTICAL SPY P L=761/S=758 x1 débito<=0.04
════════════════════════════════════════════════════════════
  12:14:46 P a3 mny -5 -> NO_LLENA    (mid 0.040, spr 50.0%)
════════════════════════════════════════════════════════════
🔔 2026-08-20 12:15:14 | ORDEN | COMPRA VERTICAL SPY C L=771/S=775 x1 débito<=0.02
════════════════════════════════════════════════════════════
  12:15:11 C a4 mny -5 -> NO_LLENA    (mid 0.020, spr 100.0%)
════════════════════════════════════════════════════════════
🔔 2026-08-20 12:15:38 | ORDEN | COMPRA VERTICAL SPY P L=761/S=757 x1 débito<=0.04
════════════════════════════════════════════════════════════
  12:15:36 P a4 mny -5 -> NO_LLENA    (mid 0.040, spr 50.0%)
2026-08-20 12:16:05 | DATA   | cadena 20260820: 98 contratos (ITM+OTM C/P) capturados y cancelados (spot 765.51)
2026-08-20 12:16:16 | DATA   | cadena 20260820: 98 contratos (ITM+OTM C/P) capturados y cancelados (spot 765.54)
════════════════════════════════════════════════════════════
🔔 2026-08-20 12:16:22 | ORDEN | COMPRA VERTICAL SPY P L=763/S=761 x1 débito<=0.14
════════════════════════════════════════════════════════════
  12:16:16 P a2 mny -3 -> NO_LLENA    (mid 0.140, spr 14.3%)
════════════════════════════════════════════════════════════
🔔 2026-08-20 12:16:46 | ORDEN | COMPRA VERTICAL SPY P L=763/S=760 x1 débito<=0.17
════════════════════════════════════════════════════════════
2026-08-20 12:16:59 | DATA   | cadena 20260820: 14 contratos (ITM+OTM C/P) capturados y cancelados (spot 765.54)
════════════════════════════════════════════════════════════
🔔 2026-08-20 12:17:26 | RIESGO | BAG no cerró (2 pata/s viva/s) — cierre por patas al MID
════════════════════════════════════════════════════════════
════════════════════════════════════════════════════════════
🔔 2026-08-20 12:17:26 | ORDEN | CIERRE MERCADO SPY P 760 x1
════════════════════════════════════════════════════════════
════════════════════════════════════════════════════════════
🔔 2026-08-20 12:17:35 | ORDEN | CIERRE MERCADO SPY P 763 x1
════════════════════════════════════════════════════════════
  12:16:44 P a3 mny -3 -> C 0.170 en  8.1s (+6.2%) | V 0.150 en 40.5s FORZ | -2.0$
════════════════════════════════════════════════════════════
🔔 2026-08-20 12:17:45 | ORDEN | COMPRA VERTICAL SPY P L=763/S=759 x1 débito<=0.17
════════════════════════════════════════════════════════════
2026-08-20 12:17:50 | DATA   | cadena 20260820: 14 contratos (ITM+OTM C/P) capturados y cancelados (spot 765.54)
════════════════════════════════════════════════════════════
🔔 2026-08-20 12:18:18 | RIESGO | BAG no cerró (2 pata/s viva/s) — cierre por patas al MID
════════════════════════════════════════════════════════════
════════════════════════════════════════════════════════════
🔔 2026-08-20 12:18:18 | ORDEN | CIERRE MERCADO SPY P 759 x1
════════════════════════════════════════════════════════════
════════════════════════════════════════════════════════════
🔔 2026-08-20 12:18:26 | ORDEN | CIERRE MERCADO SPY P 763 x1
════════════════════════════════════════════════════════════
  12:17:43 P a4 mny -3 -> C 0.170 en  1.0s (+0.0%) | V 0.160 en 40.5s FORZ | -1.0$
════════════════════════════════════════════════════════════
🔔 2026-08-20 12:18:37 | ORDEN | COMPRA VERTICAL SPY P L=765/S=763 x1 débito<=0.45
════════════════════════════════════════════════════════════
2026-08-20 12:18:41 | DATA   | cadena 20260820: 14 contratos (ITM+OTM C/P) capturados y cancelados (spot 765.54)
════════════════════════════════════════════════════════════
🔔 2026-08-20 12:18:45 | RIESGO | BAG no cerró (2 pata/s viva/s) — cierre por patas al MID
════════════════════════════════════════════════════════════
════════════════════════════════════════════════════════════
🔔 2026-08-20 12:18:45 | ORDEN | CIERRE MERCADO SPY P 763 x1
════════════════════════════════════════════════════════════
════════════════════════════════════════════════════════════
🔔 2026-08-20 12:18:53 | ORDEN | CIERRE MERCADO SPY P 765 x1
════════════════════════════════════════════════════════════
  12:18:34 P a2 mny -1 -> C 0.450 en  1.0s (-2.2%) | V 0.430 en 16.1s FORZ | -2.0$
════════════════════════════════════════════════════════════
🔔 2026-08-20 12:19:05 | ORDEN | COMPRA VERTICAL SPY P L=765/S=762 x1 débito<=0.53
════════════════════════════════════════════════════════════
2026-08-20 12:19:11 | DATA   | cadena 20260820: 14 contratos (ITM+OTM C/P) capturados y cancelados (spot 765.54)
════════════════════════════════════════════════════════════
🔔 2026-08-20 12:19:14 | RIESGO | BAG no cerró (2 pata/s viva/s) — cierre por patas al MID
════════════════════════════════════════════════════════════
════════════════════════════════════════════════════════════
🔔 2026-08-20 12:19:14 | ORDEN | CIERRE MERCADO SPY P 762 x1
════════════════════════════════════════════════════════════
════════════════════════════════════════════════════════════
🔔 2026-08-20 12:19:22 | ORDEN | CIERRE MERCADO SPY P 765 x1
════════════════════════════════════════════════════════════
  12:19:01 P a3 mny -1 -> C 0.530 en  2.0s (-3.6%) | V 0.500 en 16.2s FORZ | -3.0$
════════════════════════════════════════════════════════════
🔔 2026-08-20 12:19:33 | ORDEN | COMPRA VERTICAL SPY P L=765/S=761 x1 débito<=0.56
════════════════════════════════════════════════════════════
2026-08-20 12:19:45 | DATA   | cadena 20260820: 14 contratos (ITM+OTM C/P) capturados y cancelados (spot 765.54)
════════════════════════════════════════════════════════════
🔔 2026-08-20 12:19:49 | RIESGO | BAG no cerró (2 pata/s viva/s) — cierre por patas al MID
════════════════════════════════════════════════════════════
════════════════════════════════════════════════════════════
🔔 2026-08-20 12:19:49 | ORDEN | CIERRE MERCADO SPY P 761 x1
════════════════════════════════════════════════════════════
════════════════════════════════════════════════════════════
🔔 2026-08-20 12:19:57 | ORDEN | CIERRE MERCADO SPY P 765 x1
════════════════════════════════════════════════════════════
  12:19:30 P a4 mny -1 -> C 0.560 en  8.6s (-6.7%) | V 0.540 en 16.1s FORZ | -2.0$
2026-08-20 12:20:11 | DATA   | cadena 20260820: 98 contratos (ITM+OTM C/P) capturados y cancelados (spot 765.61)
2026-08-20 12:20:19 | DATA   | cadena 20260820: 98 contratos (ITM+OTM C/P) capturados y cancelados (spot 765.61)
════════════════════════════════════════════════════════════
🔔 2026-08-20 12:20:25 | ORDEN | COMPRA VERTICAL SPY P L=766/S=764 x1 débito<=0.74
════════════════════════════════════════════════════════════
2026-08-20 12:20:29 | DATA   | cadena 20260820: 14 contratos (ITM+OTM C/P) capturados y cancelados (spot 765.61)
════════════════════════════════════════════════════════════
🔔 2026-08-20 12:20:32 | RIESGO | BAG no cerró (2 pata/s viva/s) — cierre por patas al MID
════════════════════════════════════════════════════════════
════════════════════════════════════════════════════════════
🔔 2026-08-20 12:20:33 | ORDEN | CIERRE MERCADO SPY P 764 x1
════════════════════════════════════════════════════════════
════════════════════════════════════════════════════════════
🔔 2026-08-20 12:20:41 | ORDEN | CIERRE MERCADO SPY P 766 x1
════════════════════════════════════════════════════════════
  12:20:19 P a2 mny +0 -> C 0.740 en  1.0s (+0.0%) | V 0.760 en 16.1s FORZ | 2.0$
════════════════════════════════════════════════════════════
🔔 2026-08-20 12:20:51 | ORDEN | COMPRA VERTICAL SPY P L=766/S=763 x1 débito<=0.91
════════════════════════════════════════════════════════════
2026-08-20 12:20:59 | DATA   | cadena 20260820: 14 contratos (ITM+OTM C/P) capturados y cancelados (spot 765.61)
════════════════════════════════════════════════════════════
🔔 2026-08-20 12:21:03 | RIESGO | BAG no cerró (2 pata/s viva/s) — cierre por patas al MID
════════════════════════════════════════════════════════════
════════════════════════════════════════════════════════════
🔔 2026-08-20 12:21:03 | ORDEN | CIERRE MERCADO SPY P 763 x1
════════════════════════════════════════════════════════════
════════════════════════════════════════════════════════════
🔔 2026-08-20 12:21:11 | ORDEN | CIERRE MERCADO SPY P 766 x1
════════════════════════════════════════════════════════════
  12:20:49 P a3 mny +0 -> C 0.910 en  4.6s (+0.0%) | V 0.900 en 16.7s FORZ | -1.0$
════════════════════════════════════════════════════════════
🔔 2026-08-20 12:21:22 | ORDEN | COMPRA VERTICAL SPY P L=766/S=762 x1 débito<=1.01
════════════════════════════════════════════════════════════
2026-08-20 12:21:26 | DATA   | cadena 20260820: 14 contratos (ITM+OTM C/P) capturados y cancelados (spot 765.61)
════════════════════════════════════════════════════════════
🔔 2026-08-20 12:21:30 | RIESGO | BAG no cerró (2 pata/s viva/s) — cierre por patas al MID
════════════════════════════════════════════════════════════
════════════════════════════════════════════════════════════
🔔 2026-08-20 12:21:30 | ORDEN | CIERRE MERCADO SPY P 762 x1
════════════════════════════════════════════════════════════
════════════════════════════════════════════════════════════
🔔 2026-08-20 12:21:38 | ORDEN | CIERRE MERCADO SPY P 766 x1
════════════════════════════════════════════════════════════
  12:21:19 P a4 mny +0 -> C 1.010 en  1.0s (+1.0%) | V 0.940 en 16.1s FORZ | -7.0$
════════════════════════════════════════════════════════════
🔔 2026-08-20 12:21:49 | ORDEN | COMPRA VERTICAL SPY C L=763/S=765 x1 débito<=1.56
════════════════════════════════════════════════════════════
  12:21:46 C a2 mny +3 -> NO_LLENA    (mid 1.545, spr 1.9%)
════════════════════════════════════════════════════════════
🔔 2026-08-20 12:22:13 | ORDEN | COMPRA VERTICAL SPY C L=761/S=763 x1 débito<=1.87
════════════════════════════════════════════════════════════
  12:22:10 C a2 mny +5 -> NO_LLENA    (mid 1.885, spr 10.1%)
════════════════════════════════════════════════════════════
🔔 2026-08-20 12:22:38 | ORDEN | COMPRA VERTICAL SPY C L=761/S=764 x1 débito<=2.73
════════════════════════════════════════════════════════════
  12:22:35 C a3 mny +5 -> NO_LLENA    (mid 2.720, spr 7.4%)
2026-08-20 12:23:04 | DATA   | cadena 20260820: 98 contratos (ITM+OTM C/P) capturados y cancelados (spot 765.65)
2026-08-20 12:23:15 | DATA   | cadena 20260820: 98 contratos (ITM+OTM C/P) capturados y cancelados (spot 765.54)
════════════════════════════════════════════════════════════
🔔 2026-08-20 12:23:21 | ORDEN | COMPRA VERTICAL SPY C L=761/S=765 x1 débito<=3.46
════════════════════════════════════════════════════════════
  12:23:15 C a4 mny +5 -> NO_LLENA    (mid 3.480, spr 4.0%)
════════════════════════════════════════════════════════════
🔔 2026-08-20 12:23:45 | ORDEN | COMPRA VERTICAL SPY C L=756/S=758 x1 débito<=2.02
════════════════════════════════════════════════════════════
  12:23:42 C a2 mny+10 -> NO_LLENA    (mid 1.985, spr 17.6%)
════════════════════════════════════════════════════════════
🔔 2026-08-20 12:24:11 | ORDEN | COMPRA VERTICAL SPY C L=756/S=759 x1 débito<=2.99
════════════════════════════════════════════════════════════
  12:24:07 C a3 mny+10 -> NO_LLENA    (mid 2.985, spr 11.7%)
════════════════════════════════════════════════════════════
🔔 2026-08-20 12:24:35 | ORDEN | COMPRA VERTICAL SPY C L=756/S=760 x1 débito<=3.91
════════════════════════════════════════════════════════════
  12:24:32 C a4 mny+10 -> NO_LLENA    (mid 3.965, spr 7.8%)
════════════════════════════════════════════════════════════
🔔 2026-08-20 12:25:00 | ORDEN | COMPRA VERTICAL SPY C L=746/S=748 x1 débito<=2.00
════════════════════════════════════════════════════════════
  12:24:57 C a2 mny+20 -> NO_LLENA    (mid 1.995, spr 19.5%)
════════════════════════════════════════════════════════════
🔔 2026-08-20 12:25:25 | ORDEN | COMPRA VERTICAL SPY C L=746/S=749 x1 débito<=3.02
════════════════════════════════════════════════════════════
  12:25:22 C a3 mny+20 -> NO_LLENA    (mid 2.990, spr 12.0%)
2026-08-20 12:25:51 | DATA   | cadena 20260820: 98 contratos (ITM+OTM C/P) capturados y cancelados (spot 765.93)
2026-08-20 12:25:59 | DATA   | cadena 20260820: 98 contratos (ITM+OTM C/P) capturados y cancelados (spot 765.93)
════════════════════════════════════════════════════════════
🔔 2026-08-20 12:26:05 | ORDEN | COMPRA VERTICAL SPY C L=746/S=750 x1 débito<=4.00
════════════════════════════════════════════════════════════
  12:25:59 C a4 mny+20 -> NO_LLENA    (mid 4.000, spr 9.5%)
  -> pasada 7: 25 pruebas

═══ PASADA 8 — 12:26 ═══
2026-08-20 12:26:32 | DATA   | cadena 20260820: 98 contratos (ITM+OTM C/P) capturados y cancelados (spot 765.99)
2026-08-20 12:26:39 | DATA   | cadena 20260820: 98 contratos (ITM+OTM C/P) capturados y cancelados (spot 765.99)
════════════════════════════════════════════════════════════
🔔 2026-08-20 12:26:45 | ORDEN | COMPRA VERTICAL SPY P L=761/S=759 x1 débito<=0.03
════════════════════════════════════════════════════════════
  12:26:39 P a2 mny -5 -> NO_LLENA    (mid 0.030, spr 66.7%)
════════════════════════════════════════════════════════════
🔔 2026-08-20 12:27:11 | ORDEN | COMPRA VERTICAL SPY P L=761/S=758 x1 débito<=0.03
════════════════════════════════════════════════════════════
  12:27:07 P a3 mny -5 -> NO_LLENA    (mid 0.030, spr 66.7%)
════════════════════════════════════════════════════════════
🔔 2026-08-20 12:27:35 | ORDEN | COMPRA VERTICAL SPY P L=761/S=757 x1 débito<=0.04
════════════════════════════════════════════════════════════
2026-08-20 12:27:40 | DATA   | cadena 20260820: 14 contratos (ITM+OTM C/P) capturados y cancelados (spot 765.99)
════════════════════════════════════════════════════════════
🔔 2026-08-20 12:27:43 | RIESGO | BAG no cerró (2 pata/s viva/s) — cierre por patas al MID
════════════════════════════════════════════════════════════
════════════════════════════════════════════════════════════
🔔 2026-08-20 12:27:43 | ORDEN | CIERRE MERCADO SPY P 757 x1
════════════════════════════════════════════════════════════
════════════════════════════════════════════════════════════
🔔 2026-08-20 12:27:52 | ORDEN | CIERRE MERCADO SPY P 761 x1
════════════════════════════════════════════════════════════
  12:27:33 P a4 mny -5 -> C 0.040 en  0.5s (+33.3%) | V 0.020 en 16.1s FORZ | -2.0$
════════════════════════════════════════════════════════════
🔔 2026-08-20 12:28:03 | ORDEN | COMPRA VERTICAL SPY P L=763/S=761 x1 débito<=0.10
════════════════════════════════════════════════════════════
  12:28:00 P a2 mny -3 -> NO_LLENA    (mid 0.090, spr 22.2%)
════════════════════════════════════════════════════════════
🔔 2026-08-20 12:28:28 | ORDEN | COMPRA VERTICAL SPY P L=763/S=760 x1 débito<=0.13
════════════════════════════════════════════════════════════
2026-08-20 12:28:35 | DATA   | cadena 20260820: 14 contratos (ITM+OTM C/P) capturados y cancelados (spot 765.99)
════════════════════════════════════════════════════════════
🔔 2026-08-20 12:29:02 | RIESGO | BAG no cerró (2 pata/s viva/s) — cierre por patas al MID
════════════════════════════════════════════════════════════
════════════════════════════════════════════════════════════
🔔 2026-08-20 12:29:03 | ORDEN | CIERRE MERCADO SPY P 760 x1
════════════════════════════════════════════════════════════
════════════════════════════════════════════════════════════
🔔 2026-08-20 12:29:11 | ORDEN | CIERRE MERCADO SPY P 763 x1
════════════════════════════════════════════════════════════
  12:28:25 P a3 mny -3 -> C 0.130 en  3.0s (+18.2%) | V 0.110 en 41.4s FORZ | -2.0$
════════════════════════════════════════════════════════════
🔔 2026-08-20 12:29:22 | ORDEN | COMPRA VERTICAL SPY P L=763/S=759 x1 débito<=0.12
════════════════════════════════════════════════════════════
  12:29:19 P a4 mny -3 -> NO_LLENA    (mid 0.120, spr 16.7%)
2026-08-20 12:29:49 | DATA   | cadena 20260820: 98 contratos (ITM+OTM C/P) capturados y cancelados (spot 765.80)
2026-08-20 12:29:56 | DATA   | cadena 20260820: 98 contratos (ITM+OTM C/P) capturados y cancelados (spot 765.80)
2026-08-20 12:30:04 | DATA   | cadena 20260820: 98 contratos (ITM+OTM C/P) capturados y cancelados (spot 765.80)
2026-08-20 12:30:13 | DATA   | cadena 20260820: 98 contratos (ITM+OTM C/P) capturados y cancelados (spot 765.75)
2026-08-20 12:30:21 | DATA   | cadena 20260820: 98 contratos (ITM+OTM C/P) capturados y cancelados (spot 765.75)
2026-08-20 12:30:29 | DATA   | cadena 20260820: 98 contratos (ITM+OTM C/P) capturados y cancelados (spot 765.75)
2026-08-20 12:30:36 | DATA   | cadena 20260820: 98 contratos (ITM+OTM C/P) capturados y cancelados (spot 765.75)
════════════════════════════════════════════════════════════
🔔 2026-08-20 12:30:42 | ORDEN | COMPRA VERTICAL SPY C L=766/S=768 x1 débito<=0.47
════════════════════════════════════════════════════════════
2026-08-20 12:30:52 | DATA   | cadena 20260820: 14 contratos (ITM+OTM C/P) capturados y cancelados (spot 765.75)
════════════════════════════════════════════════════════════
🔔 2026-08-20 12:31:20 | RIESGO | BAG no cerró (2 pata/s viva/s) — cierre por patas al MID
════════════════════════════════════════════════════════════
════════════════════════════════════════════════════════════
🔔 2026-08-20 12:31:20 | ORDEN | CIERRE MERCADO SPY C 768 x1
════════════════════════════════════════════════════════════
════════════════════════════════════════════════════════════
🔔 2026-08-20 12:31:28 | ORDEN | CIERRE MERCADO SPY C 766 x1
════════════════════════════════════════════════════════════
  12:30:36 C a2 mny +0 -> C 0.470 en  6.1s (-2.1%) | V 0.460 en 40.4s FORZ | -1.0$
════════════════════════════════════════════════════════════
🔔 2026-08-20 12:31:39 | ORDEN | COMPRA VERTICAL SPY P L=766/S=764 x1 débito<=0.80
════════════════════════════════════════════════════════════
2026-08-20 12:31:43 | DATA   | cadena 20260820: 14 contratos (ITM+OTM C/P) capturados y cancelados (spot 765.75)
════════════════════════════════════════════════════════════
🔔 2026-08-20 12:32:11 | RIESGO | BAG no cerró (2 pata/s viva/s) — cierre por patas al MID
════════════════════════════════════════════════════════════
════════════════════════════════════════════════════════════
🔔 2026-08-20 12:32:11 | ORDEN | CIERRE MERCADO SPY P 764 x1
════════════════════════════════════════════════════════════
════════════════════════════════════════════════════════════
🔔 2026-08-20 12:32:19 | ORDEN | CIERRE MERCADO SPY P 766 x1
════════════════════════════════════════════════════════════
  12:31:36 P a2 mny +0 -> C 0.800 en  0.5s (+3.9%) | V 0.730 en 40.4s FORZ | -7.0$
