2026-08-20 10:39:26 | DATA   | IBKR conectando a 127.0.0.1:4002 clientId=34
════════════════════════════════════════════════════════════
🔔 2026-08-20 10:39:26 | IBKR | IBKR conectado (paper 4002)
════════════════════════════════════════════════════════════
BARRIDO EXHAUSTIVO | paciencia 20s | 60 combinaciones/pasada | saldo 532.66


═══ PASADA 1 — 10:39 ═══
2026-08-20 10:39:31 | DATA   | cadena 20260820: 98 contratos (ITM+OTM C/P) capturados y cancelados (spot 766.74)
2026-08-20 10:39:39 | DATA   | cadena 20260820: 98 contratos (ITM+OTM C/P) capturados y cancelados (spot 766.74)
════════════════════════════════════════════════════════════
🔔 2026-08-20 10:39:42 | ORDEN | COMPRA VERTICAL SPY P L=762/S=760 x1 débito<=0.07
════════════════════════════════════════════════════════════
  10:39:39 P a2 mny -5 -> NO_LLENA    (mid 0.070, spr 28.6%)
════════════════════════════════════════════════════════════
🔔 2026-08-20 10:40:04 | ORDEN | COMPRA VERTICAL SPY P L=762/S=759 x1 débito<=0.09
════════════════════════════════════════════════════════════
  10:40:04 P a3 mny -5 -> NO_LLENA    (mid 0.090, spr 22.2%)
════════════════════════════════════════════════════════════
🔔 2026-08-20 10:40:26 | ORDEN | COMPRA VERTICAL SPY P L=762/S=758 x1 débito<=0.10
════════════════════════════════════════════════════════════
  10:40:26 P a4 mny -5 -> NO_LLENA    (mid 0.100, spr 20.0%)
════════════════════════════════════════════════════════════
🔔 2026-08-20 10:40:48 | ORDEN | COMPRA VERTICAL SPY P L=764/S=762 x1 débito<=0.20
════════════════════════════════════════════════════════════
  10:40:48 P a2 mny -3 -> NO_LLENA    (mid 0.200, spr 10.0%)
════════════════════════════════════════════════════════════
🔔 2026-08-20 10:41:10 | ORDEN | COMPRA VERTICAL SPY P L=764/S=761 x1 débito<=0.24
════════════════════════════════════════════════════════════
  10:41:09 P a3 mny -3 -> NO_LLENA    (mid 0.240, spr 8.3%)
════════════════════════════════════════════════════════════
🔔 2026-08-20 10:41:32 | ORDEN | COMPRA VERTICAL SPY P L=764/S=760 x1 débito<=0.27
════════════════════════════════════════════════════════════
  10:41:32 P a4 mny -3 -> NO_LLENA    (mid 0.270, spr 7.4%)
2026-08-20 10:41:59 | DATA   | cadena 20260820: 98 contratos (ITM+OTM C/P) capturados y cancelados (spot 766.95)
2026-08-20 10:42:06 | DATA   | cadena 20260820: 98 contratos (ITM+OTM C/P) capturados y cancelados (spot 766.95)
2026-08-20 10:42:16 | DATA   | cadena 20260820: 98 contratos (ITM+OTM C/P) capturados y cancelados (spot 766.57)
════════════════════════════════════════════════════════════
🔔 2026-08-20 10:42:19 | ORDEN | COMPRA VERTICAL SPY C L=768/S=771 x1 débito<=0.57
════════════════════════════════════════════════════════════
2026-08-20 10:42:27 | DATA   | cadena 20260820: 14 contratos (ITM+OTM C/P) capturados y cancelados (spot 766.57)
════════════════════════════════════════════════════════════
🔔 2026-08-20 10:43:08 | RIESGO | BAG no cerró (2 pata/s viva/s) — cierre por patas al MID
════════════════════════════════════════════════════════════
════════════════════════════════════════════════════════════
🔔 2026-08-20 10:43:08 | ORDEN | CIERRE MERCADO SPY C 771 x1
════════════════════════════════════════════════════════════
════════════════════════════════════════════════════════════
🔔 2026-08-20 10:43:16 | ORDEN | CIERRE MERCADO SPY C 768 x1
════════════════════════════════════════════════════════════
  10:42:16 C a3 mny -1 -> C 0.550 en  3.0s (-3.5%) | V 0.640 en 56.5s FORZ | 9.0$
════════════════════════════════════════════════════════════
🔔 2026-08-20 10:43:24 | ORDEN | COMPRA VERTICAL SPY P L=766/S=763 x1 débito<=0.60
════════════════════════════════════════════════════════════
2026-08-20 10:43:31 | DATA   | cadena 20260820: 14 contratos (ITM+OTM C/P) capturados y cancelados (spot 766.57)
════════════════════════════════════════════════════════════
🔔 2026-08-20 10:44:13 | RIESGO | BAG no cerró (2 pata/s viva/s) — cierre por patas al MID
════════════════════════════════════════════════════════════
════════════════════════════════════════════════════════════
🔔 2026-08-20 10:44:13 | ORDEN | CIERRE MERCADO SPY P 763 x1
════════════════════════════════════════════════════════════
════════════════════════════════════════════════════════════
🔔 2026-08-20 10:44:21 | ORDEN | CIERRE MERCADO SPY P 766 x1
════════════════════════════════════════════════════════════
  10:43:24 P a3 mny -1 -> C 0.520 en  3.1s (-13.3%) | V 0.490 en 56.6s FORZ | -3.0$
════════════════════════════════════════════════════════════
🔔 2026-08-20 10:44:29 | ORDEN | COMPRA VERTICAL SPY C L=768/S=772 x1 débito<=0.60
════════════════════════════════════════════════════════════
  10:44:29 C a4 mny -1 -> NO_LLENA    (mid 0.600, spr 3.3%)
════════════════════════════════════════════════════════════
🔔 2026-08-20 10:44:51 | ORDEN | COMPRA VERTICAL SPY P L=766/S=762 x1 débito<=0.68
════════════════════════════════════════════════════════════
2026-08-20 10:44:59 | DATA   | cadena 20260820: 14 contratos (ITM+OTM C/P) capturados y cancelados (spot 766.57)
════════════════════════════════════════════════════════════
🔔 2026-08-20 10:45:41 | RIESGO | BAG no cerró (2 pata/s viva/s) — cierre por patas al MID
════════════════════════════════════════════════════════════
════════════════════════════════════════════════════════════
🔔 2026-08-20 10:45:41 | ORDEN | CIERRE MERCADO SPY P 762 x1
════════════════════════════════════════════════════════════
════════════════════════════════════════════════════════════
🔔 2026-08-20 10:45:49 | ORDEN | CIERRE MERCADO SPY P 766 x1
════════════════════════════════════════════════════════════
  10:44:51 P a4 mny -1 -> C 0.590 en  4.5s (-13.2%) | V 0.530 en 56.6s FORZ | -6.0$
════════════════════════════════════════════════════════════
🔔 2026-08-20 10:45:57 | ORDEN | COMPRA VERTICAL SPY C L=767/S=769 x1 débito<=0.76
════════════════════════════════════════════════════════════
  10:45:57 C a2 mny +0 -> NO_LLENA    (mid 0.760, spr 2.6%)
════════════════════════════════════════════════════════════
🔔 2026-08-20 10:46:19 | ORDEN | COMPRA VERTICAL SPY P L=767/S=765 x1 débito<=0.68
════════════════════════════════════════════════════════════
2026-08-20 10:46:24 | DATA   | cadena 20260820: 14 contratos (ITM+OTM C/P) capturados y cancelados (spot 766.57)
════════════════════════════════════════════════════════════
🔔 2026-08-20 10:47:05 | RIESGO | BAG no cerró (2 pata/s viva/s) — cierre por patas al MID
════════════════════════════════════════════════════════════
════════════════════════════════════════════════════════════
🔔 2026-08-20 10:47:07 | ORDEN | CIERRE MERCADO SPY P 765 x1
════════════════════════════════════════════════════════════
════════════════════════════════════════════════════════════
🔔 2026-08-20 10:47:15 | ORDEN | CIERRE MERCADO SPY P 767 x1
════════════════════════════════════════════════════════════
  10:46:19 P a2 mny +0 -> C 0.620 en  1.0s (-8.8%) | V 0.600 en 58.1s FORZ | -2.0$
2026-08-20 10:47:28 | DATA   | cadena 20260820: 98 contratos (ITM+OTM C/P) capturados y cancelados (spot 767.47)
2026-08-20 10:47:35 | DATA   | cadena 20260820: 98 contratos (ITM+OTM C/P) capturados y cancelados (spot 767.47)
2026-08-20 10:47:43 | DATA   | cadena 20260820: 98 contratos (ITM+OTM C/P) capturados y cancelados (spot 767.47)
2026-08-20 10:47:50 | DATA   | cadena 20260820: 98 contratos (ITM+OTM C/P) capturados y cancelados (spot 767.47)
2026-08-20 10:47:58 | DATA   | cadena 20260820: 98 contratos (ITM+OTM C/P) capturados y cancelados (spot 767.47)
2026-08-20 10:48:05 | DATA   | cadena 20260820: 98 contratos (ITM+OTM C/P) capturados y cancelados (spot 767.47)
════════════════════════════════════════════════════════════
🔔 2026-08-20 10:48:09 | ORDEN | COMPRA VERTICAL SPY P L=768/S=766 x1 débito<=0.91
════════════════════════════════════════════════════════════
  10:48:05 P a2 mny +1 -> NO_LLENA    (mid 0.910, spr 2.2%)
════════════════════════════════════════════════════════════
🔔 2026-08-20 10:48:31 | ORDEN | COMPRA VERTICAL SPY C L=766/S=769 x1 débito<=1.41
════════════════════════════════════════════════════════════
2026-08-20 10:48:36 | DATA   | cadena 20260820: 14 contratos (ITM+OTM C/P) capturados y cancelados (spot 767.47)
════════════════════════════════════════════════════════════
🔔 2026-08-20 10:49:17 | RIESGO | BAG no cerró (2 pata/s viva/s) — cierre por patas al MID
════════════════════════════════════════════════════════════
════════════════════════════════════════════════════════════
🔔 2026-08-20 10:49:17 | ORDEN | CIERRE MERCADO SPY C 769 x1
════════════════════════════════════════════════════════════
════════════════════════════════════════════════════════════
🔔 2026-08-20 10:49:25 | ORDEN | CIERRE MERCADO SPY C 766 x1
════════════════════════════════════════════════════════════
  10:48:31 C a3 mny +1 -> C 1.370 en  0.5s (-2.8%) | V 1.250 en 56.6s FORZ | -12.0$
════════════════════════════════════════════════════════════
🔔 2026-08-20 10:49:33 | ORDEN | COMPRA VERTICAL SPY P L=768/S=765 x1 débito<=1.18
════════════════════════════════════════════════════════════
  10:49:33 P a3 mny +1 -> NO_LLENA    (mid 1.180, spr 1.7%)
════════════════════════════════════════════════════════════
🔔 2026-08-20 10:49:55 | ORDEN | COMPRA VERTICAL SPY C L=766/S=770 x1 débito<=1.59
════════════════════════════════════════════════════════════
2026-08-20 10:50:00 | DATA   | cadena 20260820: 14 contratos (ITM+OTM C/P) capturados y cancelados (spot 767.47)
════════════════════════════════════════════════════════════
🔔 2026-08-20 10:50:41 | RIESGO | BAG no cerró (2 pata/s viva/s) — cierre por patas al MID
════════════════════════════════════════════════════════════
════════════════════════════════════════════════════════════
🔔 2026-08-20 10:50:41 | ORDEN | CIERRE MERCADO SPY C 770 x1
════════════════════════════════════════════════════════════
════════════════════════════════════════════════════════════
🔔 2026-08-20 10:50:49 | ORDEN | CIERRE MERCADO SPY C 766 x1
════════════════════════════════════════════════════════════
  10:49:55 C a4 mny +1 -> C 1.490 en  1.0s (-6.3%) | V 1.460 en 56.5s FORZ | -3.0$
════════════════════════════════════════════════════════════
🔔 2026-08-20 10:50:57 | ORDEN | COMPRA VERTICAL SPY P L=768/S=764 x1 débito<=1.35
════════════════════════════════════════════════════════════
  10:50:57 P a4 mny +1 -> NO_LLENA    (mid 1.350, spr 1.5%)
════════════════════════════════════════════════════════════
🔔 2026-08-20 10:51:19 | ORDEN | COMPRA VERTICAL SPY C L=765/S=767 x1 débito<=1.35
════════════════════════════════════════════════════════════
2026-08-20 10:51:26 | DATA   | cadena 20260820: 14 contratos (ITM+OTM C/P) capturados y cancelados (spot 767.47)
════════════════════════════════════════════════════════════
🔔 2026-08-20 10:52:07 | RIESGO | BAG no cerró (2 pata/s viva/s) — cierre por patas al MID
════════════════════════════════════════════════════════════
════════════════════════════════════════════════════════════
🔔 2026-08-20 10:52:07 | ORDEN | CIERRE MERCADO SPY C 767 x1
════════════════════════════════════════════════════════════
════════════════════════════════════════════════════════════
🔔 2026-08-20 10:52:15 | ORDEN | CIERRE MERCADO SPY C 765 x1
════════════════════════════════════════════════════════════
  10:51:19 C a2 mny +2 -> C 1.310 en  3.6s (-3.0%) | V 1.300 en 57.1s FORZ | -1.0$
2026-08-20 10:52:29 | DATA   | cadena 20260820: 98 contratos (ITM+OTM C/P) capturados y cancelados (spot 766.92)
2026-08-20 10:52:36 | DATA   | cadena 20260820: 98 contratos (ITM+OTM C/P) capturados y cancelados (spot 766.92)
════════════════════════════════════════════════════════════
🔔 2026-08-20 10:52:39 | ORDEN | COMPRA VERTICAL SPY C L=765/S=768 x1 débito<=1.80
════════════════════════════════════════════════════════════
2026-08-20 10:52:43 | DATA   | cadena 20260820: 14 contratos (ITM+OTM C/P) capturados y cancelados (spot 766.92)
════════════════════════════════════════════════════════════
🔔 2026-08-20 10:53:24 | RIESGO | BAG no cerró (2 pata/s viva/s) — cierre por patas al MID
════════════════════════════════════════════════════════════
════════════════════════════════════════════════════════════
🔔 2026-08-20 10:53:25 | ORDEN | CIERRE MERCADO SPY C 768 x1
════════════════════════════════════════════════════════════
════════════════════════════════════════════════════════════
🔔 2026-08-20 10:53:33 | ORDEN | CIERRE MERCADO SPY C 765 x1
════════════════════════════════════════════════════════════
  10:52:36 C a3 mny +2 -> C 1.800 en  0.5s (+0.3%) | V 1.940 en 56.5s FORZ | 14.0$
════════════════════════════════════════════════════════════
🔔 2026-08-20 10:53:41 | ORDEN | COMPRA VERTICAL SPY P L=769/S=766 x1 débito<=1.63
════════════════════════════════════════════════════════════
2026-08-20 10:53:50 | DATA   | cadena 20260820: 14 contratos (ITM+OTM C/P) capturados y cancelados (spot 766.92)
════════════════════════════════════════════════════════════
🔔 2026-08-20 10:54:31 | RIESGO | BAG no cerró (2 pata/s viva/s) — cierre por patas al MID
════════════════════════════════════════════════════════════
════════════════════════════════════════════════════════════
🔔 2026-08-20 10:54:31 | ORDEN | CIERRE MERCADO SPY P 766 x1
════════════════════════════════════════════════════════════
════════════════════════════════════════════════════════════
🔔 2026-08-20 10:54:39 | ORDEN | CIERRE MERCADO SPY P 769 x1
════════════════════════════════════════════════════════════
  10:53:41 P a3 mny +2 -> C 1.570 en  6.1s (-3.7%) | V 1.790 en 56.6s FORZ | 22.0$
════════════════════════════════════════════════════════════
🔔 2026-08-20 10:54:48 | ORDEN | COMPRA VERTICAL SPY C L=765/S=769 x1 débito<=2.09
════════════════════════════════════════════════════════════
2026-08-20 10:54:55 | DATA   | cadena 20260820: 14 contratos (ITM+OTM C/P) capturados y cancelados (spot 766.92)
════════════════════════════════════════════════════════════
🔔 2026-08-20 10:55:37 | RIESGO | BAG no cerró (2 pata/s viva/s) — cierre por patas al MID
════════════════════════════════════════════════════════════
════════════════════════════════════════════════════════════
🔔 2026-08-20 10:55:37 | ORDEN | CIERRE MERCADO SPY C 769 x1
════════════════════════════════════════════════════════════
════════════════════════════════════════════════════════════
🔔 2026-08-20 10:55:45 | ORDEN | CIERRE MERCADO SPY C 765 x1
════════════════════════════════════════════════════════════
  10:54:47 C a4 mny +2 -> C 2.060 en  3.0s (-1.7%) | V 2.020 en 56.6s FORZ | -4.0$
