2026-08-20 09:53:00 | DATA   | IBKR conectando a 127.0.0.1:4002 clientId=34
════════════════════════════════════════════════════════════
🔔 2026-08-20 09:53:01 | IBKR | IBKR conectado (paper 4002)
════════════════════════════════════════════════════════════
SONDEO CON PACIENCIA | ronda cada 12 min | espera al mid 60 s | saldo 554.70

── RONDA 09:53 ──
  (canceladas 1 órdenes vivas antes de la ronda)
2026-08-20 09:53:11 | DATA   | cadena 20260820: 90 contratos (ITM+OTM C/P) capturados y cancelados (spot 766.57)
  09:53:11 niv600 a3 m+0.6 mny +0.57  mid 1.275 (bid 1.26/ask 1.29, spread 2.4%)
════════════════════════════════════════════════════════════
🔔 2026-08-20 09:53:14 | ORDEN | COMPRA VERTICAL SPY C L=766/S=769 x1 débito<=1.28
════════════════════════════════════════════════════════════
     compra: LLENA a 1.280 en 41.5s (+0.4% vs mid)
2026-08-20 09:54:00 | DATA   | cadena 20260820: 14 contratos (ITM+OTM C/P) capturados y cancelados (spot 766.57)
════════════════════════════════════════════════════════════
🔔 2026-08-20 09:55:03 | RIESGO | BAG no cerró (4 pata/s viva/s) — cierre por patas al MID
════════════════════════════════════════════════════════════
════════════════════════════════════════════════════════════
🔔 2026-08-20 09:55:03 | ORDEN | CIERRE MERCADO SPY C 768 x1
════════════════════════════════════════════════════════════
════════════════════════════════════════════════════════════
🔔 2026-08-20 09:55:11 | ORDEN | CIERRE MERCADO SPY C 769 x1
════════════════════════════════════════════════════════════
════════════════════════════════════════════════════════════
🔔 2026-08-20 09:55:19 | ORDEN | CIERRE MERCADO SPY C 764 x1
════════════════════════════════════════════════════════════
════════════════════════════════════════════════════════════
🔔 2026-08-20 09:55:28 | ORDEN | CIERRE MERCADO SPY C 766 x1
════════════════════════════════════════════════════════════
     venta:  FORZADO a ? en 60.8s (mid 1.280) [FORZADO A MERCADO]
  09:55:38 niv600 a3 m+1.4 mny +1.43  mid 1.355 (bid 1.34/ask 1.37, spread 2.2%)
════════════════════════════════════════════════════════════
🔔 2026-08-20 09:55:38 | ORDEN | COMPRA VERTICAL SPY P L=768/S=765 x1 débito<=1.36
════════════════════════════════════════════════════════════
     compra: LLENA a 1.170 en 3.0s (-13.7% vs mid)
2026-08-20 09:55:46 | DATA   | cadena 20260820: 14 contratos (ITM+OTM C/P) capturados y cancelados (spot 766.57)
════════════════════════════════════════════════════════════
🔔 2026-08-20 09:56:49 | RIESGO | BAG no cerró (2 pata/s viva/s) — cierre por patas al MID
════════════════════════════════════════════════════════════
════════════════════════════════════════════════════════════
🔔 2026-08-20 09:56:49 | ORDEN | CIERRE MERCADO SPY P 765 x1
════════════════════════════════════════════════════════════
════════════════════════════════════════════════════════════
🔔 2026-08-20 09:56:57 | ORDEN | CIERRE MERCADO SPY P 768 x1
════════════════════════════════════════════════════════════
     venta:  FORZADO a 1.390 en 60.6s (mid 1.140) [FORZADO A MERCADO]
  09:57:07 niv1000 a3 m+1.6 mny +1.57  mid 1.640 (bid 1.62/ask 1.66, spread 2.4%)
════════════════════════════════════════════════════════════
🔔 2026-08-20 09:57:08 | ORDEN | COMPRA VERTICAL SPY C L=765/S=768 x1 débito<=1.64
════════════════════════════════════════════════════════════
     compra: LLENA a 1.640 en 6.1s (-0.0% vs mid)
2026-08-20 09:57:19 | DATA   | cadena 20260820: 14 contratos (ITM+OTM C/P) capturados y cancelados (spot 766.57)
════════════════════════════════════════════════════════════
🔔 2026-08-20 09:58:22 | RIESGO | BAG no cerró (2 pata/s viva/s) — cierre por patas al MID
════════════════════════════════════════════════════════════
════════════════════════════════════════════════════════════
🔔 2026-08-20 09:58:22 | ORDEN | CIERRE MERCADO SPY C 768 x1
════════════════════════════════════════════════════════════
════════════════════════════════════════════════════════════
🔔 2026-08-20 09:58:30 | ORDEN | CIERRE MERCADO SPY C 765 x1
════════════════════════════════════════════════════════════
     venta:  FORZADO a 1.560 en 60.6s (mid 1.645) [FORZADO A MERCADO]
  09:58:40 niv1500 a4 m+2.6 mny +2.57  mid 2.400 (bid 2.38/ask 2.42, spread 1.7%)
════════════════════════════════════════════════════════════
🔔 2026-08-20 09:58:40 | ORDEN | COMPRA VERTICAL SPY C L=764/S=768 x1 débito<=2.40
════════════════════════════════════════════════════════════
     compra: LLENA a 2.380 en 5.1s (-0.8% vs mid)
2026-08-20 09:58:50 | DATA   | cadena 20260820: 14 contratos (ITM+OTM C/P) capturados y cancelados (spot 766.57)
════════════════════════════════════════════════════════════
🔔 2026-08-20 09:59:52 | RIESGO | BAG no cerró (2 pata/s viva/s) — cierre por patas al MID
════════════════════════════════════════════════════════════
════════════════════════════════════════════════════════════
🔔 2026-08-20 09:59:53 | ORDEN | CIERRE MERCADO SPY C 768 x1
════════════════════════════════════════════════════════════
════════════════════════════════════════════════════════════
🔔 2026-08-20 10:00:01 | ORDEN | CIERRE MERCADO SPY C 764 x1
════════════════════════════════════════════════════════════
     venta:  FORZADO a 2.480 en 60.7s (mid 2.350) [FORZADO A MERCADO]
  10:00:11 niv1500 a4 m+1.4 mny +1.43  mid 1.605 (bid 1.59/ask 1.62, spread 1.9%)
════════════════════════════════════════════════════════════
🔔 2026-08-20 10:00:11 | ORDEN | COMPRA VERTICAL SPY P L=768/S=764 x1 débito<=1.61
════════════════════════════════════════════════════════════
     compra: LLENA a 1.470 en 11.7s (-8.4% vs mid)
2026-08-20 10:00:27 | DATA   | cadena 20260820: 14 contratos (ITM+OTM C/P) capturados y cancelados (spot 766.57)
════════════════════════════════════════════════════════════
🔔 2026-08-20 10:01:30 | RIESGO | BAG no cerró (2 pata/s viva/s) — cierre por patas al MID
════════════════════════════════════════════════════════════
════════════════════════════════════════════════════════════
🔔 2026-08-20 10:01:30 | ORDEN | CIERRE MERCADO SPY P 764 x1
════════════════════════════════════════════════════════════
════════════════════════════════════════════════════════════
🔔 2026-08-20 10:01:38 | ORDEN | CIERRE MERCADO SPY P 768 x1
════════════════════════════════════════════════════════════
     venta:  FORZADO a 1.460 en 60.6s (mid 1.420) [FORZADO A MERCADO]
  10:01:49 niv3600 a4 m+21.6 mny +21.57  mid 3.500 (bid 2.21/ask 4.79, spread 73.7%)
════════════════════════════════════════════════════════════
🔔 2026-08-20 10:01:49 | ORDEN | COMPRA VERTICAL SPY C L=745/S=749 x1 débito<=3.50
════════════════════════════════════════════════════════════
     compra: NO_LLENA en 60.6s 
