2026-08-20 10:57:39 | DATA   | IBKR conectando a 127.0.0.1:4002 clientId=35
════════════════════════════════════════════════════════════
🔔 2026-08-20 10:57:42 | IBKR | IBKR conectado (paper 4002)
════════════════════════════════════════════════════════════
2026-08-20 10:57:44 | DATA   | IBKR desconectado
2026-08-20 11:02:44 | DATA   | IBKR conectando a 127.0.0.1:4002 clientId=35
════════════════════════════════════════════════════════════
🔔 2026-08-20 11:02:44 | IBKR | IBKR conectado (paper 4002)
════════════════════════════════════════════════════════════
2026-08-20 11:02:45 | DATA   | IBKR desconectado
2026-08-20 11:07:45 | DATA   | IBKR conectando a 127.0.0.1:4002 clientId=35
════════════════════════════════════════════════════════════
🔔 2026-08-20 11:07:45 | IBKR | IBKR conectado (paper 4002)
════════════════════════════════════════════════════════════
2026-08-20 11:07:45 | DATA   | IBKR desconectado
2026-08-20 11:12:45 | DATA   | IBKR conectando a 127.0.0.1:4002 clientId=35
════════════════════════════════════════════════════════════
🔔 2026-08-20 11:12:45 | IBKR | IBKR conectado (paper 4002)
════════════════════════════════════════════════════════════
2026-08-20 11:12:45 | DATA   | IBKR desconectado
2026-08-20 11:17:45 | DATA   | IBKR conectando a 127.0.0.1:4002 clientId=35
════════════════════════════════════════════════════════════
🔔 2026-08-20 11:17:49 | IBKR | IBKR conectado (paper 4002)
════════════════════════════════════════════════════════════
2026-08-20 11:17:51 | DATA   | IBKR desconectado
2026-08-20 11:22:51 | DATA   | IBKR conectando a 127.0.0.1:4002 clientId=35
════════════════════════════════════════════════════════════
🔔 2026-08-20 11:22:52 | IBKR | IBKR conectado (paper 4002)
════════════════════════════════════════════════════════════
2026-08-20 11:22:54 | DATA   | IBKR desconectado
2026-08-20 11:27:54 | DATA   | IBKR conectando a 127.0.0.1:4002 clientId=35
════════════════════════════════════════════════════════════
🔔 2026-08-20 11:27:55 | IBKR | IBKR conectado (paper 4002)
════════════════════════════════════════════════════════════
2026-08-20 11:27:55 | DATA   | IBKR desconectado
2026-08-20 11:32:55 | DATA   | IBKR conectando a 127.0.0.1:4002 clientId=35
════════════════════════════════════════════════════════════
🔔 2026-08-20 11:32:57 | IBKR | IBKR conectado (paper 4002)
════════════════════════════════════════════════════════════
2026-08-20 11:33:00 | DATA   | IBKR desconectado
2026-08-20 11:38:00 | DATA   | IBKR conectando a 127.0.0.1:4002 clientId=35
════════════════════════════════════════════════════════════
🔔 2026-08-20 11:38:00 | IBKR | IBKR conectado (paper 4002)
════════════════════════════════════════════════════════════
2026-08-20 11:38:01 | DATA   | IBKR desconectado
2026-08-20 11:43:01 | DATA   | IBKR conectando a 127.0.0.1:4002 clientId=35
════════════════════════════════════════════════════════════
🔔 2026-08-20 11:43:01 | IBKR | IBKR conectado (paper 4002)
════════════════════════════════════════════════════════════
2026-08-20 11:43:01 | DATA   | IBKR desconectado
2026-08-20 11:48:01 | DATA   | IBKR conectando a 127.0.0.1:4002 clientId=35
════════════════════════════════════════════════════════════
🔔 2026-08-20 11:48:01 | IBKR | IBKR conectado (paper 4002)
════════════════════════════════════════════════════════════
2026-08-20 11:48:01 | DATA   | IBKR desconectado
2026-08-20 11:53:01 | DATA   | IBKR conectando a 127.0.0.1:4002 clientId=35
════════════════════════════════════════════════════════════
🔔 2026-08-20 11:53:02 | IBKR | IBKR conectado (paper 4002)
════════════════════════════════════════════════════════════
2026-08-20 11:53:04 | DATA   | IBKR desconectado
2026-08-20 11:58:04 | DATA   | IBKR conectando a 127.0.0.1:4002 clientId=35
════════════════════════════════════════════════════════════
🔔 2026-08-20 11:58:06 | IBKR | IBKR conectado (paper 4002)
════════════════════════════════════════════════════════════
2026-08-20 11:58:08 | DATA   | IBKR desconectado
2026-08-20 12:03:08 | DATA   | IBKR conectando a 127.0.0.1:4002 clientId=35
════════════════════════════════════════════════════════════
🔔 2026-08-20 12:03:11 | IBKR | IBKR conectado (paper 4002)
════════════════════════════════════════════════════════════
2026-08-20 12:03:12 | DATA   | IBKR desconectado
2026-08-20 12:08:12 | DATA   | IBKR conectando a 127.0.0.1:4002 clientId=35
════════════════════════════════════════════════════════════
🔔 2026-08-20 12:08:19 | IBKR | IBKR conectado (paper 4002)
════════════════════════════════════════════════════════════
2026-08-20 12:08:21 | DATA   | IBKR desconectado
2026-08-20 12:13:21 | DATA   | IBKR conectando a 127.0.0.1:4002 clientId=35
════════════════════════════════════════════════════════════
🔔 2026-08-20 12:13:21 | IBKR | IBKR conectado (paper 4002)
════════════════════════════════════════════════════════════
2026-08-20 12:13:21 | DATA   | IBKR desconectado
2026-08-20 12:18:21 | DATA   | IBKR conectando a 127.0.0.1:4002 clientId=35
════════════════════════════════════════════════════════════
🔔 2026-08-20 12:18:22 | IBKR | IBKR conectado (paper 4002)
════════════════════════════════════════════════════════════
2026-08-20 12:18:22 | DATA   | IBKR desconectado
2026-08-20 12:23:22 | DATA   | IBKR conectando a 127.0.0.1:4002 clientId=35
════════════════════════════════════════════════════════════
🔔 2026-08-20 12:23:22 | IBKR | IBKR conectado (paper 4002)
════════════════════════════════════════════════════════════
2026-08-20 12:23:22 | DATA   | IBKR desconectado
2026-08-20 12:28:22 | DATA   | IBKR conectando a 127.0.0.1:4002 clientId=35
════════════════════════════════════════════════════════════
🔔 2026-08-20 12:28:23 | IBKR | IBKR conectado (paper 4002)
════════════════════════════════════════════════════════════
2026-08-20 12:28:23 | DATA   | IBKR desconectado
2026-08-20 12:33:23 | DATA   | IBKR conectando a 127.0.0.1:4002 clientId=35
════════════════════════════════════════════════════════════
🔔 2026-08-20 12:33:26 | IBKR | IBKR conectado (paper 4002)
════════════════════════════════════════════════════════════
2026-08-20 12:33:28 | DATA   | IBKR desconectado
2026-08-20 12:38:28 | DATA   | IBKR conectando a 127.0.0.1:4002 clientId=35
════════════════════════════════════════════════════════════
🔔 2026-08-20 12:38:28 | IBKR | IBKR conectado (paper 4002)
════════════════════════════════════════════════════════════
2026-08-20 12:38:29 | DATA   | IBKR desconectado
2026-08-20 12:43:29 | DATA   | IBKR conectando a 127.0.0.1:4002 clientId=35
════════════════════════════════════════════════════════════
🔔 2026-08-20 12:43:29 | IBKR | IBKR conectado (paper 4002)
════════════════════════════════════════════════════════════
2026-08-20 12:43:30 | DATA   | IBKR desconectado
*** SALDO BAJO: 330.39$ (umbral 350) — HAY QUE RECARGAR ***
